Archive member included to satisfy reference by file (symbol)

C:/devkitPro/libogc/lib/wii\libwiiuse.a(wpad.o)
                              main.o (WPAD_Init)
C:/devkitPro/libogc/lib/wii\libwiiuse.a(motion_plus.o)
                              C:/devkitPro/libogc/lib/wii\libwiiuse.a(wpad.o) (wiiuse_set_motion_plus)
C:/devkitPro/libogc/lib/wii\libwiiuse.a(dynamics.o)
                              C:/devkitPro/libogc/lib/wii\libwiiuse.a(wpad.o) (calculate_gforce)
C:/devkitPro/libogc/lib/wii\libwiiuse.a(io.o)
                              C:/devkitPro/libogc/lib/wii\libwiiuse.a(motion_plus.o) (wiiuse_disable_expansion)
C:/devkitPro/libogc/lib/wii\libwiiuse.a(io_wii.o)
                              C:/devkitPro/libogc/lib/wii\libwiiuse.a(wpad.o) (__wiiuse_sensorbar_enable)
C:/devkitPro/libogc/lib/wii\libwiiuse.a(ir.o)
                              C:/devkitPro/libogc/lib/wii\libwiiuse.a(motion_plus.o) (wiiuse_set_ir_mode)
C:/devkitPro/libogc/lib/wii\libwiiuse.a(nunchuk.o)
                              C:/devkitPro/libogc/lib/wii\libwiiuse.a(io.o) (nunchuk_handshake)
C:/devkitPro/libogc/lib/wii\libwiiuse.a(wiiboard.o)
                              C:/devkitPro/libogc/lib/wii\libwiiuse.a(io.o) (wii_board_handshake)
C:/devkitPro/libogc/lib/wii\libwiiuse.a(wiiuse.o)
                              C:/devkitPro/libogc/lib/wii\libwiiuse.a(wpad.o) (wiiuse_init)
C:/devkitPro/libogc/lib/wii\libwiiuse.a(speaker.o)
                              C:/devkitPro/libogc/lib/wii\libwiiuse.a(wpad.o) (wencdata)
C:/devkitPro/libogc/lib/wii\libwiiuse.a(classic.o)
                              C:/devkitPro/libogc/lib/wii\libwiiuse.a(io.o) (classic_ctrl_handshake)
C:/devkitPro/libogc/lib/wii\libwiiuse.a(events.o)
                              C:/devkitPro/libogc/lib/wii\libwiiuse.a(io_wii.o) (parse_event)
C:/devkitPro/libogc/lib/wii\libwiiuse.a(guitar_hero_3.o)
                              C:/devkitPro/libogc/lib/wii\libwiiuse.a(io.o) (guitar_hero_3_handshake)
C:/devkitPro/libogc/lib/wii\libbte.a(bte.o)
                              C:/devkitPro/libogc/lib/wii\libwiiuse.a(wpad.o) (BTE_Init)
C:/devkitPro/libogc/lib/wii\libbte.a(hci.o)
                              C:/devkitPro/libogc/lib/wii\libbte.a(bte.o) (hci_init)
C:/devkitPro/libogc/lib/wii\libbte.a(l2cap.o)
                              C:/devkitPro/libogc/lib/wii\libbte.a(bte.o) (l2cap_init)
C:/devkitPro/libogc/lib/wii\libbte.a(btmemb.o)
                              C:/devkitPro/libogc/lib/wii\libbte.a(bte.o) (btmemb_init)
C:/devkitPro/libogc/lib/wii\libbte.a(btmemr.o)
                              C:/devkitPro/libogc/lib/wii\libbte.a(hci.o) (btmemr_init)
C:/devkitPro/libogc/lib/wii\libbte.a(btpbuf.o)
                              C:/devkitPro/libogc/lib/wii\libbte.a(hci.o) (btpbuf_init)
C:/devkitPro/libogc/lib/wii\libbte.a(physbusif.o)
                              C:/devkitPro/libogc/lib/wii\libbte.a(bte.o) (physbusif_init)
C:/devkitPro/libogc/lib/wii\libogc.a(console.o)
                              main.o (CON_Init)
C:/devkitPro/libogc/lib/wii\libogc.a(lwp_queue.o)
                              C:/devkitPro/libogc/lib/wii\libwiiuse.a(io_wii.o) (__lwp_queue_initialize)
C:/devkitPro/libogc/lib/wii\libogc.a(lwp_threads.o)
                              C:/devkitPro/libogc/lib/wii\libwiiuse.a(wpad.o) (_thread_dispatch_disable_level)
C:/devkitPro/libogc/lib/wii\libogc.a(lwp.o)
                              C:/devkitPro/libogc/lib/wii\libbte.a(bte.o) (LWP_InitQueue)
C:/devkitPro/libogc/lib/wii\libogc.a(lwp_handler.o)
                              C:/devkitPro/libogc/lib/wii\libogc.a(lwp_threads.o) (_cpu_context_save_fp)
C:/devkitPro/libogc/lib/wii\libogc.a(lwp_stack.o)
                              C:/devkitPro/libogc/lib/wii\libogc.a(lwp_threads.o) (__lwp_stack_allocate)
C:/devkitPro/libogc/lib/wii\libogc.a(lwp_watchdog.o)
                              C:/devkitPro/libogc/lib/wii\libogc.a(lwp_threads.o) (_wd_ticks_queue)
C:/devkitPro/libogc/lib/wii\libogc.a(lwp_wkspace.o)
                              C:/devkitPro/libogc/lib/wii\libwiiuse.a(motion_plus.o) (__wkspace_heap)
C:/devkitPro/libogc/lib/wii\libogc.a(lwp_objmgr.o)
                              C:/devkitPro/libogc/lib/wii\libogc.a(lwp.o) (__lwp_objmgr_initinfo)
C:/devkitPro/libogc/lib/wii\libogc.a(lwp_heap.o)
                              C:/devkitPro/libogc/lib/wii\libogc.a(lwp_wkspace.o) (__lwp_heap_init)
C:/devkitPro/libogc/lib/wii\libogc.a(sys_state.o)
                              C:/devkitPro/libogc/lib/wii\libogc.a(lwp_threads.o) (_sys_state_curr)
C:/devkitPro/libogc/lib/wii\libogc.a(irq.o)
                              C:/devkitPro/libogc/lib/wii\libwiiuse.a(io_wii.o) (IRQ_Disable)
C:/devkitPro/libogc/lib/wii\libogc.a(video.o)
                              C:/devkitPro/libogc/lib/wii\libogc.a(console.o) (VIDEO_GetCurrentFramebuffer)
C:/devkitPro/libogc/lib/wii\libogc.a(system.o)
                              C:/devkitPro/libogc/lib/wii\libwiiuse.a(wpad.o) (__SYS_DoPowerCB)
[...]
Memory Configuration

Name             Origin             Length             Attributes
*default*        0x00000000         0xffffffff

Linker script and memory map

                0x00003400                        . = 0x3400

.stub
 *(.stub)
                0x80004000                        . = 0x80004000

.init           0x80004000      0x194
 *crt0.o(*.init)
 .init          0x80004000      0x170 C:/devkitPro/libogc/lib/wii\libogc.a(ogc_crt0.o)
                0x80004000                _start
                0x80004140                _memset
 *(.init)
 .init          0x80004170        0xc C:/devkitPro/devkitPPC/bin/../lib/gcc/powerpc-eabi/13.2.0/ecrti.o
                0x80004170                __init
 .init          0x8000417c        0x4 C:/devkitPro/devkitPPC/bin/../lib/gcc/powerpc-eabi/13.2.0/crtbegin.o
 .init          0x80004180        0x4 C:/devkitPro/devkitPPC/bin/../lib/gcc/powerpc-eabi/13.2.0/crtend.o
 .init          0x80004184       0x10 C:/devkitPro/devkitPPC/bin/../lib/gcc/powerpc-eabi/13.2.0/ecrtn.o

.rela.dyn       0x80004194        0x0
 .rela.iplt     0x80004194        0x0 C:/devkitPro/devkitPPC/bin/../lib/gcc/powerpc-eabi/13.2.0/crtbegin.o

.plt
 *(.plt)

.interp
 *(.interp)

.hash
 *(.hash)

.dynsym
 *(.dynsym)

.dynstr
 *(.dynstr)

.gnu.version
 *(.gnu.version)

.gnu.version_d
 *(.gnu.version_d)

.gnu.version_r
 *(.gnu.version_r)

.rel.init
 *(.rel.init)

.rela.init
 *(.rela.init)

.rel.text
 *(.rel.text .rel.text.* .rel.gnu.linkonce.t.*)

.rela.text      0x80004194        0x0
 *(.rela.text .rela.text.* .rela.gnu.linkonce.t.*)
 .rela.text.__do_global_dtors_aux
                0x80004194        0x0 C:/devkitPro/devkitPPC/bin/../lib/gcc/powerpc-eabi/13.2.0/crtbegin.o
 .rela.text.frame_dummy
                0x80004194        0x0 C:/devkitPro/devkitPPC/bin/../lib/gcc/powerpc-eabi/13.2.0/crtbegin.o

.rel.fini
 *(.rel.fini)

.rela.fini
 *(.rela.fini)

.rel.rodata
 *(.rel.rodata .rel.rodata.* .rel.gnu.linkonce.r.*)

.rela.rodata
 *(.rela.rodata .rela.rodata.* .rela.gnu.linkonce.r.*)

.rel.data
 *(.rel.data .rel.data.* .rel.gnu.linkonce.d.*)

.rela.data
 *(.rela.data .rela.data.* .rela.gnu.linkonce.d.*)

.rel.tdata
 *(.rel.tdata .rel.tdata.* .rel.gnu.linkonce.td.*)

.rela.tdata
 *(.rela.tdata .rela.tdata.* .rela.gnu.linkonce.td.*)

.rel.tbss
 *(.rel.tbss .rel.tbss.* .rel.gnu.linkonce.tb.*)

.rela.tbss
 *(.rela.tbss .rela.tbss.* .rela.gnu.linkonce.tb.*)

.rel.ctors
 *(.rel.ctors)

.rela.ctors
 *(.rela.ctors)

.rel.dtors
 *(.rel.dtors)

.rela.dtors
 *(.rela.dtors)

.rel.got
 *(.rel.got)

.rela.got
 *(.rela.got)

.rela.got1
 *(.rela.got1)

.rela.got2
 *(.rela.got2)

.rel.sdata
 *(.rel.sdata .rel.sdata.* .rel.gnu.linkonce.s.*)

.rela.sdata
 *(.rela.sdata .rela.sdata.* .rela.gnu.linkonce.s.*)

.rel.sbss
 *(.rel.sbss .rel.sbss.* .rel.gnu.linkonce.sb.*)

.rela.sbss
 *(.rela.sbss .rela.sbss.* .rel.gnu.linkonce.sb.*)

.rel.sdata2
 *(.rel.sdata2 .rel.sdata2.* .rel.gnu.linkonce.s2.*)

.rela.sdata2
 *(.rela.sdata2 .rela.sdata2.* .rela.gnu.linkonce.s2.*)

.rel.sbss2
 *(.rel.sbss2 .rel.sbss2.* .rel.gnu.linkonce.sb2.*)

.rela.sbss2
 *(.rela.sbss2 .rela.sbss2.* .rela.gnu.linkonce.sb2.*)

.rel.bss
 *(.rel.bss .rel.bss.* .rel.gnu.linkonce.b.*)

.rela.bss
 *(.rela.bss .rela.bss.* .rela.gnu.linkonce.b.*)

.rel.plt
 *(.rel.plt)

.rela.plt
 *(.rela.plt)

.text           0x800041a0    0x396c0
 *(.text)
 .text          0x800041a0      0x44c C:/devkitPro/libogc/lib/wii\libogc.a(lwp_handler.o)
                0x800041a0                _cpu_context_save_fp
                0x800042e0                _cpu_context_restore_fp
                0x80004420                _cpu_context_switch
                0x80004500                _cpu_context_save
                0x80004580                _cpu_context_restore
 .text          0x800045ec      0x4a0 C:/devkitPro/libogc/lib/wii\libogc.a(system_asm.o)
                0x800045ec                __realmode
                0x80004604                __configBATS
                0x80004734                __InitFPRS
                0x80004860                __InitPS
                0x800048bc                __InitCache
                0x80004914                __InitSystem
                0x8000499c                __flush_cache
                0x800049d0                __reset
                0x80004a40                __InitBATS
                0x80004a5c                SYS_SwitchFiber
 .text          0x80004a8c      0x1ac C:/devkitPro/libogc/lib/wii\libogc.a(irq_handler.o)
                0x80004a8c                irq_exceptionhandler
 .text          0x80004c38      0x4f4 C:/devkitPro/libogc/lib/wii\libogc.a(cache_asm.o)
                0x80004c38                DCFlashInvalidate
                0x80004c4c                DCEnable
                0x80004c60                DCDisable
                0x80004c74                DCFreeze
                0x80004c88                DCUnfreeze
                0x80004c9c                DCTouchLoad
                0x80004ca4                DCBlockZero
                0x80004cac                DCBlockStore
                0x80004cb4                DCBlockFlush
                0x80004cbc                DCBlockInvalidate
                0x80004cc4                DCInvalidateRange
                0x80004cf4                DCFlushRange
                0x80004d28                DCStoreRange
                0x80004d5c                DCFlushRangeNoSync
                0x80004d8c                DCStoreRangeNoSync
                0x80004dbc                DCZeroRange
                0x80004dec                DCTouchRange
                0x80004e1c                ICInvalidateRange
                0x80004e54                ICFlashInvalidate
                0x80004e68                ICEnable
                0x80004e7c                ICDisable
                0x80004e90                ICFreeze
                0x80004ea4                ICUnfreeze
                0x80004eb8                ICBlockInvalidate
                0x80004ec0                ICSync
                0x80004ec8                L2Init
                0x80004f10                L2Enable
                0x80004f2c                L2Disable
                0x80004f44                L2GlobalInvalidate
                0x80004f9c                __LCEnable
                0x80005068                LCDisable
                0x80005090                LCAllocOneTag
                0x800050a4                LCAllocTags
                0x800050e4                LCLoadBlocks
                0x80005108                LCStoreBlocks
 .text          0x8000512c      0x1ac C:/devkitPro/libogc/lib/wii\libogc.a(decrementer_handler.o)
                0x8000512c                dec_exceptionhandler
 .text          0x800052d8      0x35c C:/devkitPro/libogc/lib/wii\libogc.a(exception_handler.o)
                0x800052d8                exceptionhandler_start
                0x80005354                exceptionhandler_patch
                0x80005388                exceptionhandler_end
                0x8000538c                default_exceptionhandler
                0x800054bc                fpu_exceptionhandler
                0x80005604                systemcallhandler_start
                0x80005630                systemcallhandler_end
 .text          0x80005634       0x48 C:/devkitPro/devkitPPC/bin/../lib/gcc/powerpc-eabi/13.2.0\libgcc.a(eabi.o)
                0x80005634                __eabi
 .text          0x8000567c       0x58 C:/devkitPro/devkitPPC/bin/../lib/gcc/powerpc-eabi/13.2.0\libgcc.a(crtresxfpr.o)
                0x8000567c                _restfpr_14_x
                0x80005680                _restfpr_15_x
                0x80005684                _restfpr_16_x
                0x80005688                _restfpr_17_x
                0x8000568c                _restfpr_18_x
                0x80005690                _restfpr_19_x
                0x80005694                _restfpr_20_x
                0x80005698                _restfpr_21_x
                0x8000569c                _restfpr_22_x
                0x800056a0                _restfpr_23_x
                0x800056a4                _restfpr_24_x
                0x800056a8                _restfpr_25_x
                0x800056ac                _restfpr_26_x
                0x800056b0                _restfpr_27_x
                0x800056b4                _restfpr_28_x
                0x800056b8                _restfpr_29_x
                0x800056bc                _restfpr_30_x
                0x800056c0                _restfpr_31_x
 .text          0x800056d4       0x58 C:/devkitPro/devkitPPC/bin/../lib/gcc/powerpc-eabi/13.2.0\libgcc.a(crtresxgpr.o)
                0x800056d4                _restgpr_14_x
                0x800056d8                _restgpr_15_x
                0x800056dc                _restgpr_16_x
                0x800056e0                _restgpr_17_x
                0x800056e4                _restgpr_18_x
                0x800056e8                _restgpr_19_x
                0x800056ec                _restgpr_20_x
                0x800056f0                _restgpr_21_x
                0x800056f4                _restgpr_22_x
                0x800056f8                _restgpr_23_x
                0x800056fc                _restgpr_24_x
                0x80005700                _restgpr_25_x
                0x80005704                _restgpr_26_x
                0x80005708                _restgpr_27_x
                0x8000570c                _restgpr_28_x
                0x80005710                _restgpr_29_x
                0x80005714                _restgpr_30_x
                0x80005718                _restgpr_31_x
 *(.text.*)
 .text.__do_global_dtors_aux
                0x8000572c       0xcc C:/devkitPro/devkitPPC/bin/../lib/gcc/powerpc-eabi/13.2.0/crtbegin.o
 .text.frame_dummy
                0x800057f8       0x24 C:/devkitPro/devkitPPC/bin/../lib/gcc/powerpc-eabi/13.2.0/crtbegin.o
 .text.__crtmain
                0x8000581c       0x44 C:/devkitPro/devkitPPC/bin/../lib/gcc/powerpc-eabi/13.2.0/../../../../powerpc-eabi/lib/crtmain.o
                0x80005820                __crtmain
 .text.startup.main
                0x80005860      0x148 main.o
                0x80005860                main
 .text.__wpad_assign_slot
                0x800059a8      0x254 C:/devkitPro/libogc/lib/wii\libwiiuse.a(wpad.o)
                0x800059a8                __wpad_assign_slot
 .text.__wpad_def_powcb
                0x80005bfc        0x4 C:/devkitPro/libogc/lib/wii\libwiiuse.a(wpad.o)
 .text.__readlinkkey_finished
                0x80005c00       0x34 C:/devkitPro/libogc/lib/wii\libwiiuse.a(wpad.o)
 .text.__wpad_patch_finished
                0x80005c34       0x2c C:/devkitPro/libogc/lib/wii\libwiiuse.a(wpad.o)
 .text.__wpad_setfmt
                0x80005c60      0x14c C:/devkitPro/libogc/lib/wii\libwiiuse.a(wpad.o)
 .text.__wpad_eventCB
                0x80005dac      0xad4 C:/devkitPro/libogc/lib/wii\libwiiuse.a(wpad.o)
 .text.__wpad_disconnectCB
                0x80006880       0xd4 C:/devkitPro/libogc/lib/wii\libwiiuse.a(wpad.o)
                0x80006880                __wpad_disconnectCB
 .text.__wpad_timeouthandler
                0x80006954       0xa8 C:/devkitPro/libogc/lib/wii\libwiiuse.a(wpad.o)
 .text.__initcore_finished
                0x800069fc       0x48 C:/devkitPro/libogc/lib/wii\libwiiuse.a(wpad.o)
 .text.__wpad_init_finished
                0x80006a44      0x194 C:/devkitPro/libogc/lib/wii\libwiiuse.a(wpad.o)
 .text.WPAD_ReadEvent
                0x80006bd8      0x68c C:/devkitPro/libogc/lib/wii\libwiiuse.a(wpad.o)
                0x80006bd8                WPAD_ReadEvent
 .text.WPAD_ReadPending
                0x80007264      0x1a0 C:/devkitPro/libogc/lib/wii\libwiiuse.a(wpad.o)
                0x80007264                WPAD_ReadPending
 .text.WPAD_Shutdown
                0x80007404      0x114 C:/devkitPro/libogc/lib/wii\libwiiuse.a(wpad.o)
                0x80007404                WPAD_Shutdown
 .text.WPAD_Init
                0x80007518      0x2c4 C:/devkitPro/libogc/lib/wii\libwiiuse.a(wpad.o)
                0x80007518                WPAD_Init
 .text.__wpad_onreset
                0x800077dc       0x34 C:/devkitPro/libogc/lib/wii\libwiiuse.a(wpad.o)
 .text.WPAD_ScanPads
                0x80007810       0x90 C:/devkitPro/libogc/lib/wii\libwiiuse.a(wpad.o)
                0x80007810                WPAD_ScanPads
 .text.WPAD_ButtonsDown
                0x800078a0       0x28 C:/devkitPro/libogc/lib/wii\libwiiuse.a(wpad.o)
                0x800078a0                WPAD_ButtonsDown
 .text.motion_plus_disconnected
                0x800078c8       0x10 C:/devkitPro/libogc/lib/wii\libwiiuse.a(motion_plus.o)
                0x800078c8                motion_plus_disconnected
 .text.motion_plus_event
                0x800078d8       0x64 C:/devkitPro/libogc/lib/wii\libwiiuse.a(motion_plus.o)
                0x800078d8                motion_plus_event
 .text.calculate_gforce
                0x8000793c      0x114 C:/devkitPro/libogc/lib/wii\libwiiuse.a(dynamics.o)
                0x8000793c                calculate_gforce
 .text.calc_joystick_state
                0x80007a50      0x210 C:/devkitPro/libogc/lib/wii\libwiiuse.a(dynamics.o)
                0x80007a50                calc_joystick_state
 .text.apply_smoothing
                0x80007c60      0x140 C:/devkitPro/libogc/lib/wii\libwiiuse.a(dynamics.o)
                0x80007c60                apply_smoothing
 .text.calculate_orientation
                0x80007da0      0x340 C:/devkitPro/libogc/lib/wii\libwiiuse.a(dynamics.o)
                0x80007da0                calculate_orientation
 .text.calc_balanceboard_state
                0x800080e0      0x3a4 C:/devkitPro/libogc/lib/wii\libwiiuse.a(dynamics.o)
                0x800080e0                calc_balanceboard_state
 .text.wiiuse_handshake
                0x80008484      0x27c C:/devkitPro/libogc/lib/wii\libwiiuse.a(io.o)
                0x80008484                wiiuse_handshake
 .text.wiiuse_handshake_expansion
                0x80008700      0x1f0 C:/devkitPro/libogc/lib/wii\libwiiuse.a(io.o)
                0x80008700                wiiuse_handshake_expansion
 .text.wiiuse_handshake_expansion_start
                0x800088f0       0x5c C:/devkitPro/libogc/lib/wii\libwiiuse.a(io.o)
                0x800088f0                wiiuse_handshake_expansion_start
 .text.wiiuse_disable_expansion
                0x8000894c      0x1b0 C:/devkitPro/libogc/lib/wii\libwiiuse.a(io.o)
                0x8000894c                wiiuse_disable_expansion
 .text.__wiiuse_connected
                0x80008afc       0x9c C:/devkitPro/libogc/lib/wii\libwiiuse.a(io_wii.o)
 .text.__wiiuse_disconnected
                0x80008b98       0xb4 C:/devkitPro/libogc/lib/wii\libwiiuse.a(io_wii.o)
 .text.__wiiuse_receive
                0x80008c4c       0xd0 C:/devkitPro/libogc/lib/wii\libwiiuse.a(io_wii.o)
 .text.__wiiuse_sensorbar_enable
                0x80008d1c       0x54 C:/devkitPro/libogc/lib/wii\libwiiuse.a(io_wii.o)
                0x80008d1c                __wiiuse_sensorbar_enable
 .text.wiiuse_register
                0x80008d70       0xf0 C:/devkitPro/libogc/lib/wii\libwiiuse.a(io_wii.o)
                0x80008d70                wiiuse_register
 .text.wiiuse_disconnect
                0x80008e60       0x24 C:/devkitPro/libogc/lib/wii\libwiiuse.a(io_wii.o)
                0x80008e60                wiiuse_disconnect
 .text.wiiuse_init_cmd_queue
                0x80008e84       0x9c C:/devkitPro/libogc/lib/wii\libwiiuse.a(io_wii.o)
                0x80008e84                wiiuse_init_cmd_queue
 .text.wiiuse_io_write
                0x80008f20       0x1c C:/devkitPro/libogc/lib/wii\libwiiuse.a(io_wii.o)
                0x80008f20                wiiuse_io_write
 .text.rotate_dots
                0x80008f3c      0x13c C:/devkitPro/libogc/lib/wii\libwiiuse.a(ir.o)
 .text.get_ir_sens.constprop.0.isra.0
                0x80009078       0xdc C:/devkitPro/libogc/lib/wii\libwiiuse.a(ir.o)
 .text.wiiuse_set_ir_mode
                0x80009154       0x5c C:/devkitPro/libogc/lib/wii\libwiiuse.a(ir.o)
                0x80009154                wiiuse_set_ir_mode
 .text.wiiuse_set_ir
                0x800091b0      0x204 C:/devkitPro/libogc/lib/wii\libwiiuse.a(ir.o)
                0x800091b0                wiiuse_set_ir
 .text.wiiuse_set_ir_position
                0x800093b4       0x80 C:/devkitPro/libogc/lib/wii\libwiiuse.a(ir.o)
                0x800093b4                wiiuse_set_ir_position
 .text.wiiuse_set_aspect_ratio
                0x80009434       0xac C:/devkitPro/libogc/lib/wii\libwiiuse.a(ir.o)
                0x80009434                wiiuse_set_aspect_ratio
 .text.wiiuse_set_ir_sensitivity
                0x800094e0       0xe4 C:/devkitPro/libogc/lib/wii\libwiiuse.a(ir.o)
                0x800094e0                wiiuse_set_ir_sensitivity
 .text.calculate_basic_ir
                0x800095c4       0xe8 C:/devkitPro/libogc/lib/wii\libwiiuse.a(ir.o)
                0x800095c4                calculate_basic_ir
 .text.calculate_extended_ir
                0x800096ac       0x64 C:/devkitPro/libogc/lib/wii\libwiiuse.a(ir.o)
                0x800096ac                calculate_extended_ir
 .text.find_sensorbar
                0x80009710      0xa00 C:/devkitPro/libogc/lib/wii\libwiiuse.a(ir.o)
                0x80009710                find_sensorbar
 .text.apply_ir_smoothing
                0x8000a110      0x124 C:/devkitPro/libogc/lib/wii\libwiiuse.a(ir.o)
                0x8000a110                apply_ir_smoothing
 .text.interpret_ir_data
                0x8000a234      0x3c8 C:/devkitPro/libogc/lib/wii\libwiiuse.a(ir.o)
                0x8000a234                interpret_ir_data
 .text.nunchuk_handshake
                0x8000a5fc      0x31c C:/devkitPro/libogc/lib/wii\libwiiuse.a(nunchuk.o)
                0x8000a5fc                nunchuk_handshake
 .text.nunchuk_disconnected
                0x8000a918        0xc C:/devkitPro/libogc/lib/wii\libwiiuse.a(nunchuk.o)
                0x8000a918                nunchuk_disconnected
 .text.nunchuk_event
                0x8000a924       0xe8 C:/devkitPro/libogc/lib/wii\libwiiuse.a(nunchuk.o)
                0x8000a924                nunchuk_event
 .text.wii_board_handshake
                0x8000aa0c      0x284 C:/devkitPro/libogc/lib/wii\libwiiuse.a(wiiboard.o)
                0x8000aa0c                wii_board_handshake
 .text.wii_board_disconnected
                0x8000ac90        0xc C:/devkitPro/libogc/lib/wii\libwiiuse.a(wiiboard.o)
                0x8000ac90                wii_board_disconnected
 .text.wii_board_event
                0x8000ac9c       0x24 C:/devkitPro/libogc/lib/wii\libwiiuse.a(wiiboard.o)
                0x8000ac9c                wii_board_event
 .text.wiiuse_send_next_command
                0x8000acc0       0x58 C:/devkitPro/libogc/lib/wii\libwiiuse.a(wiiuse.o)
                0x8000acc0                wiiuse_send_next_command
 .text.wiiuse_init
                0x8000ad18      0x208 C:/devkitPro/libogc/lib/wii\libwiiuse.a(wiiuse.o)
                0x8000ad18                wiiuse_init
 .text.wiiuse_set_flags
                0x8000af20       0x28 C:/devkitPro/libogc/lib/wii\libwiiuse.a(wiiuse.o)
                0x8000af20                wiiuse_set_flags
 .text.wiiuse_read_data
                0x8000af48      0x154 C:/devkitPro/libogc/lib/wii\libwiiuse.a(wiiuse.o)
                0x8000af48                wiiuse_read_data
 .text.wiiuse_write_data
                0x8000b09c      0x18c C:/devkitPro/libogc/lib/wii\libwiiuse.a(wiiuse.o)
                0x8000b09c                wiiuse_write_data
 .text.wiiuse_sendcmd
                0x8000b228      0x144 C:/devkitPro/libogc/lib/wii\libwiiuse.a(wiiuse.o)
                0x8000b228                wiiuse_sendcmd
 .text.wiiuse_set_leds
                0x8000b36c       0x50 C:/devkitPro/libogc/lib/wii\libwiiuse.a(wiiuse.o)
                0x8000b36c                wiiuse_set_leds
 .text.wiiuse_set_report_type
                0x8000b3bc       0xb0 C:/devkitPro/libogc/lib/wii\libwiiuse.a(wiiuse.o)
                0x8000b3bc                wiiuse_set_report_type
 .text.wiiuse_status
                0x8000b46c       0x4c C:/devkitPro/libogc/lib/wii\libwiiuse.a(wiiuse.o)
                0x8000b46c                wiiuse_status
 .text.wiiuse_motion_sensing
                0x8000b4b8       0x84 C:/devkitPro/libogc/lib/wii\libwiiuse.a(wiiuse.o)
                0x8000b4b8                wiiuse_motion_sensing
 .text.wiiuse_set_speaker
                0x8000b53c      0x24c C:/devkitPro/libogc/lib/wii\libwiiuse.a(speaker.o)
                0x8000b53c                wiiuse_set_speaker
 .text.classic_ctrl_handshake
                0x8000b788      0x410 C:/devkitPro/libogc/lib/wii\libwiiuse.a(classic.o)
                0x8000b788                classic_ctrl_handshake
 .text.classic_ctrl_disconnected
                0x8000bb98        0xc C:/devkitPro/libogc/lib/wii\libwiiuse.a(classic.o)
                0x8000bb98                classic_ctrl_disconnected
 .text.classic_ctrl_event
                0x8000bba4      0x15c C:/devkitPro/libogc/lib/wii\libwiiuse.a(classic.o)
                0x8000bba4                classic_ctrl_event
 .text.handle_expansion
                0x8000bd00       0x54 C:/devkitPro/libogc/lib/wii\libwiiuse.a(events.o)
 .text.parse_event
                0x8000bd54      0x730 C:/devkitPro/libogc/lib/wii\libwiiuse.a(events.o)
                0x8000bd54                parse_event
 .text.guitar_hero_3_handshake
                0x8000c484       0x5c C:/devkitPro/libogc/lib/wii\libwiiuse.a(guitar_hero_3.o)
                0x8000c484                guitar_hero_3_handshake
 .text.guitar_hero_3_disconnected
                0x8000c4e0        0xc C:/devkitPro/libogc/lib/wii\libwiiuse.a(guitar_hero_3.o)
                0x8000c4e0                guitar_hero_3_disconnected
 .text.guitar_hero_3_event
                0x8000c4ec       0x60 C:/devkitPro/libogc/lib/wii\libwiiuse.a(guitar_hero_3.o)
                0x8000c4ec                guitar_hero_3_event
 .text.acl_wlp_completed
                0x8000c54c        0x8 C:/devkitPro/libogc/lib/wii\libbte.a(bte.o)
                0x8000c54c                acl_wlp_completed
 .text.bt_alarmhandler
                0x8000c554       0x58 C:/devkitPro/libogc/lib/wii\libbte.a(bte.o)
 .text.__bte_send_pending_request
                0x8000c5ac      0x108 C:/devkitPro/libogc/lib/wii\libbte.a(bte.o)
 .text.acl_conn_complete
                0x8000c6b4       0x2c C:/devkitPro/libogc/lib/wii\libbte.a(bte.o)
                0x8000c6b4                acl_conn_complete
 .text.l2cap_accepted
                0x8000c6e0      0x134 C:/devkitPro/libogc/lib/wii\libbte.a(bte.o)
                0x8000c6e0                l2cap_accepted
 .text.l2cap_disconnect_cfm
                0x8000c814      0x19c C:/devkitPro/libogc/lib/wii\libbte.a(bte.o)
                0x8000c814                l2cap_disconnect_cfm
 .text.bte_process_input
                0x8000c9b0      0x128 C:/devkitPro/libogc/lib/wii\libbte.a(bte.o)
 .text.l2cap_disconnected_ind
                0x8000cad8      0x1a4 C:/devkitPro/libogc/lib/wii\libbte.a(bte.o)
                0x8000cad8                l2cap_disconnected_ind
 .text.__bte_shutdown_finished
                0x8000cc7c       0xe0 C:/devkitPro/libogc/lib/wii\libbte.a(bte.o)
 .text.bte_hci_apply_patch_complete
                0x8000cd5c      0x164 C:/devkitPro/libogc/lib/wii\libbte.a(bte.o)
                0x8000cd5c                bte_hci_apply_patch_complete
 .text.bte_hci_patch_complete
                0x8000cec0      0x380 C:/devkitPro/libogc/lib/wii\libbte.a(bte.o)
                0x8000cec0                bte_hci_patch_complete
 .text.bte_hci_initcore_complete
                0x8000d240      0x280 C:/devkitPro/libogc/lib/wii\libbte.a(bte.o)
                0x8000d240                bte_hci_initcore_complete
 .text.bte_read_stored_link_key_complete
                0x8000d4c0      0x27c C:/devkitPro/libogc/lib/wii\libbte.a(bte.o)
                0x8000d4c0                bte_read_stored_link_key_complete
 .text.bte_hci_initcore_complete2
                0x8000d73c      0x22c C:/devkitPro/libogc/lib/wii\libbte.a(bte.o)
 .text.bte_hci_initsub_complete
                0x8000d968      0x280 C:/devkitPro/libogc/lib/wii\libbte.a(bte.o)
                0x8000d968                bte_hci_initsub_complete
 .text.BTE_Init
                0x8000dbe8      0x138 C:/devkitPro/libogc/lib/wii\libbte.a(bte.o)
                0x8000dbe8                BTE_Init
 .text.BTE_Shutdown
                0x8000dd20      0x100 C:/devkitPro/libogc/lib/wii\libbte.a(bte.o)
                0x8000dd20                BTE_Shutdown
 .text.BTE_InitCore
                0x8000de20       0x8c C:/devkitPro/libogc/lib/wii\libbte.a(bte.o)
                0x8000de20                BTE_InitCore
 .text.BTE_ApplyPatch
                0x8000deac       0xa4 C:/devkitPro/libogc/lib/wii\libbte.a(bte.o)
                0x8000deac                BTE_ApplyPatch
 .text.BTE_InitSub
                0x8000df50       0x90 C:/devkitPro/libogc/lib/wii\libbte.a(bte.o)
                0x8000df50                BTE_InitSub
 .text.BTE_ReadStoredLinkKey
                0x8000dfe0       0x90 C:/devkitPro/libogc/lib/wii\libbte.a(bte.o)
                0x8000dfe0                BTE_ReadStoredLinkKey
 .text.BTE_SetDisconnectCallback
                0x8000e070        0x4 C:/devkitPro/libogc/lib/wii\libbte.a(bte.o)
                0x8000e070                BTE_SetDisconnectCallback
 .text.bte_new  0x8000e074       0x54 C:/devkitPro/libogc/lib/wii\libbte.a(bte.o)
                0x8000e074                bte_new
 .text.bte_registerdeviceasync
                0x8000e0c8      0x158 C:/devkitPro/libogc/lib/wii\libbte.a(bte.o)
                0x8000e0c8                bte_registerdeviceasync
 .text.bte_disconnect
                0x8000e220       0xd8 C:/devkitPro/libogc/lib/wii\libbte.a(bte.o)
                0x8000e220                bte_disconnect
 .text.bte_senddata
                0x8000e2f8      0x104 C:/devkitPro/libogc/lib/wii\libbte.a(bte.o)
                0x8000e2f8                bte_senddata
 .text.bte_arg  0x8000e3fc       0x38 C:/devkitPro/libogc/lib/wii\libbte.a(bte.o)
                0x8000e3fc                bte_arg
 .text.bte_received
                0x8000e434       0x38 C:/devkitPro/libogc/lib/wii\libbte.a(bte.o)
                0x8000e434                bte_received
 .text.bte_disconnected
                0x8000e46c       0x38 C:/devkitPro/libogc/lib/wii\libbte.a(bte.o)
                0x8000e46c                bte_disconnected
 .text.hci_get_link
                0x8000e4a4       0x84 C:/devkitPro/libogc/lib/wii\libbte.a(hci.o)
 .text.hci_init
                0x8000e528       0x80 C:/devkitPro/libogc/lib/wii\libbte.a(hci.o)
                0x8000e528                hci_init
 .text.hci_close
                0x8000e5a8       0xd0 C:/devkitPro/libogc/lib/wii\libbte.a(hci.o)
                0x8000e5a8                hci_close
 .text.hci_reset_all
                0x8000e678       0xb8 C:/devkitPro/libogc/lib/wii\libbte.a(hci.o)
                0x8000e678                hci_reset_all
 .text.hci_arg  0x8000e730        0xc C:/devkitPro/libogc/lib/wii\libbte.a(hci.o)
                0x8000e730                hci_arg
 .text.hci_cmd_complete
                0x8000e73c        0xc C:/devkitPro/libogc/lib/wii\libbte.a(hci.o)
                0x8000e73c                hci_cmd_complete
 .text.hci_connection_complete
                0x8000e748        0xc C:/devkitPro/libogc/lib/wii\libbte.a(hci.o)
                0x8000e748                hci_connection_complete
 .text.hci_wlp_complete
                0x8000e754        0xc C:/devkitPro/libogc/lib/wii\libbte.a(hci.o)
                0x8000e754                hci_wlp_complete
 .text.hci_reset
                0x8000e760       0xac C:/devkitPro/libogc/lib/wii\libbte.a(hci.o)
                0x8000e760                hci_reset
 .text.hci_read_buffer_size
                0x8000e80c       0xac C:/devkitPro/libogc/lib/wii\libbte.a(hci.o)
                0x8000e80c                hci_read_buffer_size
 .text.hci_read_bd_addr
                0x8000e8b8       0xac C:/devkitPro/libogc/lib/wii\libbte.a(hci.o)
                0x8000e8b8                hci_read_bd_addr
 .text.hci_read_local_version
                0x8000e964       0xa8 C:/devkitPro/libogc/lib/wii\libbte.a(hci.o)
                0x8000e964                hci_read_local_version
 .text.hci_read_local_features
                0x8000ea0c       0xac C:/devkitPro/libogc/lib/wii\libbte.a(hci.o)
                0x8000ea0c                hci_read_local_features
 .text.hci_read_stored_link_key
                0x8000eab8      0x100 C:/devkitPro/libogc/lib/wii\libbte.a(hci.o)
                0x8000eab8                hci_read_stored_link_key
 .text.hci_write_page_timeout
                0x8000ebb8       0xd0 C:/devkitPro/libogc/lib/wii\libbte.a(hci.o)
                0x8000ebb8                hci_write_page_timeout
 .text.hci_write_scan_enable
                0x8000ec88       0xbc C:/devkitPro/libogc/lib/wii\libbte.a(hci.o)
                0x8000ec88                hci_write_scan_enable
 .text.hci_accecpt_conn_request
                0x8000ed44       0xe0 C:/devkitPro/libogc/lib/wii\libbte.a(hci.o)
                0x8000ed44                hci_accecpt_conn_request
 .text.hci_write_local_name
                0x8000ee24       0xd8 C:/devkitPro/libogc/lib/wii\libbte.a(hci.o)
                0x8000ee24                hci_write_local_name
 .text.hci_write_pin_type
                0x8000eefc       0xbc C:/devkitPro/libogc/lib/wii\libbte.a(hci.o)
                0x8000eefc                hci_write_pin_type
 .text.hci_write_inquiry_mode
                0x8000efb8       0xbc C:/devkitPro/libogc/lib/wii\libbte.a(hci.o)
                0x8000efb8                hci_write_inquiry_mode
 .text.hci_write_page_scan_type
                0x8000f074       0xbc C:/devkitPro/libogc/lib/wii\libbte.a(hci.o)
                0x8000f074                hci_write_page_scan_type
 .text.hci_write_inquiry_scan_type
                0x8000f130       0xbc C:/devkitPro/libogc/lib/wii\libbte.a(hci.o)
                0x8000f130                hci_write_inquiry_scan_type
 .text.hci_vendor_specific_command
                0x8000f1ec       0xe8 C:/devkitPro/libogc/lib/wii\libbte.a(hci.o)
                0x8000f1ec                hci_vendor_specific_command
 .text.hci_write_link_policy_settings
                0x8000f2d4      0x104 C:/devkitPro/libogc/lib/wii\libbte.a(hci.o)
                0x8000f2d4                hci_write_link_policy_settings
 .text.hci_pin_code_request_neg_reply
                0x8000f3d8       0xcc C:/devkitPro/libogc/lib/wii\libbte.a(hci.o)
                0x8000f3d8                hci_pin_code_request_neg_reply
 .text.hci_link_key_req_neg_reply
                0x8000f4a4       0xcc C:/devkitPro/libogc/lib/wii\libbte.a(hci.o)
                0x8000f4a4                hci_link_key_req_neg_reply
 .text.hci_disconnect
                0x8000f570       0xfc C:/devkitPro/libogc/lib/wii\libbte.a(hci.o)
                0x8000f570                hci_disconnect
 .text.hci_write_cod
                0x8000f66c       0xcc C:/devkitPro/libogc/lib/wii\libbte.a(hci.o)
                0x8000f66c                hci_write_cod
 .text.hci_host_buffer_size
                0x8000f738      0x10c C:/devkitPro/libogc/lib/wii\libbte.a(hci.o)
                0x8000f738                hci_host_buffer_size
 .text.hci_host_num_comp_packets
                0x8000f844      0x108 C:/devkitPro/libogc/lib/wii\libbte.a(hci.o)
                0x8000f844                hci_host_num_comp_packets
 .text.lp_pdu_maxsize
                0x8000f94c        0xc C:/devkitPro/libogc/lib/wii\libbte.a(hci.o)
                0x8000f94c                lp_pdu_maxsize
 .text.lp_acl_write
                0x8000f958      0x158 C:/devkitPro/libogc/lib/wii\libbte.a(hci.o)
                0x8000f958                lp_acl_write
 .text.lp_write_flush_timeout
                0x8000fab0      0x104 C:/devkitPro/libogc/lib/wii\libbte.a(hci.o)
                0x8000fab0                lp_write_flush_timeout
 .text.hci_event_handler
                0x8000fbb4      0xc7c C:/devkitPro/libogc/lib/wii\libbte.a(hci.o)
                0x8000fbb4                hci_event_handler
 .text.hci_acldata_handler
                0x80010830      0x11c C:/devkitPro/libogc/lib/wii\libbte.a(hci.o)
                0x80010830                hci_acldata_handler
 .text.l2cap_init
                0x8001094c       0x60 C:/devkitPro/libogc/lib/wii\libbte.a(l2cap.o)
                0x8001094c                l2cap_init
 .text.l2cap_write
                0x800109ac      0x1a0 C:/devkitPro/libogc/lib/wii\libbte.a(l2cap.o)
                0x800109ac                l2cap_write
 .text.l2cap_new
                0x80010b4c       0x60 C:/devkitPro/libogc/lib/wii\libbte.a(l2cap.o)
                0x80010b4c                l2cap_new
 .text.l2cap_close
                0x80010bac      0x1d4 C:/devkitPro/libogc/lib/wii\libbte.a(l2cap.o)
                0x80010bac                l2cap_close
 .text.l2cap_reset_all
                0x80010d80      0x154 C:/devkitPro/libogc/lib/wii\libbte.a(l2cap.o)
                0x80010d80                l2cap_reset_all
 .text.l2cap_signal
                0x80010ed4      0x204 C:/devkitPro/libogc/lib/wii\libbte.a(l2cap.o)
                0x80010ed4                l2cap_signal
 .text.l2ca_config_req
                0x800110d8      0x158 C:/devkitPro/libogc/lib/wii\libbte.a(l2cap.o)
                0x800110d8                l2ca_config_req
 .text.l2ca_disconnect_req
                0x80011230       0xcc C:/devkitPro/libogc/lib/wii\libbte.a(l2cap.o)
                0x80011230                l2ca_disconnect_req
 .text.l2cap_tmr
                0x800112fc      0x260 C:/devkitPro/libogc/lib/wii\libbte.a(l2cap.o)
                0x800112fc                l2cap_tmr
 .text.l2cap_process_sig
                0x8001155c     0x1334 C:/devkitPro/libogc/lib/wii\libbte.a(l2cap.o)
                0x8001155c                l2cap_process_sig
 .text.l2cap_input
                0x80012890      0x578 C:/devkitPro/libogc/lib/wii\libbte.a(l2cap.o)
                0x80012890                l2cap_input
 .text.l2ca_datawrite
                0x80012e08      0x128 C:/devkitPro/libogc/lib/wii\libbte.a(l2cap.o)
                0x80012e08                l2ca_datawrite
 .text.lp_connect_cfm
                0x80012f30      0x184 C:/devkitPro/libogc/lib/wii\libbte.a(l2cap.o)
                0x80012f30                lp_connect_cfm
 .text.lp_connect_ind
                0x800130b4        0x4 C:/devkitPro/libogc/lib/wii\libbte.a(l2cap.o)
                0x800130b4                lp_connect_ind
 .text.lp_disconnect_ind
                0x800130b8      0x124 C:/devkitPro/libogc/lib/wii\libbte.a(l2cap.o)
                0x800130b8                lp_disconnect_ind
 .text.l2cap_disconnect_bb
                0x800131dc       0x10 C:/devkitPro/libogc/lib/wii\libbte.a(l2cap.o)
                0x800131dc                l2cap_disconnect_bb
 .text.l2cap_arg
                0x800131ec        0x8 C:/devkitPro/libogc/lib/wii\libbte.a(l2cap.o)
                0x800131ec                l2cap_arg
 .text.l2cap_connect_ind
                0x800131f4      0x104 C:/devkitPro/libogc/lib/wii\libbte.a(l2cap.o)
                0x800131f4                l2cap_connect_ind
 .text.l2cap_disconnect_ind
                0x800132f8        0x8 C:/devkitPro/libogc/lib/wii\libbte.a(l2cap.o)
                0x800132f8                l2cap_disconnect_ind
 .text.l2cap_recv
                0x80013300        0x8 C:/devkitPro/libogc/lib/wii\libbte.a(l2cap.o)
                0x80013300                l2cap_recv
 .text.btmemb_init
                0x80013308       0x24 C:/devkitPro/libogc/lib/wii\libbte.a(btmemb.o)
                0x80013308                btmemb_init
 .text.btmemb_alloc
                0x8001332c       0x98 C:/devkitPro/libogc/lib/wii\libbte.a(btmemb.o)
                0x8001332c                btmemb_alloc
 .text.btmemb_free
                0x800133c4      0x114 C:/devkitPro/libogc/lib/wii\libbte.a(btmemb.o)
                0x800133c4                btmemb_free
 .text.plug_holes
                0x800134d8       0xac C:/devkitPro/libogc/lib/wii\libbte.a(btmemr.o)
 .text.btmemr_init
                0x80013584       0xa4 C:/devkitPro/libogc/lib/wii\libbte.a(btmemr.o)
                0x80013584                btmemr_init
 .text.btmemr_malloc
                0x80013628      0x17c C:/devkitPro/libogc/lib/wii\libbte.a(btmemr.o)
                0x80013628                btmemr_malloc
 .text.btmemr_free
                0x800137a4       0x98 C:/devkitPro/libogc/lib/wii\libbte.a(btmemr.o)
                0x800137a4                btmemr_free
 .text.btmemr_realloc
                0x8001383c      0x108 C:/devkitPro/libogc/lib/wii\libbte.a(btmemr.o)
                0x8001383c                btmemr_realloc
 .text.btpbuf_init
                0x80013944       0x28 C:/devkitPro/libogc/lib/wii\libbte.a(btpbuf.o)
                0x80013944                btpbuf_init
 .text.btpbuf_free
                0x8001396c      0x11c C:/devkitPro/libogc/lib/wii\libbte.a(btpbuf.o)
                0x8001396c                btpbuf_free
 .text.btpbuf_alloc
                0x80013a88      0x250 C:/devkitPro/libogc/lib/wii\libbte.a(btpbuf.o)
                0x80013a88                btpbuf_alloc
 .text.btpbuf_realloc
                0x80013cd8      0x110 C:/devkitPro/libogc/lib/wii\libbte.a(btpbuf.o)
                0x80013cd8                btpbuf_realloc
 .text.btpbuf_header
                0x80013de8       0x84 C:/devkitPro/libogc/lib/wii\libbte.a(btpbuf.o)
                0x80013de8                btpbuf_header
 .text.btpbuf_ref
                0x80013e6c       0x48 C:/devkitPro/libogc/lib/wii\libbte.a(btpbuf.o)
                0x80013e6c                btpbuf_ref
 .text.btpbuf_chain
                0x80013eb4       0x9c C:/devkitPro/libogc/lib/wii\libbte.a(btpbuf.o)
                0x80013eb4                btpbuf_chain
 .text.btpbuf_dechain
                0x80013f50       0x7c C:/devkitPro/libogc/lib/wii\libbte.a(btpbuf.o)
                0x80013f50                btpbuf_dechain
 .text.btpbuf_take
                0x80013fcc      0x13c C:/devkitPro/libogc/lib/wii\libbte.a(btpbuf.o)
                0x80013fcc                btpbuf_take
 .text.__usb_closeCB
                0x80014108       0x10 C:/devkitPro/libogc/lib/wii\libbte.a(physbusif.o)
 .text.__writebulkmsgCB
                0x80014118       0x3c C:/devkitPro/libogc/lib/wii\libbte.a(physbusif.o)
 .text.__writectrlmsgCB
                0x80014154       0x3c C:/devkitPro/libogc/lib/wii\libbte.a(physbusif.o)
 .text.__issue_intrread.part.0
                0x80014190       0x80 C:/devkitPro/libogc/lib/wii\libbte.a(physbusif.o)
 .text.__readintrdataCB
                0x80014210      0x148 C:/devkitPro/libogc/lib/wii\libbte.a(physbusif.o)
 .text.__issue_bulkread.part.0
                0x80014358       0x80 C:/devkitPro/libogc/lib/wii\libbte.a(physbusif.o)
 .text.__readbulkdataCB
                0x800143d8      0x148 C:/devkitPro/libogc/lib/wii\libbte.a(physbusif.o)
 .text.physbusif_init
                0x80014520      0x1ec C:/devkitPro/libogc/lib/wii\libbte.a(physbusif.o)
                0x80014520                physbusif_init
 .text.physbusif_close
                0x8001470c       0x20 C:/devkitPro/libogc/lib/wii\libbte.a(physbusif.o)
                0x8001470c                physbusif_close
 .text.physbusif_shutdown
                0x8001472c       0x24 C:/devkitPro/libogc/lib/wii\libbte.a(physbusif.o)
                0x8001472c                physbusif_shutdown
 .text.physbusif_reset_all
                0x80014750        0x4 C:/devkitPro/libogc/lib/wii\libbte.a(physbusif.o)
                0x80014750                physbusif_reset_all
 .text.physbusif_output
                0x80014754      0x1c4 C:/devkitPro/libogc/lib/wii\libbte.a(physbusif.o)
                0x80014754                physbusif_output
 .text.__console_clear_line
                0x80014918       0xb4 C:/devkitPro/libogc/lib/wii\libogc.a(console.o)
 .text.__console_clear
                0x800149cc       0xbc C:/devkitPro/libogc/lib/wii\libogc.a(console.o)
 .text.__console_write
                0x80014a88      0x82c C:/devkitPro/libogc/lib/wii\libogc.a(console.o)
                0x80014a88                __console_write
 .text.__console_init
                0x800152b4      0x120 C:/devkitPro/libogc/lib/wii\libogc.a(console.o)
                0x800152b4                __console_init
 .text.CON_Init
                0x800153d4        0x4 C:/devkitPro/libogc/lib/wii\libogc.a(console.o)
                0x800153d4                CON_Init
 .text.CON_EnableGecko
                0x800153d8      0x100 C:/devkitPro/libogc/lib/wii\libogc.a(console.o)
                0x800153d8                CON_EnableGecko
 .text.__lwp_queue_initialize
                0x800154d8       0x98 C:/devkitPro/libogc/lib/wii\libogc.a(lwp_queue.o)
                0x800154d8                __lwp_queue_initialize
 .text.__lwp_queue_get
                0x80015570       0x74 C:/devkitPro/libogc/lib/wii\libogc.a(lwp_queue.o)
                0x80015570                __lwp_queue_get
 .text.__lwp_queue_append
                0x800155e4       0x4c C:/devkitPro/libogc/lib/wii\libogc.a(lwp_queue.o)
                0x800155e4                __lwp_queue_append
 .text.__syscall_getreent
                0x80015630       0x24 C:/devkitPro/libogc/lib/wii\libogc.a(lwp_threads.o)
                0x80015630                __syscall_getreent
 .text.__lwp_isr_in_progress
                0x80015654        0x8 C:/devkitPro/libogc/lib/wii\libogc.a(lwp_threads.o)
                0x80015654                __lwp_isr_in_progress
 .text.__thread_dispatch_fp
                0x8001565c       0x88 C:/devkitPro/libogc/lib/wii\libogc.a(lwp_threads.o)
                0x8001565c                __thread_dispatch_fp
 .text.__thread_dispatch
                0x800156e4       0xf4 C:/devkitPro/libogc/lib/wii\libogc.a(lwp_threads.o)
                0x800156e4                __thread_dispatch
 .text.__lwp_thread_resettimeslice
                0x800157d8       0xb4 C:/devkitPro/libogc/lib/wii\libogc.a(lwp_threads.o)
                0x800157d8                __lwp_thread_resettimeslice
 .text.__lwp_thread_tickle_timeslice
                0x8001588c       0xc8 C:/devkitPro/libogc/lib/wii\libogc.a(lwp_threads.o)
                0x8001588c                __lwp_thread_tickle_timeslice
 .text.__lwp_thread_setstate
                0x80015954      0x16c C:/devkitPro/libogc/lib/wii\libogc.a(lwp_threads.o)
                0x80015954                __lwp_thread_setstate
 .text.__lwp_thread_clearstate
                0x80015ac0       0xe4 C:/devkitPro/libogc/lib/wii\libogc.a(lwp_threads.o)
                0x80015ac0                __lwp_thread_clearstate
 .text.__lwp_thread_delayended
                0x80015ba4       0x48 C:/devkitPro/libogc/lib/wii\libogc.a(lwp_threads.o)
                0x80015ba4                __lwp_thread_delayended
 .text.__lwp_thread_settransient
                0x80015bec       0xb4 C:/devkitPro/libogc/lib/wii\libogc.a(lwp_threads.o)
                0x80015bec                __lwp_thread_settransient
 .text.__lwp_thread_changepriority
                0x80015ca0      0x1f8 C:/devkitPro/libogc/lib/wii\libogc.a(lwp_threads.o)
                0x80015ca0                __lwp_thread_changepriority
 .text.__lwp_thread_ready
                0x80015e98       0xf0 C:/devkitPro/libogc/lib/wii\libogc.a(lwp_threads.o)
                0x80015e98                __lwp_thread_ready
 .text.__lwp_thread_init
                0x80015f88      0x160 C:/devkitPro/libogc/lib/wii\libogc.a(lwp_threads.o)
                0x80015f88                __lwp_thread_init
 .text.__lwp_thread_close
                0x800160e8      0x144 C:/devkitPro/libogc/lib/wii\libogc.a(lwp_threads.o)
                0x800160e8                __lwp_thread_close
 .text.__lwp_thread_handler
                0x8001622c       0xc0 C:/devkitPro/libogc/lib/wii\libogc.a(lwp_threads.o)
 .text.__lwp_thread_closeall
                0x800162ec       0xb0 C:/devkitPro/libogc/lib/wii\libogc.a(lwp_threads.o)
                0x800162ec                __lwp_thread_closeall
 .text.__lwp_thread_start
                0x8001639c      0x150 C:/devkitPro/libogc/lib/wii\libogc.a(lwp_threads.o)
                0x8001639c                __lwp_thread_start
 .text.__lwp_thread_startmultitasking
                0x800164ec       0xac C:/devkitPro/libogc/lib/wii\libogc.a(lwp_threads.o)
                0x800164ec                __lwp_thread_startmultitasking
 .text.__lwp_thread_stopmultitasking
                0x80016598       0x58 C:/devkitPro/libogc/lib/wii\libogc.a(lwp_threads.o)
                0x80016598                __lwp_thread_stopmultitasking
 .text.__lwp_thread_coreinit
                0x800165f0       0xc4 C:/devkitPro/libogc/lib/wii\libogc.a(lwp_threads.o)
                0x800165f0                __lwp_thread_coreinit
 .text.idle_func
                0x800166b4        0x4 C:/devkitPro/libogc/lib/wii\libogc.a(lwp.o)
 .text.__lwp_sysinit
                0x800166b8      0x114 C:/devkitPro/libogc/lib/wii\libogc.a(lwp.o)
                0x800166b8                __lwp_sysinit
 .text.LWP_InitQueue
                0x800167cc      0x140 C:/devkitPro/libogc/lib/wii\libogc.a(lwp.o)
                0x800167cc                LWP_InitQueue
 .text.LWP_CloseQueue
                0x8001690c       0xd4 C:/devkitPro/libogc/lib/wii\libogc.a(lwp.o)
                0x8001690c                LWP_CloseQueue
 .text.LWP_ThreadSleep
                0x800169e0       0xf8 C:/devkitPro/libogc/lib/wii\libogc.a(lwp.o)
                0x800169e0                LWP_ThreadSleep
 .text.LWP_ThreadBroadcast
                0x80016ad8       0x88 C:/devkitPro/libogc/lib/wii\libogc.a(lwp.o)
                0x80016ad8                LWP_ThreadBroadcast
 .text.LWP_ThreadSignal
                0x80016b60       0x74 C:/devkitPro/libogc/lib/wii\libogc.a(lwp.o)
                0x80016b60                LWP_ThreadSignal
 .text.__lwp_stack_allocate
                0x80016bd4       0x60 C:/devkitPro/libogc/lib/wii\libogc.a(lwp_stack.o)
                0x80016bd4                __lwp_stack_allocate
 .text.__lwp_stack_free
                0x80016c34       0x1c C:/devkitPro/libogc/lib/wii\libogc.a(lwp_stack.o)
                0x80016c34                __lwp_stack_free
 .text.__lwp_wd_settimer
                0x80016c50       0xe0 C:/devkitPro/libogc/lib/wii\libogc.a(lwp_watchdog.o)
 .text.__lwp_watchdog_init
                0x80016d30       0x2c C:/devkitPro/libogc/lib/wii\libogc.a(lwp_watchdog.o)
                0x80016d30                __lwp_watchdog_init
 .text.__lwp_wd_insert
                0x80016d5c      0x194 C:/devkitPro/libogc/lib/wii\libogc.a(lwp_watchdog.o)
                0x80016d5c                __lwp_wd_insert
 .text.__lwp_wd_remove
                0x80016ef0      0x138 C:/devkitPro/libogc/lib/wii\libogc.a(lwp_watchdog.o)
                0x80016ef0                __lwp_wd_remove
 .text.__lwp_wd_tickle
                0x80017028      0x120 C:/devkitPro/libogc/lib/wii\libogc.a(lwp_watchdog.o)
                0x80017028                __lwp_wd_tickle
 .text.__lwp_wkspace_init
                0x80017148       0xc0 C:/devkitPro/libogc/lib/wii\libogc.a(lwp_wkspace.o)
                0x80017148                __lwp_wkspace_init
 .text.__lwp_objmgr_initinfo
                0x80017208      0x1a0 C:/devkitPro/libogc/lib/wii\libogc.a(lwp_objmgr.o)
                0x80017208                __lwp_objmgr_initinfo
 .text.__lwp_objmgr_getisrdisable
                0x800173a8       0x60 C:/devkitPro/libogc/lib/wii\libogc.a(lwp_objmgr.o)
                0x800173a8                __lwp_objmgr_getisrdisable
 .text.__lwp_objmgr_getnoprotection
                0x80017408       0x24 C:/devkitPro/libogc/lib/wii\libogc.a(lwp_objmgr.o)
                0x80017408                __lwp_objmgr_getnoprotection
 .text.__lwp_objmgr_get
                0x8001742c       0x6c C:/devkitPro/libogc/lib/wii\libogc.a(lwp_objmgr.o)
                0x8001742c                __lwp_objmgr_get
 .text.__lwp_objmgr_allocate
                0x80017498       0x88 C:/devkitPro/libogc/lib/wii\libogc.a(lwp_objmgr.o)
                0x80017498                __lwp_objmgr_allocate
 .text.__lwp_objmgr_free
                0x80017520       0x60 C:/devkitPro/libogc/lib/wii\libogc.a(lwp_objmgr.o)
                0x80017520                __lwp_objmgr_free
 .text.__lwp_heap_init
                0x80017580       0xa4 C:/devkitPro/libogc/lib/wii\libogc.a(lwp_heap.o)
                0x80017580                __lwp_heap_init
 .text.__lwp_heap_allocate
                0x80017624      0x160 C:/devkitPro/libogc/lib/wii\libogc.a(lwp_heap.o)
                0x80017624                __lwp_heap_allocate
 .text.__lwp_heap_free
                0x80017784      0x188 C:/devkitPro/libogc/lib/wii\libogc.a(lwp_heap.o)
                0x80017784                __lwp_heap_free
 .text.__SetInterrupts
                0x8001790c      0x268 C:/devkitPro/libogc/lib/wii\libogc.a(irq.o)
 .text.c_irqdispatcher
                0x80017b74      0x278 C:/devkitPro/libogc/lib/wii\libogc.a(irq.o)
                0x80017b74                c_irqdispatcher
 .text.__UnmaskIrq
                0x80017dec       0x84 C:/devkitPro/libogc/lib/wii\libogc.a(irq.o)
                0x80017dec                __UnmaskIrq
 .text.__MaskIrq
                0x80017e70       0x84 C:/devkitPro/libogc/lib/wii\libogc.a(irq.o)
                0x80017e70                __MaskIrq
 .text.__irq_init
                0x80017ef4       0x84 C:/devkitPro/libogc/lib/wii\libogc.a(irq.o)
                0x80017ef4                __irq_init
 .text.IRQ_Request
                0x80017f78       0x50 C:/devkitPro/libogc/lib/wii\libogc.a(irq.o)
                0x80017f78                IRQ_Request
 .text.IRQ_GetHandler
                0x80017fc8       0x44 C:/devkitPro/libogc/lib/wii\libogc.a(irq.o)
                0x80017fc8                IRQ_GetHandler
 .text.IRQ_Disable
                0x8001800c       0x1c C:/devkitPro/libogc/lib/wii\libogc.a(irq.o)
                0x8001800c                IRQ_Disable
 .text.IRQ_Restore
                0x80018028       0x1c C:/devkitPro/libogc/lib/wii\libogc.a(irq.o)
                0x80018028                IRQ_Restore
 .text.__VISendI2CData.constprop.0.isra.0
                0x80018044      0x450 C:/devkitPro/libogc/lib/wii\libogc.a(video.o)
 .text.__setFbbRegs.constprop.0
                0x80018494      0x190 C:/devkitPro/libogc/lib/wii\libogc.a(video.o)
 .text.__VISetYUVSEL
                0x80018624       0xb8 C:/devkitPro/libogc/lib/wii\libogc.a(video.o)
 .text.VIDEO_Configure
                0x800186dc      0x5ec C:/devkitPro/libogc/lib/wii\libogc.a(video.o)
                0x800186dc                VIDEO_Configure
 .text.VIDEO_WaitVSync
                0x80018cc8       0x74 C:/devkitPro/libogc/lib/wii\libogc.a(video.o)
                0x80018cc8                VIDEO_WaitVSync
 .text.VIDEO_SetFramebuffer
                0x80018d3c      0x108 C:/devkitPro/libogc/lib/wii\libogc.a(video.o)
                0x80018d3c                VIDEO_SetFramebuffer
 .text.VIDEO_SetNextFramebuffer
                0x80018e44       0x70 C:/devkitPro/libogc/lib/wii\libogc.a(video.o)
                0x80018e44                VIDEO_SetNextFramebuffer
 .text.VIDEO_Flush
                0x80018eb4       0xf4 C:/devkitPro/libogc/lib/wii\libogc.a(video.o)
                0x80018eb4                VIDEO_Flush
 .text.VIDEO_SetBlack
                0x80018fa8      0x15c C:/devkitPro/libogc/lib/wii\libogc.a(video.o)
                0x80018fa8                VIDEO_SetBlack
 .text.VIDEO_GetCurrentTvMode
                0x80019104       0x78 C:/devkitPro/libogc/lib/wii\libogc.a(video.o)
                0x80019104                VIDEO_GetCurrentTvMode
 .text.__VIRetraceHandler
                0x8001917c      0x298 C:/devkitPro/libogc/lib/wii\libogc.a(video.o)
 .text.__VISetupEncoder
                0x80019414      0x2cc C:/devkitPro/libogc/lib/wii\libogc.a(video.o)
 .text.VIDEO_Init
                0x800196e0      0x4e4 C:/devkitPro/libogc/lib/wii\libogc.a(video.o)
                0x800196e0                VIDEO_Init
 .text.VIDEO_GetPreferredMode
                0x80019bc4      0x108 C:/devkitPro/libogc/lib/wii\libogc.a(video.o)
                0x80019bc4                VIDEO_GetPreferredMode
 .text.VIDEO_GetCurrentLine
                0x80019ccc       0x9c C:/devkitPro/libogc/lib/wii\libogc.a(video.o)
                0x80019ccc                VIDEO_GetCurrentLine
 .text.VIDEO_GetFrameBufferSize
                0x80019d68       0x34 C:/devkitPro/libogc/lib/wii\libogc.a(video.o)
                0x80019d68                VIDEO_GetFrameBufferSize
 .text.__call_resetfuncs
                0x80019d9c       0xbc C:/devkitPro/libogc/lib/wii\libogc.a(system.o)
 .text.__MEMInterruptHandler
                0x80019e58       0x14 C:/devkitPro/libogc/lib/wii\libogc.a(system.o)
 .text.__RSWDefaultHandler
                0x80019e6c        0x4 C:/devkitPro/libogc/lib/wii\libogc.a(system.o)
 .text.__POWDefaultHandler
                0x80019e70        0x4 C:/devkitPro/libogc/lib/wii\libogc.a(system.o)
 .text.__STMEventHandler
                0x80019e74      0x104 C:/devkitPro/libogc/lib/wii\libogc.a(system.o)
 .text.__getrtc
                0x80019f78      0x13c C:/devkitPro/libogc/lib/wii\libogc.a(system.o)
 .text.__sram_write
                0x8001a0b4      0x130 C:/devkitPro/libogc/lib/wii\libogc.a(system.o)
 .text.__sram_writecallback
                0x8001a1e4       0x54 C:/devkitPro/libogc/lib/wii\libogc.a(system.o)
 .text.__mem_onreset
                0x8001a238       0x48 C:/devkitPro/libogc/lib/wii\libogc.a(system.o)
 .text.__unlocksram
                0x8001a280      0x174 C:/devkitPro/libogc/lib/wii\libogc.a(system.o)
 .text.__sys_alarmhandler
                0x8001a3f4      0x154 C:/devkitPro/libogc/lib/wii\libogc.a(system.o)
 .text.__syscall_malloc_lock
                0x8001a548        0x4 C:/devkitPro/libogc/lib/wii\libogc.a(system.o)
                0x8001a548                __syscall_malloc_lock
 .text.__syscall_malloc_unlock
                0x8001a54c        0x4 C:/devkitPro/libogc/lib/wii\libogc.a(system.o)
                0x8001a54c                __syscall_malloc_unlock
 .text.__syscall_nanosleep
                0x8001a550        0x4 C:/devkitPro/libogc/lib/wii\libogc.a(system.o)
                0x8001a550                __syscall_nanosleep
 .text.__SYS_GetRTC
                0x8001a554       0xa0 C:/devkitPro/libogc/lib/wii\libogc.a(system.o)
                0x8001a554                __SYS_GetRTC
 .text.__SYS_SetBootTime
                0x8001a5f4      0x108 C:/devkitPro/libogc/lib/wii\libogc.a(system.o)
                0x8001a5f4                __SYS_SetBootTime
 .text.__SYS_GetIPCBufferLo
                0x8001a6fc        0x8 C:/devkitPro/libogc/lib/wii\libogc.a(system.o)
                0x8001a6fc                __SYS_GetIPCBufferLo
 .text.__SYS_GetIPCBufferHi
                0x8001a704        0x8 C:/devkitPro/libogc/lib/wii\libogc.a(system.o)
                0x8001a704                __SYS_GetIPCBufferHi
 .text.__SYS_DoPowerCB
                0x8001a70c       0x74 C:/devkitPro/libogc/lib/wii\libogc.a(system.o)
                0x8001a70c                __SYS_DoPowerCB
 .text.__SYS_PreInit
                0x8001a780        0x4 C:/devkitPro/libogc/lib/wii\libogc.a(system.o)
                0x8001a780                __SYS_PreInit
 .text.SYS_PreMain
                0x8001a784       0x7c C:/devkitPro/libogc/lib/wii\libogc.a(system.o)
                0x8001a784                SYS_PreMain
 .text.SYS_ResetButtonDown
                0x8001a800       0x18 C:/devkitPro/libogc/lib/wii\libogc.a(system.o)
                0x8001a800                SYS_ResetButtonDown
 .text.SYS_ResetSystem
                0x8001a818      0x210 C:/devkitPro/libogc/lib/wii\libogc.a(system.o)
                0x8001a818                SYS_ResetSystem
 .text.__reload
                0x8001aa28       0x80 C:/devkitPro/libogc/lib/wii\libogc.a(system.o)
                0x8001aa28                __reload
 .text.__syscall_exit
                0x8001aaa8       0x88 C:/devkitPro/libogc/lib/wii\libogc.a(system.o)
                0x8001aaa8                __syscall_exit
 .text.SYS_RegisterResetFunc
                0x8001ab30       0x78 C:/devkitPro/libogc/lib/wii\libogc.a(system.o)
                0x8001ab30                SYS_RegisterResetFunc
 .text.SYS_SetArena1Lo
                0x8001aba8       0x38 C:/devkitPro/libogc/lib/wii\libogc.a(system.o)
                0x8001aba8                SYS_SetArena1Lo
 .text.SYS_GetArena1Lo
                0x8001abe0       0x38 C:/devkitPro/libogc/lib/wii\libogc.a(system.o)
                0x8001abe0                SYS_GetArena1Lo
 .text.SYS_GetArena1Hi
                0x8001ac18       0x38 C:/devkitPro/libogc/lib/wii\libogc.a(system.o)
                0x8001ac18                SYS_GetArena1Hi
 .text.SYS_SetArena2Lo
                0x8001ac50       0x38 C:/devkitPro/libogc/lib/wii\libogc.a(system.o)
                0x8001ac50                SYS_SetArena2Lo
 .text.SYS_GetArena2Lo
                0x8001ac88       0x38 C:/devkitPro/libogc/lib/wii\libogc.a(system.o)
                0x8001ac88                SYS_GetArena2Lo
 .text.SYS_SetArena2Hi
                0x8001acc0       0x38 C:/devkitPro/libogc/lib/wii\libogc.a(system.o)
                0x8001acc0                SYS_SetArena2Hi
 .text.SYS_GetArena2Hi
                0x8001acf8       0x38 C:/devkitPro/libogc/lib/wii\libogc.a(system.o)
                0x8001acf8                SYS_GetArena2Hi
 .text.SYS_AllocateFramebuffer
                0x8001ad30       0x28 C:/devkitPro/libogc/lib/wii\libogc.a(system.o)
                0x8001ad30                SYS_AllocateFramebuffer
 .text.SYS_CreateAlarm
                0x8001ad58       0xf0 C:/devkitPro/libogc/lib/wii\libogc.a(system.o)
                0x8001ad58                SYS_CreateAlarm
 .text.SYS_SetAlarm
                0x8001ae48      0x1e0 C:/devkitPro/libogc/lib/wii\libogc.a(system.o)
                0x8001ae48                SYS_SetAlarm
 .text.SYS_SetPeriodicAlarm
                0x8001b028      0x270 C:/devkitPro/libogc/lib/wii\libogc.a(system.o)
                0x8001b028                SYS_SetPeriodicAlarm
 .text.SYS_RemoveAlarm
                0x8001b298      0x10c C:/devkitPro/libogc/lib/wii\libogc.a(system.o)
                0x8001b298                SYS_RemoveAlarm
 .text.SYS_CancelAlarm
                0x8001b3a4       0xbc C:/devkitPro/libogc/lib/wii\libogc.a(system.o)
                0x8001b3a4                SYS_CancelAlarm
 .text.SYS_GetWirelessID
                0x8001b460       0x94 C:/devkitPro/libogc/lib/wii\libogc.a(system.o)
                0x8001b460                SYS_GetWirelessID
 .text.SYS_SetWirelessID
                0x8001b4f4       0x90 C:/devkitPro/libogc/lib/wii\libogc.a(system.o)
                0x8001b4f4                SYS_SetWirelessID
 .text.SYS_SetGBSMode
                0x8001b584       0xa8 C:/devkitPro/libogc/lib/wii\libogc.a(system.o)
                0x8001b584                SYS_SetGBSMode
 .text.__sram_init
                0x8001b62c      0x1b8 C:/devkitPro/libogc/lib/wii\libogc.a(system.o)
                0x8001b62c                __sram_init
 .text.SYS_Init
                0x8001b7e4      0x5e8 C:/devkitPro/libogc/lib/wii\libogc.a(system.o)
                0x8001b7e4                SYS_Init
 .text.SYS_GetHollywoodRevision
                0x8001bdcc       0x3c C:/devkitPro/libogc/lib/wii\libogc.a(system.o)
                0x8001bdcc                SYS_GetHollywoodRevision
 .text.SYS_Time
                0x8001be08       0x78 C:/devkitPro/libogc/lib/wii\libogc.a(system.o)
                0x8001be08                SYS_Time
 .text.__lwp_cond_init
                0x8001be80       0x14 C:/devkitPro/libogc/lib/wii\libogc.a(cond.o)
                0x8001be80                __lwp_cond_init
 .text.__decrementer_init
                0x8001be94        0x4 C:/devkitPro/libogc/lib/wii\libogc.a(decrementer.o)
                0x8001be94                __decrementer_init
 .text.c_decrementer_handler
                0x8001be98        0xc C:/devkitPro/libogc/lib/wii\libogc.a(decrementer.o)
                0x8001be98                c_decrementer_handler
 .text.__lwp_mqbox_init
                0x8001bea4       0x14 C:/devkitPro/libogc/lib/wii\libogc.a(message.o)
                0x8001bea4                __lwp_mqbox_init
 .text.__si_transfer
                0x8001beb8      0x1a4 C:/devkitPro/libogc/lib/wii\libogc.a(si.o)
 .text.__si_alarmhandler
                0x8001c05c       0xdc C:/devkitPro/libogc/lib/wii\libogc.a(si.o)
 .text.__si_completetransfer
                0x8001c138      0x1fc C:/devkitPro/libogc/lib/wii\libogc.a(si.o)
 .text.__si_transfernext
                0x8001c334       0xe0 C:/devkitPro/libogc/lib/wii\libogc.a(si.o)
 .text.SI_Busy  0x8001c414       0x18 C:/devkitPro/libogc/lib/wii\libogc.a(si.o)
                0x8001c414                SI_Busy
 .text.SI_IsChanBusy
                0x8001c42c       0x38 C:/devkitPro/libogc/lib/wii\libogc.a(si.o)
                0x8001c42c                SI_IsChanBusy
 .text.SI_SetXY
                0x8001c464       0x64 C:/devkitPro/libogc/lib/wii\libogc.a(si.o)
                0x8001c464                SI_SetXY
 .text.SI_EnablePolling
                0x8001c4c8       0x80 C:/devkitPro/libogc/lib/wii\libogc.a(si.o)
                0x8001c4c8                SI_EnablePolling
 .text.SI_DisablePolling
                0x8001c548       0x58 C:/devkitPro/libogc/lib/wii\libogc.a(si.o)
                0x8001c548                SI_DisablePolling
 .text.SI_SetSamplingRate
                0x8001c5a0       0xd8 C:/devkitPro/libogc/lib/wii\libogc.a(si.o)
                0x8001c5a0                SI_SetSamplingRate
 .text.SI_RefreshSamplingRate
                0x8001c678        0x8 C:/devkitPro/libogc/lib/wii\libogc.a(si.o)
                0x8001c678                SI_RefreshSamplingRate
 .text.SI_GetStatus
                0x8001c680       0x78 C:/devkitPro/libogc/lib/wii\libogc.a(si.o)
                0x8001c680                SI_GetStatus
 .text.SI_GetResponseRaw
                0x8001c6f8       0xe8 C:/devkitPro/libogc/lib/wii\libogc.a(si.o)
                0x8001c6f8                SI_GetResponseRaw
 .text.SI_GetResponse
                0x8001c7e0       0xb8 C:/devkitPro/libogc/lib/wii\libogc.a(si.o)
                0x8001c7e0                SI_GetResponse
 .text.SI_SetCommand
                0x8001c898       0x10 C:/devkitPro/libogc/lib/wii\libogc.a(si.o)
                0x8001c898                SI_SetCommand
 .text.SI_Transfer
                0x8001c8a8      0x26c C:/devkitPro/libogc/lib/wii\libogc.a(si.o)
                0x8001c8a8                SI_Transfer
 .text.__si_gettypecallback
                0x8001cb14      0x2c0 C:/devkitPro/libogc/lib/wii\libogc.a(si.o)
 .text.__si_interrupthandler
                0x8001cdd4      0x268 C:/devkitPro/libogc/lib/wii\libogc.a(si.o)
 .text.SI_GetType
                0x8001d03c      0x1f4 C:/devkitPro/libogc/lib/wii\libogc.a(si.o)
                0x8001d03c                SI_GetType
 .text.SI_GetTypeAsync
                0x8001d230      0x138 C:/devkitPro/libogc/lib/wii\libogc.a(si.o)
                0x8001d230                SI_GetTypeAsync
 .text.SI_EnablePollingInterrupt
                0x8001d368       0x8c C:/devkitPro/libogc/lib/wii\libogc.a(si.o)
                0x8001d368                SI_EnablePollingInterrupt
 .text.SI_UnregisterPollingHandler
                0x8001d3f4       0xe0 C:/devkitPro/libogc/lib/wii\libogc.a(si.o)
                0x8001d3f4                SI_UnregisterPollingHandler
 .text.__si_init
                0x8001d4d4       0xe8 C:/devkitPro/libogc/lib/wii\libogc.a(si.o)
                0x8001d4d4                __si_init
 .text.__ipc_sendrequest
                0x8001d5bc      0x104 C:/devkitPro/libogc/lib/wii\libogc.a(ipc.o)
 .text.__ipc_syncrequest
                0x8001d6c0       0xe4 C:/devkitPro/libogc/lib/wii\libogc.a(ipc.o)
 .text.__ioctlvfmtCB
                0x8001d7a4      0x158 C:/devkitPro/libogc/lib/wii\libogc.a(ipc.o)
 .text.__ios_ioctlvformat_parse
                0x8001d8fc      0x820 C:/devkitPro/libogc/lib/wii\libogc.a(ipc.o)
 .text.__ipc_asyncrequest
                0x8001e11c      0x13c C:/devkitPro/libogc/lib/wii\libogc.a(ipc.o)
 .text.__ipc_interrupthandler
                0x8001e258      0x34c C:/devkitPro/libogc/lib/wii\libogc.a(ipc.o)
 .text.iosCreateHeap
                0x8001e5a4      0x130 C:/devkitPro/libogc/lib/wii\libogc.a(ipc.o)
                0x8001e5a4                iosCreateHeap
 .text.iosAlloc
                0x8001e6d4       0x30 C:/devkitPro/libogc/lib/wii\libogc.a(ipc.o)
                0x8001e6d4                iosAlloc
 .text.iosFree  0x8001e704       0x28 C:/devkitPro/libogc/lib/wii\libogc.a(ipc.o)
                0x8001e704                iosFree
 .text.__IPC_ClntInit
                0x8001e72c       0xc8 C:/devkitPro/libogc/lib/wii\libogc.a(ipc.o)
                0x8001e72c                __IPC_ClntInit
 .text.IOS_Open
                0x8001e7f4      0x110 C:/devkitPro/libogc/lib/wii\libogc.a(ipc.o)
                0x8001e7f4                IOS_Open
 .text.IOS_Close
                0x8001e904       0xf0 C:/devkitPro/libogc/lib/wii\libogc.a(ipc.o)
                0x8001e904                IOS_Close
 .text.IOS_CloseAsync
                0x8001e9f4       0xb4 C:/devkitPro/libogc/lib/wii\libogc.a(ipc.o)
                0x8001e9f4                IOS_CloseAsync
 .text.IOS_Read
                0x8001eaa8      0x10c C:/devkitPro/libogc/lib/wii\libogc.a(ipc.o)
                0x8001eaa8                IOS_Read
 .text.IOS_Write
                0x8001ebb4      0x10c C:/devkitPro/libogc/lib/wii\libogc.a(ipc.o)
                0x8001ebb4                IOS_Write
 .text.IOS_Ioctl
                0x8001ecc0      0x158 C:/devkitPro/libogc/lib/wii\libogc.a(ipc.o)
                0x8001ecc0                IOS_Ioctl
 .text.IOS_IoctlAsync
                0x8001ee18      0x148 C:/devkitPro/libogc/lib/wii\libogc.a(ipc.o)
                0x8001ee18                IOS_IoctlAsync
 .text.IOS_Ioctlv
                0x8001ef60      0x1f0 C:/devkitPro/libogc/lib/wii\libogc.a(ipc.o)
                0x8001ef60                IOS_Ioctlv
 .text.IOS_IoctlvAsync
                0x8001f150      0x1d4 C:/devkitPro/libogc/lib/wii\libogc.a(ipc.o)
                0x8001f150                IOS_IoctlvAsync
 .text.IOS_IoctlvFormat
                0x8001f324      0x16c C:/devkitPro/libogc/lib/wii\libogc.a(ipc.o)
                0x8001f324                IOS_IoctlvFormat
 .text.IOS_IoctlvReboot
                0x8001f490      0x1f4 C:/devkitPro/libogc/lib/wii\libogc.a(ipc.o)
                0x8001f490                IOS_IoctlvReboot
 .text.gettick  0x8001f684        0x8 C:/devkitPro/libogc/lib/wii\libogc.a(timesupp.o)
                0x8001f684                gettick
 .text.gettime  0x8001f68c       0x18 C:/devkitPro/libogc/lib/wii\libogc.a(timesupp.o)
                0x8001f68c                gettime
 .text.settime  0x8001f6a4       0x14 C:/devkitPro/libogc/lib/wii\libogc.a(timesupp.o)
                0x8001f6a4                settime
 .text.diff_usec
                0x8001f6b8       0x88 C:/devkitPro/libogc/lib/wii\libogc.a(timesupp.o)
                0x8001f6b8                diff_usec
 .text.__timesystem_init
                0x8001f740       0x1c C:/devkitPro/libogc/lib/wii\libogc.a(timesupp.o)
                0x8001f740                __timesystem_init
 .text.udelay   0x8001f75c       0xac C:/devkitPro/libogc/lib/wii\libogc.a(timesupp.o)
                0x8001f75c                udelay
 .text.__libogc_nanosleep
                0x8001f808      0x144 C:/devkitPro/libogc/lib/wii\libogc.a(timesupp.o)
                0x8001f808                __libogc_nanosleep
 .text.__syscall_lock_init
                0x8001f94c       0x6c C:/devkitPro/libogc/lib/wii\libogc.a(lock_supp.o)
                0x8001f94c                __syscall_lock_init
 .text.__syscall_lock_init_recursive
                0x8001f9b8       0x6c C:/devkitPro/libogc/lib/wii\libogc.a(lock_supp.o)
                0x8001f9b8                __syscall_lock_init_recursive
 .text.__syscall_lock_close
                0x8001fa24       0x68 C:/devkitPro/libogc/lib/wii\libogc.a(lock_supp.o)
                0x8001fa24                __syscall_lock_close
 .text.__syscall_lock_acquire
                0x8001fa8c       0x18 C:/devkitPro/libogc/lib/wii\libogc.a(lock_supp.o)
                0x8001fa8c                __syscall_lock_acquire
 .text.__syscall_lock_release
                0x8001faa4       0x18 C:/devkitPro/libogc/lib/wii\libogc.a(lock_supp.o)
                0x8001faa4                __syscall_lock_release
 .text.__usbgecko_exi_unlock
                0x8001fabc       0x34 C:/devkitPro/libogc/lib/wii\libogc.a(usbgecko.o)
 .text.usb_isgeckoalive
                0x8001faf0      0x1bc C:/devkitPro/libogc/lib/wii\libogc.a(usbgecko.o)
                0x8001faf0                usb_isgeckoalive
 .text.usb_sendbuffer_ex
                0x8001fcac      0x214 C:/devkitPro/libogc/lib/wii\libogc.a(usbgecko.o)
                0x8001fcac                usb_sendbuffer_ex
 .text.usb_sendbuffer
                0x8001fec0        0x8 C:/devkitPro/libogc/lib/wii\libogc.a(usbgecko.o)
                0x8001fec0                usb_sendbuffer
 .text.usb_sendbuffer_safe_ex
                0x8001fec8      0x2a8 C:/devkitPro/libogc/lib/wii\libogc.a(usbgecko.o)
                0x8001fec8                usb_sendbuffer_safe_ex
 .text.usb_sendbuffer_safe
                0x80020170        0x8 C:/devkitPro/libogc/lib/wii\libogc.a(usbgecko.o)
                0x80020170                usb_sendbuffer_safe
 .text._sbrk_r  0x80020178      0x28c C:/devkitPro/libogc/lib/wii\libogc.a(sbrk.o)
                0x80020178                _sbrk_r
 .text.__memlock_init
                0x80020404       0x7c C:/devkitPro/libogc/lib/wii\libogc.a(malloc_lock.o)
                0x80020404                __memlock_init
 .text.__libogc_malloc_lock
                0x80020480      0x1fc C:/devkitPro/libogc/lib/wii\libogc.a(malloc_lock.o)
                0x80020480                __libogc_malloc_lock
 .text.__libogc_malloc_unlock
                0x8002067c       0x64 C:/devkitPro/libogc/lib/wii\libogc.a(malloc_lock.o)
                0x8002067c                __libogc_malloc_unlock
 .text.__STM_SetEventHook
                0x800206e0       0xb0 C:/devkitPro/libogc/lib/wii\libogc.a(stm.o)
                0x800206e0                __STM_SetEventHook
 .text.__STM_Init
                0x80020790       0x8c C:/devkitPro/libogc/lib/wii\libogc.a(stm.o)
                0x80020790                __STM_Init
 .text.__STMEventHandler
                0x8002081c       0x64 C:/devkitPro/libogc/lib/wii\libogc.a(stm.o)
 .text.__STM_ReleaseEventHook
                0x80020880       0x80 C:/devkitPro/libogc/lib/wii\libogc.a(stm.o)
                0x80020880                __STM_ReleaseEventHook
 .text.__STM_Close
                0x80020900       0xac C:/devkitPro/libogc/lib/wii\libogc.a(stm.o)
                0x80020900                __STM_Close
 .text.STM_RegisterEventHandler
                0x800209ac       0x10 C:/devkitPro/libogc/lib/wii\libogc.a(stm.o)
                0x800209ac                STM_RegisterEventHandler
 .text.STM_ShutdownToStandby
                0x800209bc       0x50 C:/devkitPro/libogc/lib/wii\libogc.a(stm.o)
                0x800209bc                STM_ShutdownToStandby
 .text.STM_ShutdownToIdle
                0x80020a0c       0x70 C:/devkitPro/libogc/lib/wii\libogc.a(stm.o)
                0x80020a0c                STM_ShutdownToIdle
 .text.STM_SetLedMode
                0x80020a7c       0x40 C:/devkitPro/libogc/lib/wii\libogc.a(stm.o)
                0x80020a7c                STM_SetLedMode
 .text.STM_RebootSystem
                0x80020abc       0x50 C:/devkitPro/libogc/lib/wii\libogc.a(stm.o)
                0x80020abc                STM_RebootSystem
 .text.__IOS_InitializeSubsystems
                0x80020b0c       0x44 C:/devkitPro/libogc/lib/wii\libogc.a(ios.o)
                0x80020b0c                __IOS_InitializeSubsystems
 .text.__IOS_ShutdownSubsystems
                0x80020b50       0x44 C:/devkitPro/libogc/lib/wii\libogc.a(ios.o)
                0x80020b50                __IOS_ShutdownSubsystems
 .text.__IOS_LoadStartupIOS
                0x80020b94        0x8 C:/devkitPro/libogc/lib/wii\libogc.a(ios.o)
                0x80020b94                __IOS_LoadStartupIOS
 .text._ES_fstat_r
                0x80020b9c      0x120 C:/devkitPro/libogc/lib/wii\libogc.a(es.o)
 .text._ES_seek_r
                0x80020cbc       0xdc C:/devkitPro/libogc/lib/wii\libogc.a(es.o)
 .text._ES_close_r
                0x80020d98       0xac C:/devkitPro/libogc/lib/wii\libogc.a(es.o)
 .text.__ES_Init
                0x80020e44       0x78 C:/devkitPro/libogc/lib/wii\libogc.a(es.o)
                0x80020e44                __ES_Init
 .text.__ES_Close
                0x80020ebc       0x54 C:/devkitPro/libogc/lib/wii\libogc.a(es.o)
                0x80020ebc                __ES_Close
 .text.ES_GetTitleID
                0x80020f10       0x94 C:/devkitPro/libogc/lib/wii\libogc.a(es.o)
                0x80020f10                ES_GetTitleID
 .text.ES_LaunchTitle
                0x80020fa4       0xa4 C:/devkitPro/libogc/lib/wii\libogc.a(es.o)
                0x80020fa4                ES_LaunchTitle
 .text.ES_GetNumTicketViews
                0x80021048       0x98 C:/devkitPro/libogc/lib/wii\libogc.a(es.o)
                0x80021048                ES_GetNumTicketViews
 .text.ES_GetTicketViews
                0x800210e0       0x8c C:/devkitPro/libogc/lib/wii\libogc.a(es.o)
                0x800210e0                ES_GetTicketViews
 .text.ES_GetStoredTMD
                0x8002116c       0x90 C:/devkitPro/libogc/lib/wii\libogc.a(es.o)
                0x8002116c                ES_GetStoredTMD
 .text._ES_decodepath
                0x800211fc      0x440 C:/devkitPro/libogc/lib/wii\libogc.a(es.o)
 .text._ES_stat_r
                0x8002163c       0xf4 C:/devkitPro/libogc/lib/wii\libogc.a(es.o)
 .text._ES_open_r
                0x80021730      0x1d0 C:/devkitPro/libogc/lib/wii\libogc.a(es.o)
 .text.ES_ReadContent
                0x80021900       0x6c C:/devkitPro/libogc/lib/wii\libogc.a(es.o)
                0x80021900                ES_ReadContent
 .text._ES_read_r
                0x8002196c      0x17c C:/devkitPro/libogc/lib/wii\libogc.a(es.o)
 .text.__usbv5_devicechangeCB
                0x80021ae8      0x180 C:/devkitPro/libogc/lib/wii\libogc.a(usb.o)
 .text.__usbv5_attachfinishCB
                0x80021c68       0xcc C:/devkitPro/libogc/lib/wii\libogc.a(usb.o)
 .text.__usbv5_messageCB
                0x80021d34       0x5c C:/devkitPro/libogc/lib/wii\libogc.a(usb.o)
 .text.__usbv0_messageCB
                0x80021d90       0xa8 C:/devkitPro/libogc/lib/wii\libogc.a(usb.o)
 .text.__usb_control_message
                0x80021e38      0x428 C:/devkitPro/libogc/lib/wii\libogc.a(usb.o)
 .text.__usb_interrupt_bulk_message
                0x80022260      0x2c0 C:/devkitPro/libogc/lib/wii\libogc.a(usb.o)
 .text.USB_FreeDescriptors.part.0
                0x80022520       0xfc C:/devkitPro/libogc/lib/wii\libogc.a(usb.o)
 .text.USB_GetDescriptors.part.0
                0x8002261c      0x674 C:/devkitPro/libogc/lib/wii\libogc.a(usb.o)
 .text.USBV5_SuspendResume
                0x80022c90      0x138 C:/devkitPro/libogc/lib/wii\libogc.a(usb.o)
 .text.USBV5_GetDescriptors
                0x80022dc8      0x518 C:/devkitPro/libogc/lib/wii\libogc.a(usb.o)
 .text.USB_Deinitialize
                0x800232e0       0xc8 C:/devkitPro/libogc/lib/wii\libogc.a(usb.o)
                0x800232e0                USB_Deinitialize
 .text.USB_Initialize
                0x800233a8      0x2f8 C:/devkitPro/libogc/lib/wii\libogc.a(usb.o)
                0x800233a8                USB_Initialize
 .text.USB_OpenDevice
                0x800236a0      0x2b8 C:/devkitPro/libogc/lib/wii\libogc.a(usb.o)
                0x800236a0                USB_OpenDevice
 .text.USBV5_CloseDevice
                0x80023958      0x128 C:/devkitPro/libogc/lib/wii\libogc.a(usb.o)
                0x80023958                USBV5_CloseDevice
 .text.USB_CloseDeviceAsync
                0x80023a80       0xd0 C:/devkitPro/libogc/lib/wii\libogc.a(usb.o)
                0x80023a80                USB_CloseDeviceAsync
 .text.USB_ReadIntrMsgAsync
                0x80023b50       0x28 C:/devkitPro/libogc/lib/wii\libogc.a(usb.o)
                0x80023b50                USB_ReadIntrMsgAsync
 .text.USB_ReadBlkMsgAsync
                0x80023b78       0x28 C:/devkitPro/libogc/lib/wii\libogc.a(usb.o)
                0x80023b78                USB_ReadBlkMsgAsync
 .text.USB_WriteBlkMsgAsync
                0x80023ba0       0x28 C:/devkitPro/libogc/lib/wii\libogc.a(usb.o)
                0x80023ba0                USB_WriteBlkMsgAsync
 .text.USB_WriteCtrlMsgAsync
                0x80023bc8        0x4 C:/devkitPro/libogc/lib/wii\libogc.a(usb.o)
                0x80023bc8                USB_WriteCtrlMsgAsync
 .text.__CheckARGV
                0x80023bcc       0x80 C:/devkitPro/libogc/lib/wii\libogc.a(argv.o)
                0x80023bcc                __CheckARGV
 .text.CONF_Init
                0x80023c4c      0x184 C:/devkitPro/libogc/lib/wii\libogc.a(conf.o)
                0x80023c4c                CONF_Init
 .text.__CONF_GetTxt
                0x80023dd0      0x208 C:/devkitPro/libogc/lib/wii\libogc.a(conf.o)
                0x80023dd0                __CONF_GetTxt
 .text.__CONF_Find
                0x80023fd8       0xfc C:/devkitPro/libogc/lib/wii\libogc.a(conf.o)
                0x80023fd8                __CONF_Find
 .text.CONF_GetLength
                0x800240d4      0x12c C:/devkitPro/libogc/lib/wii\libogc.a(conf.o)
                0x800240d4                CONF_GetLength
 .text.CONF_Get
                0x80024200      0x140 C:/devkitPro/libogc/lib/wii\libogc.a(conf.o)
                0x80024200                CONF_Get
 .text.CONF_GetShutdownMode
                0x80024340       0x54 C:/devkitPro/libogc/lib/wii\libogc.a(conf.o)
                0x80024340                CONF_GetShutdownMode
 .text.CONF_GetIdleLedMode
                0x80024394       0x54 C:/devkitPro/libogc/lib/wii\libogc.a(conf.o)
                0x80024394                CONF_GetIdleLedMode
 .text.CONF_GetProgressiveScan
                0x800243e8       0x54 C:/devkitPro/libogc/lib/wii\libogc.a(conf.o)
                0x800243e8                CONF_GetProgressiveScan
 .text.CONF_GetEuRGB60
                0x8002443c       0x54 C:/devkitPro/libogc/lib/wii\libogc.a(conf.o)
                0x8002443c                CONF_GetEuRGB60
 .text.CONF_GetIRSensitivity
                0x80024490       0x54 C:/devkitPro/libogc/lib/wii\libogc.a(conf.o)
                0x80024490                CONF_GetIRSensitivity
 .text.CONF_GetSensorBarPosition
                0x800244e4       0x54 C:/devkitPro/libogc/lib/wii\libogc.a(conf.o)
                0x800244e4                CONF_GetSensorBarPosition
 .text.CONF_GetCounterBias
                0x80024538       0x4c C:/devkitPro/libogc/lib/wii\libogc.a(conf.o)
                0x80024538                CONF_GetCounterBias
 .text.CONF_GetDisplayOffsetH
                0x80024584       0x4c C:/devkitPro/libogc/lib/wii\libogc.a(conf.o)
                0x80024584                CONF_GetDisplayOffsetH
 .text.CONF_GetPadDevices
                0x800245d0       0x4c C:/devkitPro/libogc/lib/wii\libogc.a(conf.o)
                0x800245d0                CONF_GetPadDevices
 .text.CONF_GetVideo
                0x8002461c       0x88 C:/devkitPro/libogc/lib/wii\libogc.a(conf.o)
                0x8002461c                CONF_GetVideo
 .text.__WII_WriteNANDBootInfo.isra.0
                0x800246a4       0xbc C:/devkitPro/libogc/lib/wii\libogc.a(wiilaunch.o)
 .text.__WII_WriteStateFlags.isra.0
                0x80024760       0x94 C:/devkitPro/libogc/lib/wii\libogc.a(wiilaunch.o)
 .text.WII_Initialize
                0x800247f4      0x188 C:/devkitPro/libogc/lib/wii\libogc.a(wiilaunch.o)
                0x800247f4                WII_Initialize
 .text.WII_LaunchTitle
                0x8002497c      0x1ac C:/devkitPro/libogc/lib/wii\libogc.a(wiilaunch.o)
                0x8002497c                WII_LaunchTitle
 .text.WII_ReturnToMenu
                0x80024b28       0x58 C:/devkitPro/libogc/lib/wii\libogc.a(wiilaunch.o)
                0x80024b28                WII_ReturnToMenu
 .text.__lwp_priority_init
                0x80024b80       0x1c C:/devkitPro/libogc/lib/wii\libogc.a(lwp_priority.o)
                0x80024b80                __lwp_priority_init
 .text.__lwp_threadqueue_enqueuefifo
                0x80024b9c      0x12c C:/devkitPro/libogc/lib/wii\libogc.a(lwp_threadq.o)
                0x80024b9c                __lwp_threadqueue_enqueuefifo
 .text.__lwp_threadqueue_dequeuefifo
                0x80024cc8      0x134 C:/devkitPro/libogc/lib/wii\libogc.a(lwp_threadq.o)
                0x80024cc8                __lwp_threadqueue_dequeuefifo
 .text.__lwp_threadqueue_enqueuepriority
                0x80024dfc      0x334 C:/devkitPro/libogc/lib/wii\libogc.a(lwp_threadq.o)
                0x80024dfc                __lwp_threadqueue_enqueuepriority
 .text.__lwp_threadqueue_dequeuepriority
                0x80025130      0x1d8 C:/devkitPro/libogc/lib/wii\libogc.a(lwp_threadq.o)
                0x80025130                __lwp_threadqueue_dequeuepriority
 .text.__lwp_threadqueue_init
                0x80025308       0x64 C:/devkitPro/libogc/lib/wii\libogc.a(lwp_threadq.o)
                0x80025308                __lwp_threadqueue_init
 .text.__lwp_threadqueue_enqueue
                0x8002536c      0x138 C:/devkitPro/libogc/lib/wii\libogc.a(lwp_threadq.o)
                0x8002536c                __lwp_threadqueue_enqueue
 .text.__lwp_threadqueue_dequeue
                0x800254a4       0x24 C:/devkitPro/libogc/lib/wii\libogc.a(lwp_threadq.o)
                0x800254a4                __lwp_threadqueue_dequeue
 .text.__lwp_threadqueue_flush
                0x800254c8       0x68 C:/devkitPro/libogc/lib/wii\libogc.a(lwp_threadq.o)
                0x800254c8                __lwp_threadqueue_flush
 .text.__lwp_threadqueue_extractfifo
                0x80025530       0xe8 C:/devkitPro/libogc/lib/wii\libogc.a(lwp_threadq.o)
                0x80025530                __lwp_threadqueue_extractfifo
 .text.__lwp_threadqueue_extractpriority
                0x80025618      0x148 C:/devkitPro/libogc/lib/wii\libogc.a(lwp_threadq.o)
                0x80025618                __lwp_threadqueue_extractpriority
 .text.__lwp_threadqueue_timeout
                0x80025760       0xd0 C:/devkitPro/libogc/lib/wii\libogc.a(lwp_threadq.o)
 .text.__lwp_threadqueue_extractproxy
                0x80025830       0x64 C:/devkitPro/libogc/lib/wii\libogc.a(lwp_threadq.o)
                0x80025830                __lwp_threadqueue_extractproxy
 .text.__lwp_mutex_initialize
                0x80025894       0xa4 C:/devkitPro/libogc/lib/wii\libogc.a(lwp_mutex.o)
                0x80025894                __lwp_mutex_initialize
 .text.__lwp_mutex_surrender
                0x80025938      0x14c C:/devkitPro/libogc/lib/wii\libogc.a(lwp_mutex.o)
                0x80025938                __lwp_mutex_surrender
 .text.__lwp_mutex_seize_irq_blocking
                0x80025a84       0xf8 C:/devkitPro/libogc/lib/wii\libogc.a(lwp_mutex.o)
                0x80025a84                __lwp_mutex_seize_irq_blocking
 .text.__lwp_mutex_flush
                0x80025b7c        0x4 C:/devkitPro/libogc/lib/wii\libogc.a(lwp_mutex.o)
                0x80025b7c                __lwp_mutex_flush
 .text.__systemcall_init
                0x80025b80       0x70 C:/devkitPro/libogc/lib/wii\libogc.a(exception.o)
                0x80025b80                __systemcall_init
 .text.__exception_init
                0x80025bf0      0x120 C:/devkitPro/libogc/lib/wii\libogc.a(exception.o)
                0x80025bf0                __exception_init
 .text.__exception_close
                0x80025d10       0xac C:/devkitPro/libogc/lib/wii\libogc.a(exception.o)
                0x80025d10                __exception_close
 .text.__exception_closeall
                0x80025dbc       0x80 C:/devkitPro/libogc/lib/wii\libogc.a(exception.o)
                0x80025dbc                __exception_closeall
 .text.c_default_exceptionhandler
                0x80025e3c      0x458 C:/devkitPro/libogc/lib/wii\libogc.a(exception.o)
                0x80025e3c                c_default_exceptionhandler
 .text.__lwp_sema_init
                0x80026294       0x14 C:/devkitPro/libogc/lib/wii\libogc.a(semaphore.o)
                0x80026294                __lwp_sema_init
 .text.SPEC1_MakeStatus
                0x800262a8      0x104 C:/devkitPro/libogc/lib/wii\libogc.a(pad.o)
 .text.__pad_samplinghandler
                0x800263ac        0x4 C:/devkitPro/libogc/lib/wii\libogc.a(pad.o)
 .text.__pad_doreset
                0x800263b0       0x50 C:/devkitPro/libogc/lib/wii\libogc.a(pad.o)
 .text.__pad_updateorigin
                0x80026400       0xa4 C:/devkitPro/libogc/lib/wii\libogc.a(pad.o)
 .text.__pad_disable
                0x800264a4       0xbc C:/devkitPro/libogc/lib/wii\libogc.a(pad.o)
 .text.__pad_receivecheckcallback
                0x80026560       0x84 C:/devkitPro/libogc/lib/wii\libogc.a(pad.o)
 .text.__pad_typeandstatuscallback
                0x800265e4      0x1ac C:/devkitPro/libogc/lib/wii\libogc.a(pad.o)
 .text.__pad_originupdatecallback
                0x80026790       0x2c C:/devkitPro/libogc/lib/wii\libogc.a(pad.o)
 .text.__pad_onreset
                0x800267bc      0x108 C:/devkitPro/libogc/lib/wii\libogc.a(pad.o)
 .text.SPEC2_MakeStatus
                0x800268c4      0x214 C:/devkitPro/libogc/lib/wii\libogc.a(pad.o)
 .text.__pad_origincallback
                0x80026ad8       0x74 C:/devkitPro/libogc/lib/wii\libogc.a(pad.o)
 .text.__pad_probecallback
                0x80026b4c       0x88 C:/devkitPro/libogc/lib/wii\libogc.a(pad.o)
 .text.__PADDisableRecalibration
                0x80026bd4       0x64 C:/devkitPro/libogc/lib/wii\libogc.a(pad.o)
                0x80026bd4                __PADDisableRecalibration
 .text.PAD_Reset
                0x80026c38       0xf0 C:/devkitPro/libogc/lib/wii\libogc.a(pad.o)
                0x80026c38                PAD_Reset
 .text.PAD_Read
                0x80026d28      0x2d4 C:/devkitPro/libogc/lib/wii\libogc.a(pad.o)
                0x80026d28                PAD_Read
 .text.PAD_Init
                0x80026ffc       0xf8 C:/devkitPro/libogc/lib/wii\libogc.a(pad.o)
                0x80026ffc                PAD_Init
 .text.PAD_ScanPads
                0x800270f4      0x15c C:/devkitPro/libogc/lib/wii\libogc.a(pad.o)
                0x800270f4                PAD_ScanPads
 .text.PAD_ButtonsDown
                0x80027250       0x40 C:/devkitPro/libogc/lib/wii\libogc.a(pad.o)
                0x80027250                PAD_ButtonsDown
 .text.__exi_irq_handler
                0x80027290       0x58 C:/devkitPro/libogc/lib/wii\libogc.a(exi.o)
 .text.__ext_irq_handler
                0x800272e8       0xc8 C:/devkitPro/libogc/lib/wii\libogc.a(exi.o)
 .text.__tc_irq_handler
                0x800273b0      0x178 C:/devkitPro/libogc/lib/wii\libogc.a(exi.o)
 .text.__exi_probe
                0x80027528      0x214 C:/devkitPro/libogc/lib/wii\libogc.a(exi.o)
 .text.__exi_attach
                0x8002773c      0x104 C:/devkitPro/libogc/lib/wii\libogc.a(exi.o)
 .text.EXI_Lock
                0x80027840      0x218 C:/devkitPro/libogc/lib/wii\libogc.a(exi.o)
                0x80027840                EXI_Lock
 .text.EXI_Unlock
                0x80027a58      0x224 C:/devkitPro/libogc/lib/wii\libogc.a(exi.o)
                0x80027a58                EXI_Unlock
 .text.EXI_Select
                0x80027c7c      0x208 C:/devkitPro/libogc/lib/wii\libogc.a(exi.o)
                0x80027c7c                EXI_Select
 .text.EXI_Deselect
                0x80027e84      0x16c C:/devkitPro/libogc/lib/wii\libogc.a(exi.o)
                0x80027e84                EXI_Deselect
 .text.EXI_Sync
                0x80027ff0      0x108 C:/devkitPro/libogc/lib/wii\libogc.a(exi.o)
                0x80027ff0                EXI_Sync
 .text.EXI_Imm  0x800280f8      0x1f8 C:/devkitPro/libogc/lib/wii\libogc.a(exi.o)
                0x800280f8                EXI_Imm
 .text.EXI_ImmEx
                0x800282f0       0xd8 C:/devkitPro/libogc/lib/wii\libogc.a(exi.o)
                0x800282f0                EXI_ImmEx
 .text.EXI_Dma  0x800283c8      0x16c C:/devkitPro/libogc/lib/wii\libogc.a(exi.o)
                0x800283c8                EXI_Dma
 .text.EXI_Detach
                0x80028534       0xb0 C:/devkitPro/libogc/lib/wii\libogc.a(exi.o)
                0x80028534                EXI_Detach
 .text.EXI_GetID
                0x800285e4      0x338 C:/devkitPro/libogc/lib/wii\libogc.a(exi.o)
                0x800285e4                EXI_GetID
 .text.__unlocked_handler
                0x8002891c       0x28 C:/devkitPro/libogc/lib/wii\libogc.a(exi.o)
 .text.EXI_ProbeReset
                0x80028944       0x70 C:/devkitPro/libogc/lib/wii\libogc.a(exi.o)
                0x80028944                EXI_ProbeReset
 .text.__exi_init
                0x800289b4      0x188 C:/devkitPro/libogc/lib/wii\libogc.a(exi.o)
                0x800289b4                __exi_init
 .text.__lwp_mutex_locksupp.constprop.0
                0x80028b3c      0x2a8 C:/devkitPro/libogc/lib/wii\libogc.a(mutex.o)
 .text.__lwp_mutex_init
                0x80028de4       0x14 C:/devkitPro/libogc/lib/wii\libogc.a(mutex.o)
                0x80028de4                __lwp_mutex_init
 .text.LWP_MutexInit
                0x80028df8      0x100 C:/devkitPro/libogc/lib/wii\libogc.a(mutex.o)
                0x80028df8                LWP_MutexInit
 .text.LWP_MutexDestroy
                0x80028ef8       0xf0 C:/devkitPro/libogc/lib/wii\libogc.a(mutex.o)
                0x80028ef8                LWP_MutexDestroy
 .text.LWP_MutexLock
                0x80028fe8        0x8 C:/devkitPro/libogc/lib/wii\libogc.a(mutex.o)
                0x80028fe8                LWP_MutexLock
 .text.LWP_MutexUnlock
                0x80028ff0       0x9c C:/devkitPro/libogc/lib/wii\libogc.a(mutex.o)
                0x80028ff0                LWP_MutexUnlock
 .text.__GX_InitRevBits
                0x8002908c       0x98 C:/devkitPro/libogc/lib/wii\libogc.a(gx.o)
 .text.GX_AbortFrame
                0x80029124      0x3d8 C:/devkitPro/libogc/lib/wii\libogc.a(gx.o)
                0x80029124                GX_AbortFrame
 .text.number   0x800294fc      0x318 C:/devkitPro/libogc/lib/wii\libogc.a(kprintf.o)
 .text.kvsprintf
                0x80029814      0x888 C:/devkitPro/libogc/lib/wii\libogc.a(kprintf.o)
                0x80029814                kvsprintf
 .text.kprintf  0x8002a09c       0xac C:/devkitPro/libogc/lib/wii\libogc.a(kprintf.o)
                0x8002a09c                kprintf
 .text.net_wc24cleanup
                0x8002a148       0x64 C:/devkitPro/libogc/lib/wii\libogc.a(network_wii.o)
                0x8002a148                net_wc24cleanup
 .text.hypotf   0x8002a1ac       0x68 C:/devkitPro/devkitPPC/bin/../lib/gcc/powerpc-eabi/13.2.0/../../../../powerpc-eabi/lib\libstdc++.a(math_stubs_float.o)
                0x8002a1ac                hypotf
 .text.atanf    0x8002a214      0x290 C:/devkitPro/devkitPPC/bin/../lib/gcc/powerpc-eabi/13.2.0/../../../../powerpc-eabi/lib\libm.a(libm_a-sf_atan.o)
                0x8002a214                atanf
 .text.cosf     0x8002a4a4       0xe0 C:/devkitPro/devkitPPC/bin/../lib/gcc/powerpc-eabi/13.2.0/../../../../powerpc-eabi/lib\libm.a(libm_a-sf_cos.o)
                0x8002a4a4                cosf
 .text.sqrtf    0x8002a584       0x74 C:/devkitPro/devkitPPC/bin/../lib/gcc/powerpc-eabi/13.2.0/../../../../powerpc-eabi/lib\libm.a(libm_a-wf_sqrt.o)
                0x8002a584                sqrtf
 .text.fabsf    0x8002a5f8       0x20 C:/devkitPro/devkitPPC/bin/../lib/gcc/powerpc-eabi/13.2.0/../../../../powerpc-eabi/lib\libm.a(libm_a-sf_fabs.o)
                0x8002a5f8                fabsf
 .text.sincosf  0x8002a618       0x58 C:/devkitPro/devkitPPC/bin/../lib/gcc/powerpc-eabi/13.2.0/../../../../powerpc-eabi/lib\libm.a(libm_a-wf_sincos.o)
                0x8002a618                sincosf
 .text.sinf     0x8002a670       0xe4 C:/devkitPro/devkitPPC/bin/../lib/gcc/powerpc-eabi/13.2.0/../../../../powerpc-eabi/lib\libm.a(libm_a-sf_sin.o)
                0x8002a670                sinf
 .text.atan2    0x8002a754        0x4 C:/devkitPro/devkitPPC/bin/../lib/gcc/powerpc-eabi/13.2.0/../../../../powerpc-eabi/lib\libm.a(libm_a-w_atan2.o)
                0x8002a754                atan2
 .text.sincos   0x8002a758       0x58 C:/devkitPro/devkitPPC/bin/../lib/gcc/powerpc-eabi/13.2.0/../../../../powerpc-eabi/lib\libm.a(libm_a-w_sincos.o)
                0x8002a758                sincos
 .text.sin      0x8002a7b0       0xe0 C:/devkitPro/devkitPPC/bin/../lib/gcc/powerpc-eabi/13.2.0/../../../../powerpc-eabi/lib\libm.a(libm_a-s_sin.o)
                0x8002a7b0                sin
 .text.cos      0x8002a890       0xdc C:/devkitPro/devkitPPC/bin/../lib/gcc/powerpc-eabi/13.2.0/../../../../powerpc-eabi/lib\libm.a(libm_a-s_cos.o)
                0x8002a890                cos
 .text.__kernel_sinf
                0x8002a96c       0xcc C:/devkitPro/devkitPPC/bin/../lib/gcc/powerpc-eabi/13.2.0/../../../../powerpc-eabi/lib\libm.a(libm_a-kf_sin.o)
                0x8002a96c                __kernel_sinf
 .text.__kernel_cosf
                0x8002aa38      0x188 C:/devkitPro/devkitPPC/bin/../lib/gcc/powerpc-eabi/13.2.0/../../../../powerpc-eabi/lib\libm.a(libm_a-kf_cos.o)
                0x8002aa38                __kernel_cosf
 .text.__ieee754_sqrtf
                0x8002abc0      0x158 C:/devkitPro/devkitPPC/bin/../lib/gcc/powerpc-eabi/13.2.0/../../../../powerpc-eabi/lib\libm.a(libm_a-ef_sqrt.o)
                0x8002abc0                __ieee754_sqrtf
 .text.__ieee754_rem_pio2f
                0x8002ad18      0x418 C:/devkitPro/devkitPPC/bin/../lib/gcc/powerpc-eabi/13.2.0/../../../../powerpc-eabi/lib\libm.a(libm_a-ef_rem_pio2.o)
                0x8002ad18                __ieee754_rem_pio2f
 .text.atan2f   0x8002b130        0x4 C:/devkitPro/devkitPPC/bin/../lib/gcc/powerpc-eabi/13.2.0/../../../../powerpc-eabi/lib\libm.a(libm_a-wf_atan2.o)
                0x8002b130                atan2f
 .text.__kernel_cos