Archive member included to satisfy reference by file (symbol)

C:/devkitPro/libogc/lib/wii\libwiiuse.a(wpad.o)
                              main.o (WPAD_Init)
C:/devkitPro/libogc/lib/wii\libwiiuse.a(motion_plus.o)
                              C:/devkitPro/libogc/lib/wii\libwiiuse.a(wpad.o) (wiiuse_set_motion_plus)
C:/devkitPro/libogc/lib/wii\libwiiuse.a(dynamics.o)
                              C:/devkitPro/libogc/lib/wii\libwiiuse.a(wpad.o) (calculate_gforce)
C:/devkitPro/libogc/lib/wii\libwiiuse.a(io.o)
                              C:/devkitPro/libogc/lib/wii\libwiiuse.a(motion_plus.o) (wiiuse_disable_expansion)
C:/devkitPro/libogc/lib/wii\libwiiuse.a(io_wii.o)
                              C:/devkitPro/libogc/lib/wii\libwiiuse.a(wpad.o) (__wiiuse_sensorbar_enable)
C:/devkitPro/libogc/lib/wii\libwiiuse.a(ir.o)
                              C:/devkitPro/libogc/lib/wii\libwiiuse.a(motion_plus.o) (wiiuse_set_ir_mode)
C:/devkitPro/libogc/lib/wii\libwiiuse.a(nunchuk.o)
                              C:/devkitPro/libogc/lib/wii\libwiiuse.a(io.o) (nunchuk_handshake)
C:/devkitPro/libogc/lib/wii\libwiiuse.a(wiiboard.o)
                              C:/devkitPro/libogc/lib/wii\libwiiuse.a(io.o) (wii_board_handshake)
C:/devkitPro/libogc/lib/wii\libwiiuse.a(wiiuse.o)
                              C:/devkitPro/libogc/lib/wii\libwiiuse.a(wpad.o) (wiiuse_init)
C:/devkitPro/libogc/lib/wii\libwiiuse.a(speaker.o)
                              C:/devkitPro/libogc/lib/wii\libwiiuse.a(wpad.o) (wencdata)
C:/devkitPro/libogc/lib/wii\libwiiuse.a(classic.o)
                              C:/devkitPro/libogc/lib/wii\libwiiuse.a(io.o) (classic_ctrl_handshake)
C:/devkitPro/libogc/lib/wii\libwiiuse.a(events.o)
                              C:/devkitPro/libogc/lib/wii\libwiiuse.a(io_wii.o) (parse_event)
C:/devkitPro/libogc/lib/wii\libwiiuse.a(guitar_hero_3.o)
                              C:/devkitPro/libogc/lib/wii\libwiiuse.a(io.o) (guitar_hero_3_handshake)
C:/devkitPro/libogc/lib/wii\libbte.a(bte.o)
                              C:/devkitPro/libogc/lib/wii\libwiiuse.a(wpad.o) (BTE_Init)
C:/devkitPro/libogc/lib/wii\libbte.a(hci.o)
                              C:/devkitPro/libogc/lib/wii\libbte.a(bte.o) (hci_init)
C:/devkitPro/libogc/lib/wii\libbte.a(l2cap.o)
                              C:/devkitPro/libogc/lib/wii\libbte.a(bte.o) (l2cap_init)
C:/devkitPro/libogc/lib/wii\libbte.a(btmemb.o)
                              C:/devkitPro/libogc/lib/wii\libbte.a(bte.o) (btmemb_init)
C:/devkitPro/libogc/lib/wii\libbte.a(btmemr.o)
                              C:/devkitPro/libogc/lib/wii\libbte.a(hci.o) (btmemr_init)
C:/devkitPro/libogc/lib/wii\libbte.a(btpbuf.o)
                              C:/devkitPro/libogc/lib/wii\libbte.a(hci.o) (btpbuf_init)
C:/devkitPro/libogc/lib/wii\libbte.a(physbusif.o)
                              C:/devkitPro/libogc/lib/wii\libbte.a(bte.o) (physbusif_init)
C:/devkitPro/libogc/lib/wii\libogc.a(console.o)
                              main.o (CON_Init)
C:/devkitPro/libogc/lib/wii\libogc.a(lwp_queue.o)
                              C:/devkitPro/libogc/lib/wii\libwiiuse.a(io_wii.o) (__lwp_queue_initialize)
C:/devkitPro/libogc/lib/wii\libogc.a(lwp_threads.o)
                              C:/devkitPro/libogc/lib/wii\libwiiuse.a(wpad.o) (_thread_dispatch_disable_level)
C:/devkitPro/libogc/lib/wii\libogc.a(lwp.o)
                              C:/devkitPro/libogc/lib/wii\libbte.a(bte.o) (LWP_InitQueue)
C:/devkitPro/libogc/lib/wii\libogc.a(lwp_handler.o)
                              C:/devkitPro/libogc/lib/wii\libogc.a(lwp_threads.o) (_cpu_context_save_fp)
C:/devkitPro/libogc/lib/wii\libogc.a(lwp_stack.o)
                              C:/devkitPro/libogc/lib/wii\libogc.a(lwp_threads.o) (__lwp_stack_allocate)
C:/devkitPro/libogc/lib/wii\libogc.a(lwp_watchdog.o)
                              C:/devkitPro/libogc/lib/wii\libogc.a(lwp_threads.o) (_wd_ticks_queue)
C:/devkitPro/libogc/lib/wii\libogc.a(lwp_wkspace.o)
                              C:/devkitPro/libogc/lib/wii\libwiiuse.a(motion_plus.o) (__wkspace_heap)
C:/devkitPro/libogc/lib/wii\libogc.a(lwp_objmgr.o)
                              C:/devkitPro/libogc/lib/wii\libogc.a(lwp.o) (__lwp_objmgr_initinfo)
C:/devkitPro/libogc/lib/wii\libogc.a(lwp_heap.o)
                              C:/devkitPro/libogc/lib/wii\libogc.a(lwp_wkspace.o) (__lwp_heap_init)
C:/devkitPro/libogc/lib/wii\libogc.a(sys_state.o)
                              C:/devkitPro/libogc/lib/wii\libogc.a(lwp_threads.o) (_sys_state_curr)
C:/devkitPro/libogc/lib/wii\libogc.a(irq.o)
                              C:/devkitPro/libogc/lib/wii\libwiiuse.a(io_wii.o) (IRQ_Disable)
C:/devkitPro/libogc/lib/wii\libogc.a(video.o)
                              C:/devkitPro/libogc/lib/wii\libogc.a(console.o) (VIDEO_GetCurrentFramebuffer)
C:/devkitPro/libogc/lib/wii\libogc.a(system.o)
                              C:/devkitPro/libogc/lib/wii\libwiiuse.a(wpad.o) (__SYS_DoPowerCB)
[...]
Memory Configuration

Name             Origin             Length             Attributes
*default*        0x00000000         0xffffffff

Linker script and memory map

                0x00003400                        . = 0x3400

.stub
 *(.stub)
                0x80004000                        . = 0x80004000

.init           0x80004000      0x194
 *crt0.o(*.init)
 .init          0x80004000      0x170 C:/devkitPro/libogc/lib/wii\libogc.a(ogc_crt0.o)
                0x80004000                _start
                0x80004140                _memset
 *(.init)
 .init          0x80004170        0xc C:/devkitPro/devkitPPC/bin/../lib/gcc/powerpc-eabi/13.2.0/ecrti.o
                0x80004170                __init
 .init          0x8000417c        0x4 C:/devkitPro/devkitPPC/bin/../lib/gcc/powerpc-eabi/13.2.0/crtbegin.o
 .init          0x80004180        0x4 C:/devkitPro/devkitPPC/bin/../lib/gcc/powerpc-eabi/13.2.0/crtend.o
 .init          0x80004184       0x10 C:/devkitPro/devkitPPC/bin/../lib/gcc/powerpc-eabi/13.2.0/ecrtn.o

.rela.dyn       0x80004194        0x0
 .rela.iplt     0x80004194        0x0 C:/devkitPro/devkitPPC/bin/../lib/gcc/powerpc-eabi/13.2.0/crtbegin.o

.plt
 *(.plt)

.interp
 *(.interp)

.hash
 *(.hash)

.dynsym
 *(.dynsym)

.dynstr
 *(.dynstr)

.gnu.version
 *(.gnu.version)

.gnu.version_d
 *(.gnu.version_d)

.gnu.version_r
 *(.gnu.version_r)

.rel.init
 *(.rel.init)

.rela.init
 *(.rela.init)

.rel.text
 *(.rel.text .rel.text.* .rel.gnu.linkonce.t.*)

.rela.text      0x80004194        0x0
 *(.rela.text .rela.text.* .rela.gnu.linkonce.t.*)
 .rela.text.__do_global_dtors_aux
                0x80004194        0x0 C:/devkitPro/devkitPPC/bin/../lib/gcc/powerpc-eabi/13.2.0/crtbegin.o
 .rela.text.frame_dummy
                0x80004194        0x0 C:/devkitPro/devkitPPC/bin/../lib/gcc/powerpc-eabi/13.2.0/crtbegin.o

.rel.fini
 *(.rel.fini)

.rela.fini
 *(.rela.fini)

.rel.rodata
 *(.rel.rodata .rel.rodata.* .rel.gnu.linkonce.r.*)

.rela.rodata
 *(.rela.rodata .rela.rodata.* .rela.gnu.linkonce.r.*)

.rel.data
 *(.rel.data .rel.data.* .rel.gnu.linkonce.d.*)

.rela.data
 *(.rela.data .rela.data.* .rela.gnu.linkonce.d.*)

.rel.tdata
 *(.rel.tdata .rel.tdata.* .rel.gnu.linkonce.td.*)

.rela.tdata
 *(.rela.tdata .rela.tdata.* .rela.gnu.linkonce.td.*)

.rel.tbss
 *(.rel.tbss .rel.tbss.* .rel.gnu.linkonce.tb.*)

.rela.tbss
 *(.rela.tbss .rela.tbss.* .rela.gnu.linkonce.tb.*)

.rel.ctors
 *(.rel.ctors)

.rela.ctors
 *(.rela.ctors)

.rel.dtors
 *(.rel.dtors)

.rela.dtors
 *(.rela.dtors)

.rel.got
 *(.rel.got)

.rela.got
 *(.rela.got)

.rela.got1
 *(.rela.got1)

.rela.got2
 *(.rela.got2)

.rel.sdata
 *(.rel.sdata .rel.sdata.* .rel.gnu.linkonce.s.*)

.rela.sdata
 *(.rela.sdata .rela.sdata.* .rela.gnu.linkonce.s.*)

.rel.sbss
 *(.rel.sbss .rel.sbss.* .rel.gnu.linkonce.sb.*)

.rela.sbss
 *(.rela.sbss .rela.sbss.* .rel.gnu.linkonce.sb.*)

.rel.sdata2
 *(.rel.sdata2 .rel.sdata2.* .rel.gnu.linkonce.s2.*)

.rela.sdata2
 *(.rela.sdata2 .rela.sdata2.* .rela.gnu.linkonce.s2.*)

.rel.sbss2
 *(.rel.sbss2 .rel.sbss2.* .rel.gnu.linkonce.sb2.*)

.rela.sbss2
 *(.rela.sbss2 .rela.sbss2.* .rela.gnu.linkonce.sb2.*)

.rel.bss
 *(.rel.bss .rel.bss.* .rel.gnu.linkonce.b.*)

.rela.bss
 *(.rela.bss .rela.bss.* .rela.gnu.linkonce.b.*)

.rel.plt
 *(.rel.plt)

.rela.plt
 *(.rela.plt)

.text           0x800041a0    0x394e0
 *(.text)
 .text          0x800041a0      0x44c C:/devkitPro/libogc/lib/wii\libogc.a(lwp_handler.o)
                0x800041a0                _cpu_context_save_fp
                0x800042e0                _cpu_context_restore_fp
                0x80004420                _cpu_context_switch
                0x80004500                _cpu_context_save
                0x80004580                _cpu_context_restore
 .text          0x800045ec      0x4a0 C:/devkitPro/libogc/lib/wii\libogc.a(system_asm.o)
                0x800045ec                __realmode
                0x80004604                __configBATS
                0x80004734                __InitFPRS
                0x80004860                __InitPS
                0x800048bc                __InitCache
                0x80004914                __InitSystem
                0x8000499c                __flush_cache
                0x800049d0                __reset
                0x80004a40                __InitBATS
                0x80004a5c                SYS_SwitchFiber
 .text          0x80004a8c      0x1ac C:/devkitPro/libogc/lib/wii\libogc.a(irq_handler.o)
                0x80004a8c                irq_exceptionhandler
 .text          0x80004c38      0x4f4 C:/devkitPro/libogc/lib/wii\libogc.a(cache_asm.o)
                0x80004c38                DCFlashInvalidate
                0x80004c4c                DCEnable
                0x80004c60                DCDisable
                0x80004c74                DCFreeze
                0x80004c88                DCUnfreeze
                0x80004c9c                DCTouchLoad
                0x80004ca4                DCBlockZero
                0x80004cac                DCBlockStore
                0x80004cb4                DCBlockFlush
                0x80004cbc                DCBlockInvalidate
                0x80004cc4                DCInvalidateRange
                0x80004cf4                DCFlushRange
                0x80004d28                DCStoreRange
                0x80004d5c                DCFlushRangeNoSync
                0x80004d8c                DCStoreRangeNoSync
                0x80004dbc                DCZeroRange
                0x80004dec                DCTouchRange
                0x80004e1c                ICInvalidateRange
                0x80004e54                ICFlashInvalidate
                0x80004e68                ICEnable
                0x80004e7c                ICDisable
                0x80004e90                ICFreeze
                0x80004ea4                ICUnfreeze
                0x80004eb8                ICBlockInvalidate
                0x80004ec0                ICSync
                0x80004ec8                L2Init
                0x80004f10                L2Enable
                0x80004f2c                L2Disable
                0x80004f44                L2GlobalInvalidate
                0x80004f9c                __LCEnable
                0x80005068                LCDisable
                0x80005090                LCAllocOneTag
                0x800050a4                LCAllocTags
                0x800050e4                LCLoadBlocks
                0x80005108                LCStoreBlocks
 .text          0x8000512c      0x1ac C:/devkitPro/libogc/lib/wii\libogc.a(decrementer_handler.o)
                0x8000512c                dec_exceptionhandler
 .text          0x800052d8      0x35c C:/devkitPro/libogc/lib/wii\libogc.a(exception_handler.o)
                0x800052d8                exceptionhandler_start
                0x80005354                exceptionhandler_patch
                0x80005388                exceptionhandler_end
                0x8000538c                default_exceptionhandler
                0x800054bc                fpu_exceptionhandler
                0x80005604                systemcallhandler_start
                0x80005630                systemcallhandler_end
 .text          0x80005634       0x48 C:/devkitPro/devkitPPC/bin/../lib/gcc/powerpc-eabi/13.2.0\libgcc.a(eabi.o)
                0x80005634                __eabi
 .text          0x8000567c       0x58 C:/devkitPro/devkitPPC/bin/../lib/gcc/powerpc-eabi/13.2.0\libgcc.a(crtresxfpr.o)
                0x8000567c                _restfpr_14_x
                0x80005680                _restfpr_15_x
                0x80005684                _restfpr_16_x
                0x80005688                _restfpr_17_x
                0x8000568c                _restfpr_18_x
                0x80005690                _restfpr_19_x
                0x80005694                _restfpr_20_x
                0x80005698                _restfpr_21_x
                0x8000569c                _restfpr_22_x
                0x800056a0                _restfpr_23_x
                0x800056a4                _restfpr_24_x
                0x800056a8                _restfpr_25_x
                0x800056ac                _restfpr_26_x
                0x800056b0                _restfpr_27_x
                0x800056b4                _restfpr_28_x
                0x800056b8                _restfpr_29_x
                0x800056bc                _restfpr_30_x
                0x800056c0                _restfpr_31_x
 .text          0x800056d4       0x58 C:/devkitPro/devkitPPC/bin/../lib/gcc/powerpc-eabi/13.2.0\libgcc.a(crtresxgpr.o)
                0x800056d4                _restgpr_14_x
                0x800056d8                _restgpr_15_x
                0x800056dc                _restgpr_16_x
                0x800056e0                _restgpr_17_x
                0x800056e4                _restgpr_18_x
                0x800056e8                _restgpr_19_x
                0x800056ec                _restgpr_20_x
                0x800056f0                _restgpr_21_x
                0x800056f4                _restgpr_22_x
                0x800056f8                _restgpr_23_x
                0x800056fc                _restgpr_24_x
                0x80005700                _restgpr_25_x
                0x80005704                _restgpr_26_x
                0x80005708                _restgpr_27_x
                0x8000570c                _restgpr_28_x
                0x80005710                _restgpr_29_x
                0x80005714                _restgpr_30_x
                0x80005718                _restgpr_31_x
 *(.text.*)
 .text.__do_global_dtors_aux
                0x8000572c       0xcc C:/devkitPro/devkitPPC/bin/../lib/gcc/powerpc-eabi/13.2.0/crtbegin.o
 .text.frame_dummy
                0x800057f8       0x24 C:/devkitPro/devkitPPC/bin/../lib/gcc/powerpc-eabi/13.2.0/crtbegin.o
 .text.__crtmain
                0x8000581c       0x44 C:/devkitPro/devkitPPC/bin/../lib/gcc/powerpc-eabi/13.2.0/../../../../powerpc-eabi/lib/crtmain.o
                0x80005820                __crtmain
 .text.startup.main
                0x80005860       0xd8 main.o
                0x80005860                main
 .text.__wpad_assign_slot
                0x80005938      0x254 C:/devkitPro/libogc/lib/wii\libwiiuse.a(wpad.o)
                0x80005938                __wpad_assign_slot
 .text.__wpad_def_powcb
                0x80005b8c        0x4 C:/devkitPro/libogc/lib/wii\libwiiuse.a(wpad.o)
 .text.__readlinkkey_finished
                0x80005b90       0x34 C:/devkitPro/libogc/lib/wii\libwiiuse.a(wpad.o)
 .text.__wpad_patch_finished
                0x80005bc4       0x2c C:/devkitPro/libogc/lib/wii\libwiiuse.a(wpad.o)
 .text.__wpad_setfmt
                0x80005bf0      0x14c C:/devkitPro/libogc/lib/wii\libwiiuse.a(wpad.o)
 .text.__wpad_eventCB
                0x80005d3c      0xad4 C:/devkitPro/libogc/lib/wii\libwiiuse.a(wpad.o)
 .text.__wpad_disconnectCB
                0x80006810       0xd4 C:/devkitPro/libogc/lib/wii\libwiiuse.a(wpad.o)
                0x80006810                __wpad_disconnectCB
 .text.__wpad_timeouthandler
                0x800068e4       0xa8 C:/devkitPro/libogc/lib/wii\libwiiuse.a(wpad.o)
 .text.__initcore_finished
                0x8000698c       0x48 C:/devkitPro/libogc/lib/wii\libwiiuse.a(wpad.o)
 .text.__wpad_init_finished
                0x800069d4      0x194 C:/devkitPro/libogc/lib/wii\libwiiuse.a(wpad.o)
 .text.WPAD_ReadEvent
                0x80006b68      0x68c C:/devkitPro/libogc/lib/wii\libwiiuse.a(wpad.o)
                0x80006b68                WPAD_ReadEvent
 .text.WPAD_ReadPending
                0x800071f4      0x1a0 C:/devkitPro/libogc/lib/wii\libwiiuse.a(wpad.o)
                0x800071f4                WPAD_ReadPending
 .text.WPAD_Shutdown
                0x80007394      0x114 C:/devkitPro/libogc/lib/wii\libwiiuse.a(wpad.o)
                0x80007394                WPAD_Shutdown
 .text.WPAD_Init
                0x800074a8      0x2c4 C:/devkitPro/libogc/lib/wii\libwiiuse.a(wpad.o)
                0x800074a8                WPAD_Init
 .text.__wpad_onreset
                0x8000776c       0x34 C:/devkitPro/libogc/lib/wii\libwiiuse.a(wpad.o)
 .text.WPAD_ScanPads
                0x800077a0       0x90 C:/devkitPro/libogc/lib/wii\libwiiuse.a(wpad.o)
                0x800077a0                WPAD_ScanPads
 .text.WPAD_ButtonsDown
                0x80007830       0x28 C:/devkitPro/libogc/lib/wii\libwiiuse.a(wpad.o)
                0x80007830                WPAD_ButtonsDown
 .text.motion_plus_disconnected
                0x80007858       0x10 C:/devkitPro/libogc/lib/wii\libwiiuse.a(motion_plus.o)
                0x80007858                motion_plus_disconnected
 .text.motion_plus_event
                0x80007868       0x64 C:/devkitPro/libogc/lib/wii\libwiiuse.a(motion_plus.o)
                0x80007868                motion_plus_event
 .text.calculate_gforce
                0x800078cc      0x114 C:/devkitPro/libogc/lib/wii\libwiiuse.a(dynamics.o)
                0x800078cc                calculate_gforce
 .text.calc_joystick_state
                0x800079e0      0x210 C:/devkitPro/libogc/lib/wii\libwiiuse.a(dynamics.o)
                0x800079e0                calc_joystick_state
 .text.apply_smoothing
                0x80007bf0      0x140 C:/devkitPro/libogc/lib/wii\libwiiuse.a(dynamics.o)
                0x80007bf0                apply_smoothing
 .text.calculate_orientation
                0x80007d30      0x340 C:/devkitPro/libogc/lib/wii\libwiiuse.a(dynamics.o)
                0x80007d30                calculate_orientation
 .text.calc_balanceboard_state
                0x80008070      0x3a4 C:/devkitPro/libogc/lib/wii\libwiiuse.a(dynamics.o)
                0x80008070                calc_balanceboard_state
 .text.wiiuse_handshake
                0x80008414      0x27c C:/devkitPro/libogc/lib/wii\libwiiuse.a(io.o)
                0x80008414                wiiuse_handshake
 .text.wiiuse_handshake_expansion
                0x80008690      0x1f0 C:/devkitPro/libogc/lib/wii\libwiiuse.a(io.o)
                0x80008690                wiiuse_handshake_expansion
 .text.wiiuse_handshake_expansion_start
                0x80008880       0x5c C:/devkitPro/libogc/lib/wii\libwiiuse.a(io.o)
                0x80008880                wiiuse_handshake_expansion_start
 .text.wiiuse_disable_expansion
                0x800088dc      0x1b0 C:/devkitPro/libogc/lib/wii\libwiiuse.a(io.o)
                0x800088dc                wiiuse_disable_expansion
 .text.__wiiuse_connected
                0x80008a8c       0x9c C:/devkitPro/libogc/lib/wii\libwiiuse.a(io_wii.o)
 .text.__wiiuse_disconnected
                0x80008b28       0xb4 C:/devkitPro/libogc/lib/wii\libwiiuse.a(io_wii.o)
 .text.__wiiuse_receive
                0x80008bdc       0xd0 C:/devkitPro/libogc/lib/wii\libwiiuse.a(io_wii.o)
 .text.__wiiuse_sensorbar_enable
                0x80008cac       0x54 C:/devkitPro/libogc/lib/wii\libwiiuse.a(io_wii.o)
                0x80008cac                __wiiuse_sensorbar_enable
 .text.wiiuse_register
                0x80008d00       0xf0 C:/devkitPro/libogc/lib/wii\libwiiuse.a(io_wii.o)
                0x80008d00                wiiuse_register
 .text.wiiuse_disconnect
                0x80008df0       0x24 C:/devkitPro/libogc/lib/wii\libwiiuse.a(io_wii.o)
                0x80008df0                wiiuse_disconnect
 .text.wiiuse_init_cmd_queue
                0x80008e14       0x9c C:/devkitPro/libogc/lib/wii\libwiiuse.a(io_wii.o)
                0x80008e14                wiiuse_init_cmd_queue
 .text.wiiuse_io_write
                0x80008eb0       0x1c C:/devkitPro/libogc/lib/wii\libwiiuse.a(io_wii.o)
                0x80008eb0                wiiuse_io_write
 .text.rotate_dots
                0x80008ecc      0x13c C:/devkitPro/libogc/lib/wii\libwiiuse.a(ir.o)
 .text.get_ir_sens.constprop.0.isra.0
                0x80009008       0xdc C:/devkitPro/libogc/lib/wii\libwiiuse.a(ir.o)
 .text.wiiuse_set_ir_mode
                0x800090e4       0x5c C:/devkitPro/libogc/lib/wii\libwiiuse.a(ir.o)
                0x800090e4                wiiuse_set_ir_mode
 .text.wiiuse_set_ir
                0x80009140      0x204 C:/devkitPro/libogc/lib/wii\libwiiuse.a(ir.o)
                0x80009140                wiiuse_set_ir
 .text.wiiuse_set_ir_position
                0x80009344       0x80 C:/devkitPro/libogc/lib/wii\libwiiuse.a(ir.o)
                0x80009344                wiiuse_set_ir_position
 .text.wiiuse_set_aspect_ratio
                0x800093c4       0xac C:/devkitPro/libogc/lib/wii\libwiiuse.a(ir.o)
                0x800093c4                wiiuse_set_aspect_ratio
 .text.wiiuse_set_ir_sensitivity
                0x80009470       0xe4 C:/devkitPro/libogc/lib/wii\libwiiuse.a(ir.o)
                0x80009470                wiiuse_set_ir_sensitivity
 .text.calculate_basic_ir
                0x80009554       0xe8 C:/devkitPro/libogc/lib/wii\libwiiuse.a(ir.o)
                0x80009554                calculate_basic_ir
 .text.calculate_extended_ir
                0x8000963c       0x64 C:/devkitPro/libogc/lib/wii\libwiiuse.a(ir.o)
                0x8000963c                calculate_extended_ir
 .text.find_sensorbar
                0x800096a0      0xa00 C:/devkitPro/libogc/lib/wii\libwiiuse.a(ir.o)
                0x800096a0                find_sensorbar
 .text.apply_ir_smoothing
                0x8000a0a0      0x124 C:/devkitPro/libogc/lib/wii\libwiiuse.a(ir.o)
                0x8000a0a0                apply_ir_smoothing
 .text.interpret_ir_data
                0x8000a1c4      0x3c8 C:/devkitPro/libogc/lib/wii\libwiiuse.a(ir.o)
                0x8000a1c4                interpret_ir_data
 .text.nunchuk_handshake
                0x8000a58c      0x31c C:/devkitPro/libogc/lib/wii\libwiiuse.a(nunchuk.o)
                0x8000a58c                nunchuk_handshake
 .text.nunchuk_disconnected
                0x8000a8a8        0xc C:/devkitPro/libogc/lib/wii\libwiiuse.a(nunchuk.o)
                0x8000a8a8                nunchuk_disconnected
 .text.nunchuk_event
                0x8000a8b4       0xe8 C:/devkitPro/libogc/lib/wii\libwiiuse.a(nunchuk.o)
                0x8000a8b4                nunchuk_event
 .text.wii_board_handshake
                0x8000a99c      0x284 C:/devkitPro/libogc/lib/wii\libwiiuse.a(wiiboard.o)
                0x8000a99c                wii_board_handshake
 .text.wii_board_disconnected
                0x8000ac20        0xc C:/devkitPro/libogc/lib/wii\libwiiuse.a(wiiboard.o)
                0x8000ac20                wii_board_disconnected
 .text.wii_board_event
                0x8000ac2c       0x24 C:/devkitPro/libogc/lib/wii\libwiiuse.a(wiiboard.o)
                0x8000ac2c                wii_board_event
 .text.wiiuse_send_next_command
                0x8000ac50       0x58 C:/devkitPro/libogc/lib/wii\libwiiuse.a(wiiuse.o)
                0x8000ac50                wiiuse_send_next_command
 .text.wiiuse_init
                0x8000aca8      0x208 C:/devkitPro/libogc/lib/wii\libwiiuse.a(wiiuse.o)
                0x8000aca8                wiiuse_init
 .text.wiiuse_set_flags
                0x8000aeb0       0x28 C:/devkitPro/libogc/lib/wii\libwiiuse.a(wiiuse.o)
                0x8000aeb0                wiiuse_set_flags
 .text.wiiuse_read_data
                0x8000aed8      0x154 C:/devkitPro/libogc/lib/wii\libwiiuse.a(wiiuse.o)
                0x8000aed8                wiiuse_read_data
 .text.wiiuse_write_data
                0x8000b02c      0x18c C:/devkitPro/libogc/lib/wii\libwiiuse.a(wiiuse.o)
                0x8000b02c                wiiuse_write_data
 .text.wiiuse_sendcmd
                0x8000b1b8      0x144 C:/devkitPro/libogc/lib/wii\libwiiuse.a(wiiuse.o)
                0x8000b1b8                wiiuse_sendcmd
 .text.wiiuse_set_leds
                0x8000b2fc       0x50 C:/devkitPro/libogc/lib/wii\libwiiuse.a(wiiuse.o)
                0x8000b2fc                wiiuse_set_leds
 .text.wiiuse_set_report_type
                0x8000b34c       0xb0 C:/devkitPro/libogc/lib/wii\libwiiuse.a(wiiuse.o)
                0x8000b34c                wiiuse_set_report_type
 .text.wiiuse_status
                0x8000b3fc       0x4c C:/devkitPro/libogc/lib/wii\libwiiuse.a(wiiuse.o)
                0x8000b3fc                wiiuse_status
 .text.wiiuse_motion_sensing
                0x8000b448       0x84 C:/devkitPro/libogc/lib/wii\libwiiuse.a(wiiuse.o)
                0x8000b448                wiiuse_motion_sensing
 .text.wiiuse_set_speaker
                0x8000b4cc      0x24c C:/devkitPro/libogc/lib/wii\libwiiuse.a(speaker.o)
                0x8000b4cc                wiiuse_set_speaker
 .text.classic_ctrl_handshake
                0x8000b718      0x410 C:/devkitPro/libogc/lib/wii\libwiiuse.a(classic.o)
                0x8000b718                classic_ctrl_handshake
 .text.classic_ctrl_disconnected
                0x8000bb28        0xc C:/devkitPro/libogc/lib/wii\libwiiuse.a(classic.o)
                0x8000bb28                classic_ctrl_disconnected
 .text.classic_ctrl_event
                0x8000bb34      0x15c C:/devkitPro/libogc/lib/wii\libwiiuse.a(classic.o)
                0x8000bb34                classic_ctrl_event
 .text.handle_expansion
                0x8000bc90       0x54 C:/devkitPro/libogc/lib/wii\libwiiuse.a(events.o)
 .text.parse_event
                0x8000bce4      0x730 C:/devkitPro/libogc/lib/wii\libwiiuse.a(events.o)
                0x8000bce4                parse_event
 .text.guitar_hero_3_handshake
                0x8000c414       0x5c C:/devkitPro/libogc/lib/wii\libwiiuse.a(guitar_hero_3.o)
                0x8000c414                guitar_hero_3_handshake
 .text.guitar_hero_3_disconnected
                0x8000c470        0xc C:/devkitPro/libogc/lib/wii\libwiiuse.a(guitar_hero_3.o)
                0x8000c470                guitar_hero_3_disconnected
 .text.guitar_hero_3_event
                0x8000c47c       0x60 C:/devkitPro/libogc/lib/wii\libwiiuse.a(guitar_hero_3.o)
                0x8000c47c                guitar_hero_3_event
 .text.acl_wlp_completed
                0x8000c4dc        0x8 C:/devkitPro/libogc/lib/wii\libbte.a(bte.o)
                0x8000c4dc                acl_wlp_completed
 .text.bt_alarmhandler
                0x8000c4e4       0x58 C:/devkitPro/libogc/lib/wii\libbte.a(bte.o)
 .text.__bte_send_pending_request
                0x8000c53c      0x108 C:/devkitPro/libogc/lib/wii\libbte.a(bte.o)
 .text.acl_conn_complete
                0x8000c644       0x2c C:/devkitPro/libogc/lib/wii\libbte.a(bte.o)
                0x8000c644                acl_conn_complete
 .text.l2cap_accepted
                0x8000c670      0x134 C:/devkitPro/libogc/lib/wii\libbte.a(bte.o)
                0x8000c670                l2cap_accepted
 .text.l2cap_disconnect_cfm
                0x8000c7a4      0x19c C:/devkitPro/libogc/lib/wii\libbte.a(bte.o)
                0x8000c7a4                l2cap_disconnect_cfm
 .text.bte_process_input
                0x8000c940      0x128 C:/devkitPro/libogc/lib/wii\libbte.a(bte.o)
 .text.l2cap_disconnected_ind
                0x8000ca68      0x1a4 C:/devkitPro/libogc/lib/wii\libbte.a(bte.o)
                0x8000ca68                l2cap_disconnected_ind
 .text.__bte_shutdown_finished
                0x8000cc0c       0xe0 C:/devkitPro/libogc/lib/wii\libbte.a(bte.o)
 .text.bte_hci_apply_patch_complete
                0x8000ccec      0x164 C:/devkitPro/libogc/lib/wii\libbte.a(bte.o)
                0x8000ccec                bte_hci_apply_patch_complete
 .text.bte_hci_patch_complete
                0x8000ce50      0x380 C:/devkitPro/libogc/lib/wii\libbte.a(bte.o)
                0x8000ce50                bte_hci_patch_complete
 .text.bte_hci_initcore_complete
                0x8000d1d0      0x280 C:/devkitPro/libogc/lib/wii\libbte.a(bte.o)
                0x8000d1d0                bte_hci_initcore_complete
 .text.bte_read_stored_link_key_complete
                0x8000d450      0x27c C:/devkitPro/libogc/lib/wii\libbte.a(bte.o)
                0x8000d450                bte_read_stored_link_key_complete
 .text.bte_hci_initcore_complete2
                0x8000d6cc      0x22c C:/devkitPro/libogc/lib/wii\libbte.a(bte.o)
 .text.bte_hci_initsub_complete
                0x8000d8f8      0x280 C:/devkitPro/libogc/lib/wii\libbte.a(bte.o)
                0x8000d8f8                bte_hci_initsub_complete
 .text.BTE_Init
                0x8000db78      0x138 C:/devkitPro/libogc/lib/wii\libbte.a(bte.o)
                0x8000db78                BTE_Init
 .text.BTE_Shutdown
                0x8000dcb0      0x100 C:/devkitPro/libogc/lib/wii\libbte.a(bte.o)
                0x8000dcb0                BTE_Shutdown
 .text.BTE_InitCore
                0x8000ddb0       0x8c C:/devkitPro/libogc/lib/wii\libbte.a(bte.o)
                0x8000ddb0                BTE_InitCore
 .text.BTE_ApplyPatch
                0x8000de3c       0xa4 C:/devkitPro/libogc/lib/wii\libbte.a(bte.o)
                0x8000de3c                BTE_ApplyPatch
 .text.BTE_InitSub
                0x8000dee0       0x90 C:/devkitPro/libogc/lib/wii\libbte.a(bte.o)
                0x8000dee0                BTE_InitSub
 .text.BTE_ReadStoredLinkKey
                0x8000df70       0x90 C:/devkitPro/libogc/lib/wii\libbte.a(bte.o)
                0x8000df70                BTE_ReadStoredLinkKey
 .text.BTE_SetDisconnectCallback
                0x8000e000        0x4 C:/devkitPro/libogc/lib/wii\libbte.a(bte.o)
                0x8000e000                BTE_SetDisconnectCallback
 .text.bte_new  0x8000e004       0x54 C:/devkitPro/libogc/lib/wii\libbte.a(bte.o)
                0x8000e004                bte_new
 .text.bte_registerdeviceasync
                0x8000e058      0x158 C:/devkitPro/libogc/lib/wii\libbte.a(bte.o)
                0x8000e058                bte_registerdeviceasync
 .text.bte_disconnect
                0x8000e1b0       0xd8 C:/devkitPro/libogc/lib/wii\libbte.a(bte.o)
                0x8000e1b0                bte_disconnect
 .text.bte_senddata
                0x8000e288      0x104 C:/devkitPro/libogc/lib/wii\libbte.a(bte.o)
                0x8000e288                bte_senddata
 .text.bte_arg  0x8000e38c       0x38 C:/devkitPro/libogc/lib/wii\libbte.a(bte.o)
                0x8000e38c                bte_arg
 .text.bte_received
                0x8000e3c4       0x38 C:/devkitPro/libogc/lib/wii\libbte.a(bte.o)
                0x8000e3c4                bte_received
 .text.bte_disconnected
                0x8000e3fc       0x38 C:/devkitPro/libogc/lib/wii\libbte.a(bte.o)
                0x8000e3fc                bte_disconnected
 .text.hci_get_link
                0x8000e434       0x84 C:/devkitPro/libogc/lib/wii\libbte.a(hci.o)
 .text.hci_init
                0x8000e4b8       0x80 C:/devkitPro/libogc/lib/wii\libbte.a(hci.o)
                0x8000e4b8                hci_init
 .text.hci_close
                0x8000e538       0xd0 C:/devkitPro/libogc/lib/wii\libbte.a(hci.o)
                0x8000e538                hci_close
 .text.hci_reset_all
                0x8000e608       0xb8 C:/devkitPro/libogc/lib/wii\libbte.a(hci.o)
                0x8000e608                hci_reset_all
 .text.hci_arg  0x8000e6c0        0xc C:/devkitPro/libogc/lib/wii\libbte.a(hci.o)
                0x8000e6c0                hci_arg
 .text.hci_cmd_complete
                0x8000e6cc        0xc C:/devkitPro/libogc/lib/wii\libbte.a(hci.o)
                0x8000e6cc                hci_cmd_complete
 .text.hci_connection_complete
                0x8000e6d8        0xc C:/devkitPro/libogc/lib/wii\libbte.a(hci.o)
                0x8000e6d8                hci_connection_complete
 .text.hci_wlp_complete
                0x8000e6e4        0xc C:/devkitPro/libogc/lib/wii\libbte.a(hci.o)
                0x8000e6e4                hci_wlp_complete
 .text.hci_reset
                0x8000e6f0       0xac C:/devkitPro/libogc/lib/wii\libbte.a(hci.o)
                0x8000e6f0                hci_reset
 .text.hci_read_buffer_size
                0x8000e79c       0xac C:/devkitPro/libogc/lib/wii\libbte.a(hci.o)
                0x8000e79c                hci_read_buffer_size
 .text.hci_read_bd_addr
                0x8000e848       0xac C:/devkitPro/libogc/lib/wii\libbte.a(hci.o)
                0x8000e848                hci_read_bd_addr
 .text.hci_read_local_version
                0x8000e8f4       0xa8 C:/devkitPro/libogc/lib/wii\libbte.a(hci.o)
                0x8000e8f4                hci_read_local_version
 .text.hci_read_local_features
                0x8000e99c       0xac C:/devkitPro/libogc/lib/wii\libbte.a(hci.o)
                0x8000e99c                hci_read_local_features
 .text.hci_read_stored_link_key
                0x8000ea48      0x100 C:/devkitPro/libogc/lib/wii\libbte.a(hci.o)
                0x8000ea48                hci_read_stored_link_key
 .text.hci_write_page_timeout
                0x8000eb48       0xd0 C:/devkitPro/libogc/lib/wii\libbte.a(hci.o)
                0x8000eb48                hci_write_page_timeout
 .text.hci_write_scan_enable
                0x8000ec18       0xbc C:/devkitPro/libogc/lib/wii\libbte.a(hci.o)
                0x8000ec18                hci_write_scan_enable
 .text.hci_accecpt_conn_request
                0x8000ecd4       0xe0 C:/devkitPro/libogc/lib/wii\libbte.a(hci.o)
                0x8000ecd4                hci_accecpt_conn_request
 .text.hci_write_local_name
                0x8000edb4       0xd8 C:/devkitPro/libogc/lib/wii\libbte.a(hci.o)
                0x8000edb4                hci_write_local_name
 .text.hci_write_pin_type
                0x8000ee8c       0xbc C:/devkitPro/libogc/lib/wii\libbte.a(hci.o)
                0x8000ee8c                hci_write_pin_type
 .text.hci_write_inquiry_mode
                0x8000ef48       0xbc C:/devkitPro/libogc/lib/wii\libbte.a(hci.o)
                0x8000ef48                hci_write_inquiry_mode
 .text.hci_write_page_scan_type
                0x8000f004       0xbc C:/devkitPro/libogc/lib/wii\libbte.a(hci.o)
                0x8000f004                hci_write_page_scan_type
 .text.hci_write_inquiry_scan_type
                0x8000f0c0       0xbc C:/devkitPro/libogc/lib/wii\libbte.a(hci.o)
                0x8000f0c0                hci_write_inquiry_scan_type
 .text.hci_vendor_specific_command
                0x8000f17c       0xe8 C:/devkitPro/libogc/lib/wii\libbte.a(hci.o)
                0x8000f17c                hci_vendor_specific_command
 .text.hci_write_link_policy_settings
                0x8000f264      0x104 C:/devkitPro/libogc/lib/wii\libbte.a(hci.o)
                0x8000f264                hci_write_link_policy_settings
 .text.hci_pin_code_request_neg_reply
                0x8000f368       0xcc C:/devkitPro/libogc/lib/wii\libbte.a(hci.o)
                0x8000f368                hci_pin_code_request_neg_reply
 .text.hci_link_key_req_neg_reply
                0x8000f434       0xcc C:/devkitPro/libogc/lib/wii\libbte.a(hci.o)
                0x8000f434                hci_link_key_req_neg_reply
 .text.hci_disconnect
                0x8000f500       0xfc C:/devkitPro/libogc/lib/wii\libbte.a(hci.o)
                0x8000f500                hci_disconnect
 .text.hci_write_cod
                0x8000f5fc       0xcc C:/devkitPro/libogc/lib/wii\libbte.a(hci.o)
                0x8000f5fc                hci_write_cod
 .text.hci_host_buffer_size
                0x8000f6c8      0x10c C:/devkitPro/libogc/lib/wii\libbte.a(hci.o)
                0x8000f6c8                hci_host_buffer_size
 .text.hci_host_num_comp_packets
                0x8000f7d4      0x108 C:/devkitPro/libogc/lib/wii\libbte.a(hci.o)
                0x8000f7d4                hci_host_num_comp_packets
 .text.lp_pdu_maxsize
                0x8000f8dc        0xc C:/devkitPro/libogc/lib/wii\libbte.a(hci.o)
                0x8000f8dc                lp_pdu_maxsize
 .text.lp_acl_write
                0x8000f8e8      0x158 C:/devkitPro/libogc/lib/wii\libbte.a(hci.o)
                0x8000f8e8                lp_acl_write
 .text.lp_write_flush_timeout
                0x8000fa40      0x104 C:/devkitPro/libogc/lib/wii\libbte.a(hci.o)
                0x8000fa40                lp_write_flush_timeout
 .text.hci_event_handler
                0x8000fb44      0xc7c C:/devkitPro/libogc/lib/wii\libbte.a(hci.o)
                0x8000fb44                hci_event_handler
 .text.hci_acldata_handler
                0x800107c0      0x11c C:/devkitPro/libogc/lib/wii\libbte.a(hci.o)
                0x800107c0                hci_acldata_handler
 .text.l2cap_init
                0x800108dc       0x60 C:/devkitPro/libogc/lib/wii\libbte.a(l2cap.o)
                0x800108dc                l2cap_init
 .text.l2cap_write
                0x8001093c      0x1a0 C:/devkitPro/libogc/lib/wii\libbte.a(l2cap.o)
                0x8001093c                l2cap_write
 .text.l2cap_new
                0x80010adc       0x60 C:/devkitPro/libogc/lib/wii\libbte.a(l2cap.o)
                0x80010adc                l2cap_new
 .text.l2cap_close
                0x80010b3c      0x1d4 C:/devkitPro/libogc/lib/wii\libbte.a(l2cap.o)
                0x80010b3c                l2cap_close
 .text.l2cap_reset_all
                0x80010d10      0x154 C:/devkitPro/libogc/lib/wii\libbte.a(l2cap.o)
                0x80010d10                l2cap_reset_all
 .text.l2cap_signal
                0x80010e64      0x204 C:/devkitPro/libogc/lib/wii\libbte.a(l2cap.o)
                0x80010e64                l2cap_signal
 .text.l2ca_config_req
                0x80011068      0x158 C:/devkitPro/libogc/lib/wii\libbte.a(l2cap.o)
                0x80011068                l2ca_config_req
 .text.l2ca_disconnect_req
                0x800111c0       0xcc C:/devkitPro/libogc/lib/wii\libbte.a(l2cap.o)
                0x800111c0                l2ca_disconnect_req
 .text.l2cap_tmr
                0x8001128c      0x260 C:/devkitPro/libogc/lib/wii\libbte.a(l2cap.o)
                0x8001128c                l2cap_tmr
 .text.l2cap_process_sig
                0x800114ec     0x1334 C:/devkitPro/libogc/lib/wii\libbte.a(l2cap.o)
                0x800114ec                l2cap_process_sig
 .text.l2cap_input
                0x80012820      0x578 C:/devkitPro/libogc/lib/wii\libbte.a(l2cap.o)
                0x80012820                l2cap_input
 .text.l2ca_datawrite
                0x80012d98      0x128 C:/devkitPro/libogc/lib/wii\libbte.a(l2cap.o)
                0x80012d98                l2ca_datawrite
 .text.lp_connect_cfm
                0x80012ec0      0x184 C:/devkitPro/libogc/lib/wii\libbte.a(l2cap.o)
                0x80012ec0                lp_connect_cfm
 .text.lp_connect_ind
                0x80013044        0x4 C:/devkitPro/libogc/lib/wii\libbte.a(l2cap.o)
                0x80013044                lp_connect_ind
 .text.lp_disconnect_ind
                0x80013048      0x124 C:/devkitPro/libogc/lib/wii\libbte.a(l2cap.o)
                0x80013048                lp_disconnect_ind
 .text.l2cap_disconnect_bb
                0x8001316c       0x10 C:/devkitPro/libogc/lib/wii\libbte.a(l2cap.o)
                0x8001316c                l2cap_disconnect_bb
 .text.l2cap_arg
                0x8001317c        0x8 C:/devkitPro/libogc/lib/wii\libbte.a(l2cap.o)
                0x8001317c                l2cap_arg
 .text.l2cap_connect_ind
                0x80013184      0x104 C:/devkitPro/libogc/lib/wii\libbte.a(l2cap.o)
                0x80013184                l2cap_connect_ind
 .text.l2cap_disconnect_ind
                0x80013288        0x8 C:/devkitPro/libogc/lib/wii\libbte.a(l2cap.o)
                0x80013288                l2cap_disconnect_ind
 .text.l2cap_recv
                0x80013290        0x8 C:/devkitPro/libogc/lib/wii\libbte.a(l2cap.o)
                0x80013290                l2cap_recv
 .text.btmemb_init
                0x80013298       0x24 C:/devkitPro/libogc/lib/wii\libbte.a(btmemb.o)
                0x80013298                btmemb_init
 .text.btmemb_alloc
                0x800132bc       0x98 C:/devkitPro/libogc/lib/wii\libbte.a(btmemb.o)
                0x800132bc                btmemb_alloc
 .text.btmemb_free
                0x80013354      0x114 C:/devkitPro/libogc/lib/wii\libbte.a(btmemb.o)
                0x80013354                btmemb_free
 .text.plug_holes
                0x80013468       0xac C:/devkitPro/libogc/lib/wii\libbte.a(btmemr.o)
 .text.btmemr_init
                0x80013514       0xa4 C:/devkitPro/libogc/lib/wii\libbte.a(btmemr.o)
                0x80013514                btmemr_init
 .text.btmemr_malloc
                0x800135b8      0x17c C:/devkitPro/libogc/lib/wii\libbte.a(btmemr.o)
                0x800135b8                btmemr_malloc
 .text.btmemr_free
                0x80013734       0x98 C:/devkitPro/libogc/lib/wii\libbte.a(btmemr.o)
                0x80013734                btmemr_free
 .text.btmemr_realloc
                0x800137cc      0x108 C:/devkitPro/libogc/lib/wii\libbte.a(btmemr.o)
                0x800137cc                btmemr_realloc
 .text.btpbuf_init
                0x800138d4       0x28 C:/devkitPro/libogc/lib/wii\libbte.a(btpbuf.o)
                0x800138d4                btpbuf_init
 .text.btpbuf_free
                0x800138fc      0x11c C:/devkitPro/libogc/lib/wii\libbte.a(btpbuf.o)
                0x800138fc                btpbuf_free
 .text.btpbuf_alloc
                0x80013a18      0x250 C:/devkitPro/libogc/lib/wii\libbte.a(btpbuf.o)
                0x80013a18                btpbuf_alloc
 .text.btpbuf_realloc
                0x80013c68      0x110 C:/devkitPro/libogc/lib/wii\libbte.a(btpbuf.o)
                0x80013c68                btpbuf_realloc
 .text.btpbuf_header
                0x80013d78       0x84 C:/devkitPro/libogc/lib/wii\libbte.a(btpbuf.o)
                0x80013d78                btpbuf_header
 .text.btpbuf_ref
                0x80013dfc       0x48 C:/devkitPro/libogc/lib/wii\libbte.a(btpbuf.o)
                0x80013dfc                btpbuf_ref
 .text.btpbuf_chain
                0x80013e44       0x9c C:/devkitPro/libogc/lib/wii\libbte.a(btpbuf.o)
                0x80013e44                btpbuf_chain
 .text.btpbuf_dechain
                0x80013ee0       0x7c C:/devkitPro/libogc/lib/wii\libbte.a(btpbuf.o)
                0x80013ee0                btpbuf_dechain
 .text.btpbuf_take
                0x80013f5c      0x13c C:/devkitPro/libogc/lib/wii\libbte.a(btpbuf.o)
                0x80013f5c                btpbuf_take
 .text.__usb_closeCB
                0x80014098       0x10 C:/devkitPro/libogc/lib/wii\libbte.a(physbusif.o)
 .text.__writebulkmsgCB
                0x800140a8       0x3c C:/devkitPro/libogc/lib/wii\libbte.a(physbusif.o)
 .text.__writectrlmsgCB
                0x800140e4       0x3c C:/devkitPro/libogc/lib/wii\libbte.a(physbusif.o)
 .text.__issue_intrread.part.0
                0x80014120       0x80 C:/devkitPro/libogc/lib/wii\libbte.a(physbusif.o)
 .text.__readintrdataCB
                0x800141a0      0x148 C:/devkitPro/libogc/lib/wii\libbte.a(physbusif.o)
 .text.__issue_bulkread.part.0
                0x800142e8       0x80 C:/devkitPro/libogc/lib/wii\libbte.a(physbusif.o)
 .text.__readbulkdataCB
                0x80014368      0x148 C:/devkitPro/libogc/lib/wii\libbte.a(physbusif.o)
 .text.physbusif_init
                0x800144b0      0x1ec C:/devkitPro/libogc/lib/wii\libbte.a(physbusif.o)
                0x800144b0                physbusif_init
 .text.physbusif_close
                0x8001469c       0x20 C:/devkitPro/libogc/lib/wii\libbte.a(physbusif.o)
                0x8001469c                physbusif_close
 .text.physbusif_shutdown
                0x800146bc       0x24 C:/devkitPro/libogc/lib/wii\libbte.a(physbusif.o)
                0x800146bc                physbusif_shutdown
 .text.physbusif_reset_all
                0x800146e0        0x4 C:/devkitPro/libogc/lib/wii\libbte.a(physbusif.o)
                0x800146e0                physbusif_reset_all
 .text.physbusif_output
                0x800146e4      0x1c4 C:/devkitPro/libogc/lib/wii\libbte.a(physbusif.o)
                0x800146e4                physbusif_output
 .text.__console_clear_line
                0x800148a8       0xb4 C:/devkitPro/libogc/lib/wii\libogc.a(console.o)
 .text.__console_clear
                0x8001495c       0xbc C:/devkitPro/libogc/lib/wii\libogc.a(console.o)
 .text.__console_write
                0x80014a18      0x82c C:/devkitPro/libogc/lib/wii\libogc.a(console.o)
                0x80014a18                __console_write
 .text.__console_init
                0x80015244      0x120 C:/devkitPro/libogc/lib/wii\libogc.a(console.o)
                0x80015244                __console_init
 .text.CON_Init
                0x80015364        0x4 C:/devkitPro/libogc/lib/wii\libogc.a(console.o)
                0x80015364                CON_Init
 .text.CON_EnableGecko
                0x80015368      0x100 C:/devkitPro/libogc/lib/wii\libogc.a(console.o)
                0x80015368                CON_EnableGecko
 .text.__lwp_queue_initialize
                0x80015468       0x98 C:/devkitPro/libogc/lib/wii\libogc.a(lwp_queue.o)
                0x80015468                __lwp_queue_initialize
 .text.__lwp_queue_get
                0x80015500       0x74 C:/devkitPro/libogc/lib/wii\libogc.a(lwp_queue.o)
                0x80015500                __lwp_queue_get
 .text.__lwp_queue_append
                0x80015574       0x4c C:/devkitPro/libogc/lib/wii\libogc.a(lwp_queue.o)
                0x80015574                __lwp_queue_append
 .text.__syscall_getreent
                0x800155c0       0x24 C:/devkitPro/libogc/lib/wii\libogc.a(lwp_threads.o)
                0x800155c0                __syscall_getreent
 .text.__lwp_isr_in_progress
                0x800155e4        0x8 C:/devkitPro/libogc/lib/wii\libogc.a(lwp_threads.o)
                0x800155e4                __lwp_isr_in_progress
 .text.__thread_dispatch_fp
                0x800155ec       0x88 C:/devkitPro/libogc/lib/wii\libogc.a(lwp_threads.o)
                0x800155ec                __thread_dispatch_fp
 .text.__thread_dispatch
                0x80015674       0xf4 C:/devkitPro/libogc/lib/wii\libogc.a(lwp_threads.o)
                0x80015674                __thread_dispatch
 .text.__lwp_thread_resettimeslice
                0x80015768       0xb4 C:/devkitPro/libogc/lib/wii\libogc.a(lwp_threads.o)
                0x80015768                __lwp_thread_resettimeslice
 .text.__lwp_thread_tickle_timeslice
                0x8001581c       0xc8 C:/devkitPro/libogc/lib/wii\libogc.a(lwp_threads.o)
                0x8001581c                __lwp_thread_tickle_timeslice
 .text.__lwp_thread_setstate
                0x800158e4      0x16c C:/devkitPro/libogc/lib/wii\libogc.a(lwp_threads.o)
                0x800158e4                __lwp_thread_setstate
 .text.__lwp_thread_clearstate
                0x80015a50       0xe4 C:/devkitPro/libogc/lib/wii\libogc.a(lwp_threads.o)
                0x80015a50                __lwp_thread_clearstate
 .text.__lwp_thread_delayended
                0x80015b34       0x48 C:/devkitPro/libogc/lib/wii\libogc.a(lwp_threads.o)
                0x80015b34                __lwp_thread_delayended
 .text.__lwp_thread_settransient
                0x80015b7c       0xb4 C:/devkitPro/libogc/lib/wii\libogc.a(lwp_threads.o)
                0x80015b7c                __lwp_thread_settransient
 .text.__lwp_thread_changepriority
                0x80015c30      0x1f8 C:/devkitPro/libogc/lib/wii\libogc.a(lwp_threads.o)
                0x80015c30                __lwp_thread_changepriority
 .text.__lwp_thread_ready
                0x80015e28       0xf0 C:/devkitPro/libogc/lib/wii\libogc.a(lwp_threads.o)
                0x80015e28                __lwp_thread_ready
 .text.__lwp_thread_init
                0x80015f18      0x160 C:/devkitPro/libogc/lib/wii\libogc.a(lwp_threads.o)
                0x80015f18                __lwp_thread_init
 .text.__lwp_thread_close
                0x80016078      0x144 C:/devkitPro/libogc/lib/wii\libogc.a(lwp_threads.o)
                0x80016078                __lwp_thread_close
 .text.__lwp_thread_handler
                0x800161bc       0xc0 C:/devkitPro/libogc/lib/wii\libogc.a(lwp_threads.o)
 .text.__lwp_thread_closeall
                0x8001627c       0xb0 C:/devkitPro/libogc/lib/wii\libogc.a(lwp_threads.o)
                0x8001627c                __lwp_thread_closeall
 .text.__lwp_thread_start
                0x8001632c      0x150 C:/devkitPro/libogc/lib/wii\libogc.a(lwp_threads.o)
                0x8001632c                __lwp_thread_start
 .text.__lwp_thread_startmultitasking
                0x8001647c       0xac C:/devkitPro/libogc/lib/wii\libogc.a(lwp_threads.o)
                0x8001647c                __lwp_thread_startmultitasking
 .text.__lwp_thread_stopmultitasking
                0x80016528       0x58 C:/devkitPro/libogc/lib/wii\libogc.a(lwp_threads.o)
                0x80016528                __lwp_thread_stopmultitasking
 .text.__lwp_thread_coreinit
                0x80016580       0xc4 C:/devkitPro/libogc/lib/wii\libogc.a(lwp_threads.o)
                0x80016580                __lwp_thread_coreinit
 .text.idle_func
                0x80016644        0x4 C:/devkitPro/libogc/lib/wii\libogc.a(lwp.o)
 .text.__lwp_sysinit
                0x80016648      0x114 C:/devkitPro/libogc/lib/wii\libogc.a(lwp.o)
                0x80016648                __lwp_sysinit
 .text.LWP_InitQueue
                0x8001675c      0x140 C:/devkitPro/libogc/lib/wii\libogc.a(lwp.o)
                0x8001675c                LWP_InitQueue
 .text.LWP_CloseQueue
                0x8001689c       0xd4 C:/devkitPro/libogc/lib/wii\libogc.a(lwp.o)
                0x8001689c                LWP_CloseQueue
 .text.LWP_ThreadSleep
                0x80016970       0xf8 C:/devkitPro/libogc/lib/wii\libogc.a(lwp.o)
                0x80016970                LWP_ThreadSleep
 .text.LWP_ThreadBroadcast
                0x80016a68       0x88 C:/devkitPro/libogc/lib/wii\libogc.a(lwp.o)
                0x80016a68                LWP_ThreadBroadcast
 .text.LWP_ThreadSignal
                0x80016af0       0x74 C:/devkitPro/libogc/lib/wii\libogc.a(lwp.o)
                0x80016af0                LWP_ThreadSignal
 .text.__lwp_stack_allocate
                0x80016b64       0x60 C:/devkitPro/libogc/lib/wii\libogc.a(lwp_stack.o)
                0x80016b64                __lwp_stack_allocate
 .text.__lwp_stack_free
                0x80016bc4       0x1c C:/devkitPro/libogc/lib/wii\libogc.a(lwp_stack.o)
                0x80016bc4                __lwp_stack_free
 .text.__lwp_wd_settimer
                0x80016be0       0xe0 C:/devkitPro/libogc/lib/wii\libogc.a(lwp_watchdog.o)
 .text.__lwp_watchdog_init
                0x80016cc0       0x2c C:/devkitPro/libogc/lib/wii\libogc.a(lwp_watchdog.o)
                0x80016cc0                __lwp_watchdog_init
 .text.__lwp_wd_insert
                0x80016cec      0x194 C:/devkitPro/libogc/lib/wii\libogc.a(lwp_watchdog.o)
                0x80016cec                __lwp_wd_insert
 .text.__lwp_wd_remove
                0x80016e80      0x138 C:/devkitPro/libogc/lib/wii\libogc.a(lwp_watchdog.o)
                0x80016e80                __lwp_wd_remove
 .text.__lwp_wd_tickle
                0x80016fb8      0x120 C:/devkitPro/libogc/lib/wii\libogc.a(lwp_watchdog.o)
                0x80016fb8                __lwp_wd_tickle
 .text.__lwp_wkspace_init
                0x800170d8       0xc0 C:/devkitPro/libogc/lib/wii\libogc.a(lwp_wkspace.o)
                0x800170d8                __lwp_wkspace_init
 .text.__lwp_objmgr_initinfo
                0x80017198      0x1a0 C:/devkitPro/libogc/lib/wii\libogc.a(lwp_objmgr.o)
                0x80017198                __lwp_objmgr_initinfo
 .text.__lwp_objmgr_getisrdisable
                0x80017338       0x60 C:/devkitPro/libogc/lib/wii\libogc.a(lwp_objmgr.o)
                0x80017338                __lwp_objmgr_getisrdisable
 .text.__lwp_objmgr_getnoprotection
                0x80017398       0x24 C:/devkitPro/libogc/lib/wii\libogc.a(lwp_objmgr.o)
                0x80017398                __lwp_objmgr_getnoprotection
 .text.__lwp_objmgr_get
                0x800173bc       0x6c C:/devkitPro/libogc/lib/wii\libogc.a(lwp_objmgr.o)
                0x800173bc                __lwp_objmgr_get
 .text.__lwp_objmgr_allocate
                0x80017428       0x88 C:/devkitPro/libogc/lib/wii\libogc.a(lwp_objmgr.o)
                0x80017428                __lwp_objmgr_allocate
 .text.__lwp_objmgr_free
                0x800174b0       0x60 C:/devkitPro/libogc/lib/wii\libogc.a(lwp_objmgr.o)
                0x800174b0                __lwp_objmgr_free
 .text.__lwp_heap_init
                0x80017510       0xa4 C:/devkitPro/libogc/lib/wii\libogc.a(lwp_heap.o)
                0x80017510                __lwp_heap_init
 .text.__lwp_heap_allocate
                0x800175b4      0x160 C:/devkitPro/libogc/lib/wii\libogc.a(lwp_heap.o)
                0x800175b4                __lwp_heap_allocate
 .text.__lwp_heap_free
                0x80017714      0x188 C:/devkitPro/libogc/lib/wii\libogc.a(lwp_heap.o)
                0x80017714                __lwp_heap_free
 .text.__SetInterrupts
                0x8001789c      0x268 C:/devkitPro/libogc/lib/wii\libogc.a(irq.o)
 .text.c_irqdispatcher
                0x80017b04      0x278 C:/devkitPro/libogc/lib/wii\libogc.a(irq.o)
                0x80017b04                c_irqdispatcher
 .text.__UnmaskIrq
                0x80017d7c       0x84 C:/devkitPro/libogc/lib/wii\libogc.a(irq.o)
                0x80017d7c                __UnmaskIrq
 .text.__MaskIrq
                0x80017e00       0x84 C:/devkitPro/libogc/lib/wii\libogc.a(irq.o)
                0x80017e00                __MaskIrq
 .text.__irq_init
                0x80017e84       0x84 C:/devkitPro/libogc/lib/wii\libogc.a(irq.o)
                0x80017e84                __irq_init
 .text.IRQ_Request
                0x80017f08       0x50 C:/devkitPro/libogc/lib/wii\libogc.a(irq.o)
                0x80017f08                IRQ_Request
 .text.IRQ_GetHandler
                0x80017f58       0x44 C:/devkitPro/libogc/lib/wii\libogc.a(irq.o)
                0x80017f58                IRQ_GetHandler
 .text.IRQ_Disable
                0x80017f9c       0x1c C:/devkitPro/libogc/lib/wii\libogc.a(irq.o)
                0x80017f9c                IRQ_Disable
 .text.IRQ_Restore
                0x80017fb8       0x1c C:/devkitPro/libogc/lib/wii\libogc.a(irq.o)
                0x80017fb8                IRQ_Restore
 .text.__VISendI2CData.constprop.0.isra.0
                0x80017fd4      0x450 C:/devkitPro/libogc/lib/wii\libogc.a(video.o)
 .text.__setFbbRegs.constprop.0
                0x80018424      0x190 C:/devkitPro/libogc/lib/wii\libogc.a(video.o)
 .text.__VISetYUVSEL
                0x800185b4       0xb8 C:/devkitPro/libogc/lib/wii\libogc.a(video.o)
 .text.VIDEO_Configure
                0x8001866c      0x5ec C:/devkitPro/libogc/lib/wii\libogc.a(video.o)
                0x8001866c                VIDEO_Configure
 .text.VIDEO_WaitVSync
                0x80018c58       0x74 C:/devkitPro/libogc/lib/wii\libogc.a(video.o)
                0x80018c58                VIDEO_WaitVSync
 .text.VIDEO_SetFramebuffer
                0x80018ccc      0x108 C:/devkitPro/libogc/lib/wii\libogc.a(video.o)
                0x80018ccc                VIDEO_SetFramebuffer
 .text.VIDEO_SetNextFramebuffer
                0x80018dd4       0x70 C:/devkitPro/libogc/lib/wii\libogc.a(video.o)
                0x80018dd4                VIDEO_SetNextFramebuffer
 .text.VIDEO_Flush
                0x80018e44       0xf4 C:/devkitPro/libogc/lib/wii\libogc.a(video.o)
                0x80018e44                VIDEO_Flush
 .text.VIDEO_SetBlack
                0x80018f38      0x15c C:/devkitPro/libogc/lib/wii\libogc.a(video.o)
                0x80018f38                VIDEO_SetBlack
 .text.VIDEO_GetCurrentTvMode
                0x80019094       0x78 C:/devkitPro/libogc/lib/wii\libogc.a(video.o)
                0x80019094                VIDEO_GetCurrentTvMode
 .text.__VIRetraceHandler
                0x8001910c      0x298 C:/devkitPro/libogc/lib/wii\libogc.a(video.o)
 .text.__VISetupEncoder
                0x800193a4      0x2cc C:/devkitPro/libogc/lib/wii\libogc.a(video.o)
 .text.VIDEO_Init
                0x80019670      0x4e4 C:/devkitPro/libogc/lib/wii\libogc.a(video.o)
                0x80019670                VIDEO_Init
 .text.VIDEO_GetPreferredMode
                0x80019b54      0x108 C:/devkitPro/libogc/lib/wii\libogc.a(video.o)
                0x80019b54                VIDEO_GetPreferredMode
 .text.VIDEO_GetCurrentLine
                0x80019c5c       0x9c C:/devkitPro/libogc/lib/wii\libogc.a(video.o)
                0x80019c5c                VIDEO_GetCurrentLine
 .text.VIDEO_GetFrameBufferSize
                0x80019cf8       0x34 C:/devkitPro/libogc/lib/wii\libogc.a(video.o)
                0x80019cf8                VIDEO_GetFrameBufferSize
 .text.__call_resetfuncs
                0x80019d2c       0xbc C:/devkitPro/libogc/lib/wii\libogc.a(system.o)
 .text.__MEMInterruptHandler
                0x80019de8       0x14 C:/devkitPro/libogc/lib/wii\libogc.a(system.o)
 .text.__RSWDefaultHandler
                0x80019dfc        0x4 C:/devkitPro/libogc/lib/wii\libogc.a(system.o)
 .text.__POWDefaultHandler
                0x80019e00        0x4 C:/devkitPro/libogc/lib/wii\libogc.a(system.o)
 .text.__STMEventHandler
                0x80019e04      0x104 C:/devkitPro/libogc/lib/wii\libogc.a(system.o)
 .text.__getrtc
                0x80019f08      0x13c C:/devkitPro/libogc/lib/wii\libogc.a(system.o)
 .text.__sram_write
                0x8001a044      0x130 C:/devkitPro/libogc/lib/wii\libogc.a(system.o)
 .text.__sram_writecallback
                0x8001a174       0x54 C:/devkitPro/libogc/lib/wii\libogc.a(system.o)
 .text.__mem_onreset
                0x8001a1c8       0x48 C:/devkitPro/libogc/lib/wii\libogc.a(system.o)
 .text.__unlocksram
                0x8001a210      0x174 C:/devkitPro/libogc/lib/wii\libogc.a(system.o)
 .text.__sys_alarmhandler
                0x8001a384      0x154 C:/devkitPro/libogc/lib/wii\libogc.a(system.o)
 .text.__syscall_malloc_lock
                0x8001a4d8        0x4 C:/devkitPro/libogc/lib/wii\libogc.a(system.o)
                0x8001a4d8                __syscall_malloc_lock
 .text.__syscall_malloc_unlock
                0x8001a4dc        0x4 C:/devkitPro/libogc/lib/wii\libogc.a(system.o)
                0x8001a4dc                __syscall_malloc_unlock
 .text.__syscall_nanosleep
                0x8001a4e0        0x4 C:/devkitPro/libogc/lib/wii\libogc.a(system.o)
                0x8001a4e0                __syscall_nanosleep
 .text.__SYS_GetRTC
                0x8001a4e4       0xa0 C:/devkitPro/libogc/lib/wii\libogc.a(system.o)
                0x8001a4e4                __SYS_GetRTC
 .text.__SYS_SetBootTime
                0x8001a584      0x108 C:/devkitPro/libogc/lib/wii\libogc.a(system.o)
                0x8001a584                __SYS_SetBootTime
 .text.__SYS_GetIPCBufferLo
                0x8001a68c        0x8 C:/devkitPro/libogc/lib/wii\libogc.a(system.o)
                0x8001a68c                __SYS_GetIPCBufferLo
 .text.__SYS_GetIPCBufferHi
                0x8001a694        0x8 C:/devkitPro/libogc/lib/wii\libogc.a(system.o)
                0x8001a694                __SYS_GetIPCBufferHi
 .text.__SYS_DoPowerCB
                0x8001a69c       0x74 C:/devkitPro/libogc/lib/wii\libogc.a(system.o)
                0x8001a69c                __SYS_DoPowerCB
 .text.__SYS_PreInit
                0x8001a710        0x4 C:/devkitPro/libogc/lib/wii\libogc.a(system.o)
                0x8001a710                __SYS_PreInit
 .text.SYS_PreMain
                0x8001a714       0x7c C:/devkitPro/libogc/lib/wii\libogc.a(system.o)
                0x8001a714                SYS_PreMain
 .text.SYS_ResetButtonDown
                0x8001a790       0x18 C:/devkitPro/libogc/lib/wii\libogc.a(system.o)
                0x8001a790                SYS_ResetButtonDown
 .text.SYS_ResetSystem
                0x8001a7a8      0x210 C:/devkitPro/libogc/lib/wii\libogc.a(system.o)
                0x8001a7a8                SYS_ResetSystem
 .text.__reload
                0x8001a9b8       0x80 C:/devkitPro/libogc/lib/wii\libogc.a(system.o)
                0x8001a9b8                __reload
 .text.__syscall_exit
                0x8001aa38       0x88 C:/devkitPro/libogc/lib/wii\libogc.a(system.o)
                0x8001aa38                __syscall_exit
 .text.SYS_RegisterResetFunc
                0x8001aac0       0x78 C:/devkitPro/libogc/lib/wii\libogc.a(system.o)
                0x8001aac0                SYS_RegisterResetFunc
 .text.SYS_SetArena1Lo
                0x8001ab38       0x38 C:/devkitPro/libogc/lib/wii\libogc.a(system.o)
                0x8001ab38                SYS_SetArena1Lo
 .text.SYS_GetArena1Lo
                0x8001ab70       0x38 C:/devkitPro/libogc/lib/wii\libogc.a(system.o)
                0x8001ab70                SYS_GetArena1Lo
 .text.SYS_GetArena1Hi
                0x8001aba8       0x38 C:/devkitPro/libogc/lib/wii\libogc.a(system.o)
                0x8001aba8                SYS_GetArena1Hi
 .text.SYS_SetArena2Lo
                0x8001abe0       0x38 C:/devkitPro/libogc/lib/wii\libogc.a(system.o)
                0x8001abe0                SYS_SetArena2Lo
 .text.SYS_GetArena2Lo
                0x8001ac18       0x38 C:/devkitPro/libogc/lib/wii\libogc.a(system.o)
                0x8001ac18                SYS_GetArena2Lo
 .text.SYS_SetArena2Hi
                0x8001ac50       0x38 C:/devkitPro/libogc/lib/wii\libogc.a(system.o)
                0x8001ac50                SYS_SetArena2Hi
 .text.SYS_GetArena2Hi
                0x8001ac88       0x38 C:/devkitPro/libogc/lib/wii\libogc.a(system.o)
                0x8001ac88                SYS_GetArena2Hi
 .text.SYS_AllocateFramebuffer
                0x8001acc0       0x28 C:/devkitPro/libogc/lib/wii\libogc.a(system.o)
                0x8001acc0                SYS_AllocateFramebuffer
 .text.SYS_CreateAlarm
                0x8001ace8       0xf0 C:/devkitPro/libogc/lib/wii\libogc.a(system.o)
                0x8001ace8                SYS_CreateAlarm
 .text.SYS_SetAlarm
                0x8001add8      0x1e0 C:/devkitPro/libogc/lib/wii\libogc.a(system.o)
                0x8001add8                SYS_SetAlarm
 .text.SYS_SetPeriodicAlarm
                0x8001afb8      0x270 C:/devkitPro/libogc/lib/wii\libogc.a(system.o)
                0x8001afb8                SYS_SetPeriodicAlarm
 .text.SYS_RemoveAlarm
                0x8001b228      0x10c C:/devkitPro/libogc/lib/wii\libogc.a(system.o)
                0x8001b228                SYS_RemoveAlarm
 .text.SYS_CancelAlarm
                0x8001b334       0xbc C:/devkitPro/libogc/lib/wii\libogc.a(system.o)
                0x8001b334                SYS_CancelAlarm
 .text.SYS_GetWirelessID
                0x8001b3f0       0x94 C:/devkitPro/libogc/lib/wii\libogc.a(system.o)
                0x8001b3f0                SYS_GetWirelessID
 .text.SYS_SetWirelessID
                0x8001b484       0x90 C:/devkitPro/libogc/lib/wii\libogc.a(system.o)
                0x8001b484                SYS_SetWirelessID
 .text.SYS_SetGBSMode
                0x8001b514       0xa8 C:/devkitPro/libogc/lib/wii\libogc.a(system.o)
                0x8001b514                SYS_SetGBSMode
 .text.__sram_init
                0x8001b5bc      0x1b8 C:/devkitPro/libogc/lib/wii\libogc.a(system.o)
                0x8001b5bc                __sram_init
 .text.SYS_Init
                0x8001b774      0x5e8 C:/devkitPro/libogc/lib/wii\libogc.a(system.o)
                0x8001b774                SYS_Init
 .text.SYS_GetHollywoodRevision
                0x8001bd5c       0x3c C:/devkitPro/libogc/lib/wii\libogc.a(system.o)
                0x8001bd5c                SYS_GetHollywoodRevision
 .text.SYS_Time
                0x8001bd98       0x78 C:/devkitPro/libogc/lib/wii\libogc.a(system.o)
                0x8001bd98                SYS_Time
 .text.__lwp_cond_init
                0x8001be10       0x14 C:/devkitPro/libogc/lib/wii\libogc.a(cond.o)
                0x8001be10                __lwp_cond_init
 .text.__decrementer_init
                0x8001be24        0x4 C:/devkitPro/libogc/lib/wii\libogc.a(decrementer.o)
                0x8001be24                __decrementer_init
 .text.c_decrementer_handler
                0x8001be28        0xc C:/devkitPro/libogc/lib/wii\libogc.a(decrementer.o)
                0x8001be28                c_decrementer_handler
 .text.__lwp_mqbox_init
                0x8001be34       0x14 C:/devkitPro/libogc/lib/wii\libogc.a(message.o)
                0x8001be34                __lwp_mqbox_init
 .text.__si_transfer
                0x8001be48      0x1a4 C:/devkitPro/libogc/lib/wii\libogc.a(si.o)
 .text.__si_alarmhandler
                0x8001bfec       0xdc C:/devkitPro/libogc/lib/wii\libogc.a(si.o)
 .text.__si_completetransfer
                0x8001c0c8      0x1fc C:/devkitPro/libogc/lib/wii\libogc.a(si.o)
 .text.__si_transfernext
                0x8001c2c4       0xe0 C:/devkitPro/libogc/lib/wii\libogc.a(si.o)
 .text.SI_Busy  0x8001c3a4       0x18 C:/devkitPro/libogc/lib/wii\libogc.a(si.o)
                0x8001c3a4                SI_Busy
 .text.SI_IsChanBusy
                0x8001c3bc       0x38 C:/devkitPro/libogc/lib/wii\libogc.a(si.o)
                0x8001c3bc                SI_IsChanBusy
 .text.SI_SetXY
                0x8001c3f4       0x64 C:/devkitPro/libogc/lib/wii\libogc.a(si.o)
                0x8001c3f4                SI_SetXY
 .text.SI_EnablePolling
                0x8001c458       0x80 C:/devkitPro/libogc/lib/wii\libogc.a(si.o)
                0x8001c458                SI_EnablePolling
 .text.SI_DisablePolling
                0x8001c4d8       0x58 C:/devkitPro/libogc/lib/wii\libogc.a(si.o)
                0x8001c4d8                SI_DisablePolling
 .text.SI_SetSamplingRate
                0x8001c530       0xd8 C:/devkitPro/libogc/lib/wii\libogc.a(si.o)
                0x8001c530                SI_SetSamplingRate
 .text.SI_RefreshSamplingRate
                0x8001c608        0x8 C:/devkitPro/libogc/lib/wii\libogc.a(si.o)
                0x8001c608                SI_RefreshSamplingRate
 .text.SI_GetStatus
                0x8001c610       0x78 C:/devkitPro/libogc/lib/wii\libogc.a(si.o)
                0x8001c610                SI_GetStatus
 .text.SI_GetResponseRaw
                0x8001c688       0xe8 C:/devkitPro/libogc/lib/wii\libogc.a(si.o)
                0x8001c688                SI_GetResponseRaw
 .text.SI_GetResponse
                0x8001c770       0xb8 C:/devkitPro/libogc/lib/wii\libogc.a(si.o)
                0x8001c770                SI_GetResponse
 .text.SI_SetCommand
                0x8001c828       0x10 C:/devkitPro/libogc/lib/wii\libogc.a(si.o)
                0x8001c828                SI_SetCommand
 .text.SI_Transfer
                0x8001c838      0x26c C:/devkitPro/libogc/lib/wii\libogc.a(si.o)
                0x8001c838                SI_Transfer
 .text.__si_gettypecallback
                0x8001caa4      0x2c0 C:/devkitPro/libogc/lib/wii\libogc.a(si.o)
 .text.__si_interrupthandler
                0x8001cd64      0x268 C:/devkitPro/libogc/lib/wii\libogc.a(si.o)
 .text.SI_GetType
                0x8001cfcc      0x1f4 C:/devkitPro/libogc/lib/wii\libogc.a(si.o)
                0x8001cfcc                SI_GetType
 .text.SI_GetTypeAsync
                0x8001d1c0      0x138 C:/devkitPro/libogc/lib/wii\libogc.a(si.o)
                0x8001d1c0                SI_GetTypeAsync
 .text.SI_EnablePollingInterrupt
                0x8001d2f8       0x8c C:/devkitPro/libogc/lib/wii\libogc.a(si.o)
                0x8001d2f8                SI_EnablePollingInterrupt
 .text.SI_UnregisterPollingHandler
                0x8001d384       0xe0 C:/devkitPro/libogc/lib/wii\libogc.a(si.o)
                0x8001d384                SI_UnregisterPollingHandler
 .text.__si_init
                0x8001d464       0xe8 C:/devkitPro/libogc/lib/wii\libogc.a(si.o)
                0x8001d464                __si_init
 .text.__ipc_sendrequest
                0x8001d54c      0x104 C:/devkitPro/libogc/lib/wii\libogc.a(ipc.o)
 .text.__ipc_syncrequest
                0x8001d650       0xe4 C:/devkitPro/libogc/lib/wii\libogc.a(ipc.o)
 .text.__ioctlvfmtCB
                0x8001d734      0x158 C:/devkitPro/libogc/lib/wii\libogc.a(ipc.o)
 .text.__ios_ioctlvformat_parse
                0x8001d88c      0x820 C:/devkitPro/libogc/lib/wii\libogc.a(ipc.o)
 .text.__ipc_asyncrequest
                0x8001e0ac      0x13c C:/devkitPro/libogc/lib/wii\libogc.a(ipc.o)
 .text.__ipc_interrupthandler
                0x8001e1e8      0x34c C:/devkitPro/libogc/lib/wii\libogc.a(ipc.o)
 .text.iosCreateHeap
                0x8001e534      0x130 C:/devkitPro/libogc/lib/wii\libogc.a(ipc.o)
                0x8001e534                iosCreateHeap
 .text.iosAlloc
                0x8001e664       0x30 C:/devkitPro/libogc/lib/wii\libogc.a(ipc.o)
                0x8001e664                iosAlloc
 .text.iosFree  0x8001e694       0x28 C:/devkitPro/libogc/lib/wii\libogc.a(ipc.o)
                0x8001e694                iosFree
 .text.__IPC_ClntInit
                0x8001e6bc       0xc8 C:/devkitPro/libogc/lib/wii\libogc.a(ipc.o)
                0x8001e6bc                __IPC_ClntInit
 .text.IOS_Open
                0x8001e784      0x110 C:/devkitPro/libogc/lib/wii\libogc.a(ipc.o)
                0x8001e784                IOS_Open
 .text.IOS_Close
                0x8001e894       0xf0 C:/devkitPro/libogc/lib/wii\libogc.a(ipc.o)
                0x8001e894                IOS_Close
 .text.IOS_CloseAsync
                0x8001e984       0xb4 C:/devkitPro/libogc/lib/wii\libogc.a(ipc.o)
                0x8001e984                IOS_CloseAsync
 .text.IOS_Read
                0x8001ea38      0x10c C:/devkitPro/libogc/lib/wii\libogc.a(ipc.o)
                0x8001ea38                IOS_Read
 .text.IOS_Write
                0x8001eb44      0x10c C:/devkitPro/libogc/lib/wii\libogc.a(ipc.o)
                0x8001eb44                IOS_Write
 .text.IOS_Ioctl
                0x8001ec50      0x158 C:/devkitPro/libogc/lib/wii\libogc.a(ipc.o)
                0x8001ec50                IOS_Ioctl
 .text.IOS_IoctlAsync
                0x8001eda8      0x148 C:/devkitPro/libogc/lib/wii\libogc.a(ipc.o)
                0x8001eda8                IOS_IoctlAsync
 .text.IOS_Ioctlv
                0x8001eef0      0x1f0 C:/devkitPro/libogc/lib/wii\libogc.a(ipc.o)
                0x8001eef0                IOS_Ioctlv
 .text.IOS_IoctlvAsync
                0x8001f0e0      0x1d4 C:/devkitPro/libogc/lib/wii\libogc.a(ipc.o)
                0x8001f0e0                IOS_IoctlvAsync
 .text.IOS_IoctlvFormat
                0x8001f2b4      0x16c C:/devkitPro/libogc/lib/wii\libogc.a(ipc.o)
                0x8001f2b4                IOS_IoctlvFormat
 .text.IOS_IoctlvReboot
                0x8001f420      0x1f4 C:/devkitPro/libogc/lib/wii\libogc.a(ipc.o)
                0x8001f420                IOS_IoctlvReboot
 .text.gettick  0x8001f614        0x8 C:/devkitPro/libogc/lib/wii\libogc.a(timesupp.o)
                0x8001f614                gettick
 .text.gettime  0x8001f61c       0x18 C:/devkitPro/libogc/lib/wii\libogc.a(timesupp.o)
                0x8001f61c                gettime
 .text.settime  0x8001f634       0x14 C:/devkitPro/libogc/lib/wii\libogc.a(timesupp.o)
                0x8001f634                settime
 .text.diff_usec
                0x8001f648       0x88 C:/devkitPro/libogc/lib/wii\libogc.a(timesupp.o)
                0x8001f648                diff_usec
 .text.__timesystem_init
                0x8001f6d0       0x1c C:/devkitPro/libogc/lib/wii\libogc.a(timesupp.o)
                0x8001f6d0                __timesystem_init
 .text.udelay   0x8001f6ec       0xac C:/devkitPro/libogc/lib/wii\libogc.a(timesupp.o)
                0x8001f6ec                udelay
 .text.__libogc_nanosleep
                0x8001f798      0x144 C:/devkitPro/libogc/lib/wii\libogc.a(timesupp.o)
                0x8001f798                __libogc_nanosleep
 .text.__syscall_lock_init
                0x8001f8dc       0x6c C:/devkitPro/libogc/lib/wii\libogc.a(lock_supp.o)
                0x8001f8dc                __syscall_lock_init
 .text.__syscall_lock_init_recursive
                0x8001f948       0x6c C:/devkitPro/libogc/lib/wii\libogc.a(lock_supp.o)
                0x8001f948                __syscall_lock_init_recursive
 .text.__syscall_lock_close
                0x8001f9b4       0x68 C:/devkitPro/libogc/lib/wii\libogc.a(lock_supp.o)
                0x8001f9b4                __syscall_lock_close
 .text.__syscall_lock_acquire
                0x8001fa1c       0x18 C:/devkitPro/libogc/lib/wii\libogc.a(lock_supp.o)
                0x8001fa1c                __syscall_lock_acquire
 .text.__syscall_lock_release
                0x8001fa34       0x18 C:/devkitPro/libogc/lib/wii\libogc.a(lock_supp.o)
                0x8001fa34                __syscall_lock_release
 .text.__usbgecko_exi_unlock
                0x8001fa4c       0x34 C:/devkitPro/libogc/lib/wii\libogc.a(usbgecko.o)
 .text.usb_isgeckoalive
                0x8001fa80      0x1bc C:/devkitPro/libogc/lib/wii\libogc.a(usbgecko.o)
                0x8001fa80                usb_isgeckoalive
 .text.usb_sendbuffer_ex
                0x8001fc3c      0x214 C:/devkitPro/libogc/lib/wii\libogc.a(usbgecko.o)
                0x8001fc3c                usb_sendbuffer_ex
 .text.usb_sendbuffer
                0x8001fe50        0x8 C:/devkitPro/libogc/lib/wii\libogc.a(usbgecko.o)
                0x8001fe50                usb_sendbuffer
 .text.usb_sendbuffer_safe_ex
                0x8001fe58      0x2a8 C:/devkitPro/libogc/lib/wii\libogc.a(usbgecko.o)
                0x8001fe58                usb_sendbuffer_safe_ex
 .text.usb_sendbuffer_safe
                0x80020100        0x8 C:/devkitPro/libogc/lib/wii\libogc.a(usbgecko.o)
                0x80020100                usb_sendbuffer_safe
 .text._sbrk_r  0x80020108      0x28c C:/devkitPro/libogc/lib/wii\libogc.a(sbrk.o)
                0x80020108                _sbrk_r
 .text.__memlock_init
                0x80020394       0x7c C:/devkitPro/libogc/lib/wii\libogc.a(malloc_lock.o)
                0x80020394                __memlock_init
 .text.__libogc_malloc_lock
                0x80020410      0x1fc C:/devkitPro/libogc/lib/wii\libogc.a(malloc_lock.o)
                0x80020410                __libogc_malloc_lock
 .text.__libogc_malloc_unlock
                0x8002060c       0x64 C:/devkitPro/libogc/lib/wii\libogc.a(malloc_lock.o)
                0x8002060c                __libogc_malloc_unlock
 .text.__STM_SetEventHook
                0x80020670       0xb0 C:/devkitPro/libogc/lib/wii\libogc.a(stm.o)
                0x80020670                __STM_SetEventHook
 .text.__STM_Init
                0x80020720       0x8c C:/devkitPro/libogc/lib/wii\libogc.a(stm.o)
                0x80020720                __STM_Init
 .text.__STMEventHandler
                0x800207ac       0x64 C:/devkitPro/libogc/lib/wii\libogc.a(stm.o)
 .text.__STM_ReleaseEventHook
                0x80020810       0x80 C:/devkitPro/libogc/lib/wii\libogc.a(stm.o)
                0x80020810                __STM_ReleaseEventHook
 .text.__STM_Close
                0x80020890       0xac C:/devkitPro/libogc/lib/wii\libogc.a(stm.o)
                0x80020890                __STM_Close
 .text.STM_RegisterEventHandler
                0x8002093c       0x10 C:/devkitPro/libogc/lib/wii\libogc.a(stm.o)
                0x8002093c                STM_RegisterEventHandler
 .text.STM_ShutdownToStandby
                0x8002094c       0x50 C:/devkitPro/libogc/lib/wii\libogc.a(stm.o)
                0x8002094c                STM_ShutdownToStandby
 .text.STM_ShutdownToIdle
                0x8002099c       0x70 C:/devkitPro/libogc/lib/wii\libogc.a(stm.o)
                0x8002099c                STM_ShutdownToIdle
 .text.STM_SetLedMode
                0x80020a0c       0x40 C:/devkitPro/libogc/lib/wii\libogc.a(stm.o)
                0x80020a0c                STM_SetLedMode
 .text.STM_RebootSystem
                0x80020a4c       0x50 C:/devkitPro/libogc/lib/wii\libogc.a(stm.o)
                0x80020a4c                STM_RebootSystem
 .text.__IOS_InitializeSubsystems
                0x80020a9c       0x44 C:/devkitPro/libogc/lib/wii\libogc.a(ios.o)
                0x80020a9c                __IOS_InitializeSubsystems
 .text.__IOS_ShutdownSubsystems
                0x80020ae0       0x44 C:/devkitPro/libogc/lib/wii\libogc.a(ios.o)
                0x80020ae0                __IOS_ShutdownSubsystems
 .text.__IOS_LoadStartupIOS
                0x80020b24        0x8 C:/devkitPro/libogc/lib/wii\libogc.a(ios.o)
                0x80020b24                __IOS_LoadStartupIOS
 .text._ES_fstat_r
                0x80020b2c      0x120 C:/devkitPro/libogc/lib/wii\libogc.a(es.o)
 .text._ES_seek_r
                0x80020c4c       0xdc C:/devkitPro/libogc/lib/wii\libogc.a(es.o)
 .text._ES_close_r
                0x80020d28       0xac C:/devkitPro/libogc/lib/wii\libogc.a(es.o)
 .text.__ES_Init
                0x80020dd4       0x78 C:/devkitPro/libogc/lib/wii\libogc.a(es.o)
                0x80020dd4                __ES_Init
 .text.__ES_Close
                0x80020e4c       0x54 C:/devkitPro/libogc/lib/wii\libogc.a(es.o)
                0x80020e4c                __ES_Close
 .text.ES_GetTitleID
                0x80020ea0       0x94 C:/devkitPro/libogc/lib/wii\libogc.a(es.o)
                0x80020ea0                ES_GetTitleID
 .text.ES_LaunchTitle
                0x80020f34       0xa4 C:/devkitPro/libogc/lib/wii\libogc.a(es.o)
                0x80020f34                ES_LaunchTitle
 .text.ES_GetNumTicketViews
                0x80020fd8       0x98 C:/devkitPro/libogc/lib/wii\libogc.a(es.o)
                0x80020fd8                ES_GetNumTicketViews
 .text.ES_GetTicketViews
                0x80021070       0x8c C:/devkitPro/libogc/lib/wii\libogc.a(es.o)
                0x80021070                ES_GetTicketViews
 .text.ES_GetStoredTMD
                0x800210fc       0x90 C:/devkitPro/libogc/lib/wii\libogc.a(es.o)
                0x800210fc                ES_GetStoredTMD
 .text._ES_decodepath
                0x8002118c      0x440 C:/devkitPro/libogc/lib/wii\libogc.a(es.o)
 .text._ES_stat_r
                0x800215cc       0xf4 C:/devkitPro/libogc/lib/wii\libogc.a(es.o)
 .text._ES_open_r
                0x800216c0      0x1d0 C:/devkitPro/libogc/lib/wii\libogc.a(es.o)
 .text.ES_ReadContent
                0x80021890       0x6c C:/devkitPro/libogc/lib/wii\libogc.a(es.o)
                0x80021890                ES_ReadContent
 .text._ES_read_r
                0x800218fc      0x17c C:/devkitPro/libogc/lib/wii\libogc.a(es.o)
 .text.__usbv5_devicechangeCB
                0x80021a78      0x180 C:/devkitPro/libogc/lib/wii\libogc.a(usb.o)
 .text.__usbv5_attachfinishCB
                0x80021bf8       0xcc C:/devkitPro/libogc/lib/wii\libogc.a(usb.o)
 .text.__usbv5_messageCB
                0x80021cc4       0x5c C:/devkitPro/libogc/lib/wii\libogc.a(usb.o)
 .text.__usbv0_messageCB
                0x80021d20       0xa8 C:/devkitPro/libogc/lib/wii\libogc.a(usb.o)
 .text.__usb_control_message
                0x80021dc8      0x428 C:/devkitPro/libogc/lib/wii\libogc.a(usb.o)
 .text.__usb_interrupt_bulk_message
                0x800221f0      0x2c0 C:/devkitPro/libogc/lib/wii\libogc.a(usb.o)
 .text.USB_FreeDescriptors.part.0
                0x800224b0       0xfc C:/devkitPro/libogc/lib/wii\libogc.a(usb.o)
 .text.USB_GetDescriptors.part.0
                0x800225ac      0x674 C:/devkitPro/libogc/lib/wii\libogc.a(usb.o)
 .text.USBV5_SuspendResume
                0x80022c20      0x138 C:/devkitPro/libogc/lib/wii\libogc.a(usb.o)
 .text.USBV5_GetDescriptors
                0x80022d58      0x518 C:/devkitPro/libogc/lib/wii\libogc.a(usb.o)
 .text.USB_Deinitialize
                0x80023270       0xc8 C:/devkitPro/libogc/lib/wii\libogc.a(usb.o)
                0x80023270                USB_Deinitialize
 .text.USB_Initialize
                0x80023338      0x2f8 C:/devkitPro/libogc/lib/wii\libogc.a(usb.o)
                0x80023338                USB_Initialize
 .text.USB_OpenDevice
                0x80023630      0x2b8 C:/devkitPro/libogc/lib/wii\libogc.a(usb.o)
                0x80023630                USB_OpenDevice
 .text.USBV5_CloseDevice
                0x800238e8      0x128 C:/devkitPro/libogc/lib/wii\libogc.a(usb.o)
                0x800238e8                USBV5_CloseDevice
 .text.USB_CloseDeviceAsync
                0x80023a10       0xd0 C:/devkitPro/libogc/lib/wii\libogc.a(usb.o)
                0x80023a10                USB_CloseDeviceAsync
 .text.USB_ReadIntrMsgAsync
                0x80023ae0       0x28 C:/devkitPro/libogc/lib/wii\libogc.a(usb.o)
                0x80023ae0                USB_ReadIntrMsgAsync
 .text.USB_ReadBlkMsgAsync
                0x80023b08       0x28 C:/devkitPro/libogc/lib/wii\libogc.a(usb.o)
                0x80023b08                USB_ReadBlkMsgAsync
 .text.USB_WriteBlkMsgAsync
                0x80023b30       0x28 C:/devkitPro/libogc/lib/wii\libogc.a(usb.o)
                0x80023b30                USB_WriteBlkMsgAsync
 .text.USB_WriteCtrlMsgAsync
                0x80023b58        0x4 C:/devkitPro/libogc/lib/wii\libogc.a(usb.o)
                0x80023b58                USB_WriteCtrlMsgAsync
 .text.__CheckARGV
                0x80023b5c       0x80 C:/devkitPro/libogc/lib/wii\libogc.a(argv.o)
                0x80023b5c                __CheckARGV
 .text.CONF_Init
                0x80023bdc      0x184 C:/devkitPro/libogc/lib/wii\libogc.a(conf.o)
                0x80023bdc                CONF_Init
 .text.__CONF_GetTxt
                0x80023d60      0x208 C:/devkitPro/libogc/lib/wii\libogc.a(conf.o)
                0x80023d60                __CONF_GetTxt
 .text.__CONF_Find
                0x80023f68       0xfc C:/devkitPro/libogc/lib/wii\libogc.a(conf.o)
                0x80023f68                __CONF_Find
 .text.CONF_GetLength
                0x80024064      0x12c C:/devkitPro/libogc/lib/wii\libogc.a(conf.o)
                0x80024064                CONF_GetLength
 .text.CONF_Get
                0x80024190      0x140 C:/devkitPro/libogc/lib/wii\libogc.a(conf.o)
                0x80024190                CONF_Get
 .text.CONF_GetShutdownMode
                0x800242d0       0x54 C:/devkitPro/libogc/lib/wii\libogc.a(conf.o)
                0x800242d0                CONF_GetShutdownMode
 .text.CONF_GetIdleLedMode
                0x80024324       0x54 C:/devkitPro/libogc/lib/wii\libogc.a(conf.o)
                0x80024324                CONF_GetIdleLedMode
 .text.CONF_GetProgressiveScan
                0x80024378       0x54 C:/devkitPro/libogc/lib/wii\libogc.a(conf.o)
                0x80024378                CONF_GetProgressiveScan
 .text.CONF_GetEuRGB60
                0x800243cc       0x54 C:/devkitPro/libogc/lib/wii\libogc.a(conf.o)
                0x800243cc                CONF_GetEuRGB60
 .text.CONF_GetIRSensitivity
                0x80024420       0x54 C:/devkitPro/libogc/lib/wii\libogc.a(conf.o)
                0x80024420                CONF_GetIRSensitivity
 .text.CONF_GetSensorBarPosition
                0x80024474       0x54 C:/devkitPro/libogc/lib/wii\libogc.a(conf.o)
                0x80024474                CONF_GetSensorBarPosition
 .text.CONF_GetCounterBias
                0x800244c8       0x4c C:/devkitPro/libogc/lib/wii\libogc.a(conf.o)
                0x800244c8                CONF_GetCounterBias
 .text.CONF_GetDisplayOffsetH
                0x80024514       0x4c C:/devkitPro/libogc/lib/wii\libogc.a(conf.o)
                0x80024514                CONF_GetDisplayOffsetH
 .text.CONF_GetPadDevices
                0x80024560       0x4c C:/devkitPro/libogc/lib/wii\libogc.a(conf.o)
                0x80024560                CONF_GetPadDevices
 .text.CONF_GetVideo
                0x800245ac       0x88 C:/devkitPro/libogc/lib/wii\libogc.a(conf.o)
                0x800245ac                CONF_GetVideo
 .text.__WII_WriteNANDBootInfo.isra.0
                0x80024634       0xbc C:/devkitPro/libogc/lib/wii\libogc.a(wiilaunch.o)
 .text.__WII_WriteStateFlags.isra.0
                0x800246f0       0x94 C:/devkitPro/libogc/lib/wii\libogc.a(wiilaunch.o)
 .text.WII_Initialize
                0x80024784      0x188 C:/devkitPro/libogc/lib/wii\libogc.a(wiilaunch.o)
                0x80024784                WII_Initialize
 .text.WII_LaunchTitle
                0x8002490c      0x1ac C:/devkitPro/libogc/lib/wii\libogc.a(wiilaunch.o)
                0x8002490c                WII_LaunchTitle
 .text.WII_ReturnToMenu
                0x80024ab8       0x58 C:/devkitPro/libogc/lib/wii\libogc.a(wiilaunch.o)
                0x80024ab8                WII_ReturnToMenu
 .text.__lwp_priority_init
                0x80024b10       0x1c C:/devkitPro/libogc/lib/wii\libogc.a(lwp_priority.o)
                0x80024b10                __lwp_priority_init
 .text.__lwp_threadqueue_enqueuefifo
                0x80024b2c      0x12c C:/devkitPro/libogc/lib/wii\libogc.a(lwp_threadq.o)
                0x80024b2c                __lwp_threadqueue_enqueuefifo
 .text.__lwp_threadqueue_dequeuefifo
                0x80024c58      0x134 C:/devkitPro/libogc/lib/wii\libogc.a(lwp_threadq.o)
                0x80024c58                __lwp_threadqueue_dequeuefifo
 .text.__lwp_threadqueue_enqueuepriority
                0x80024d8c      0x334 C:/devkitPro/libogc/lib/wii\libogc.a(lwp_threadq.o)
                0x80024d8c                __lwp_threadqueue_enqueuepriority
 .text.__lwp_threadqueue_dequeuepriority
                0x800250c0      0x1d8 C:/devkitPro/libogc/lib/wii\libogc.a(lwp_threadq.o)
                0x800250c0                __lwp_threadqueue_dequeuepriority
 .text.__lwp_threadqueue_init
                0x80025298       0x64 C:/devkitPro/libogc/lib/wii\libogc.a(lwp_threadq.o)
                0x80025298                __lwp_threadqueue_init
 .text.__lwp_threadqueue_enqueue
                0x800252fc      0x138 C:/devkitPro/libogc/lib/wii\libogc.a(lwp_threadq.o)
                0x800252fc                __lwp_threadqueue_enqueue
 .text.__lwp_threadqueue_dequeue
                0x80025434       0x24 C:/devkitPro/libogc/lib/wii\libogc.a(lwp_threadq.o)
                0x80025434                __lwp_threadqueue_dequeue
 .text.__lwp_threadqueue_flush
                0x80025458       0x68 C:/devkitPro/libogc/lib/wii\libogc.a(lwp_threadq.o)
                0x80025458                __lwp_threadqueue_flush
 .text.__lwp_threadqueue_extractfifo
                0x800254c0       0xe8 C:/devkitPro/libogc/lib/wii\libogc.a(lwp_threadq.o)
                0x800254c0                __lwp_threadqueue_extractfifo
 .text.__lwp_threadqueue_extractpriority
                0x800255a8      0x148 C:/devkitPro/libogc/lib/wii\libogc.a(lwp_threadq.o)
                0x800255a8                __lwp_threadqueue_extractpriority
 .text.__lwp_threadqueue_timeout
                0x800256f0       0xd0 C:/devkitPro/libogc/lib/wii\libogc.a(lwp_threadq.o)
 .text.__lwp_threadqueue_extractproxy
                0x800257c0       0x64 C:/devkitPro/libogc/lib/wii\libogc.a(lwp_threadq.o)
                0x800257c0                __lwp_threadqueue_extractproxy
 .text.__lwp_mutex_initialize
                0x80025824       0xa4 C:/devkitPro/libogc/lib/wii\libogc.a(lwp_mutex.o)
                0x80025824                __lwp_mutex_initialize
 .text.__lwp_mutex_surrender
                0x800258c8      0x14c C:/devkitPro/libogc/lib/wii\libogc.a(lwp_mutex.o)
                0x800258c8                __lwp_mutex_surrender
 .text.__lwp_mutex_seize_irq_blocking
                0x80025a14       0xf8 C:/devkitPro/libogc/lib/wii\libogc.a(lwp_mutex.o)
                0x80025a14                __lwp_mutex_seize_irq_blocking
 .text.__lwp_mutex_flush
                0x80025b0c        0x4 C:/devkitPro/libogc/lib/wii\libogc.a(lwp_mutex.o)
                0x80025b0c                __lwp_mutex_flush
 .text.__systemcall_init
                0x80025b10       0x70 C:/devkitPro/libogc/lib/wii\libogc.a(exception.o)
                0x80025b10                __systemcall_init
 .text.__exception_init
                0x80025b80      0x120 C:/devkitPro/libogc/lib/wii\libogc.a(exception.o)
                0x80025b80                __exception_init
 .text.__exception_close
                0x80025ca0       0xac C:/devkitPro/libogc/lib/wii\libogc.a(exception.o)
                0x80025ca0                __exception_close
 .text.__exception_closeall
                0x80025d4c       0x80 C:/devkitPro/libogc/lib/wii\libogc.a(exception.o)
                0x80025d4c                __exception_closeall
 .text.c_default_exceptionhandler
                0x80025dcc      0x458 C:/devkitPro/libogc/lib/wii\libogc.a(exception.o)
                0x80025dcc                c_default_exceptionhandler
 .text.__lwp_sema_init
                0x80026224       0x14 C:/devkitPro/libogc/lib/wii\libogc.a(semaphore.o)
                0x80026224                __lwp_sema_init
 .text.SPEC1_MakeStatus
                0x80026238      0x104 C:/devkitPro/libogc/lib/wii\libogc.a(pad.o)
 .text.__pad_samplinghandler
                0x8002633c        0x4 C:/devkitPro/libogc/lib/wii\libogc.a(pad.o)
 .text.__pad_doreset
                0x80026340       0x50 C:/devkitPro/libogc/lib/wii\libogc.a(pad.o)
 .text.__pad_updateorigin
                0x80026390       0xa4 C:/devkitPro/libogc/lib/wii\libogc.a(pad.o)
 .text.__pad_disable
                0x80026434       0xbc C:/devkitPro/libogc/lib/wii\libogc.a(pad.o)
 .text.__pad_receivecheckcallback
                0x800264f0       0x84 C:/devkitPro/libogc/lib/wii\libogc.a(pad.o)
 .text.__pad_typeandstatuscallback
                0x80026574      0x1ac C:/devkitPro/libogc/lib/wii\libogc.a(pad.o)
 .text.__pad_originupdatecallback
                0x80026720       0x2c C:/devkitPro/libogc/lib/wii\libogc.a(pad.o)
 .text.__pad_onreset
                0x8002674c      0x108 C:/devkitPro/libogc/lib/wii\libogc.a(pad.o)
 .text.SPEC2_MakeStatus
                0x80026854      0x214 C:/devkitPro/libogc/lib/wii\libogc.a(pad.o)
 .text.__pad_origincallback
                0x80026a68       0x74 C:/devkitPro/libogc/lib/wii\libogc.a(pad.o)
 .text.__pad_probecallback
                0x80026adc       0x88 C:/devkitPro/libogc/lib/wii\libogc.a(pad.o)
 .text.__PADDisableRecalibration
                0x80026b64       0x64 C:/devkitPro/libogc/lib/wii\libogc.a(pad.o)
                0x80026b64                __PADDisableRecalibration
 .text.PAD_Reset
                0x80026bc8       0xf0 C:/devkitPro/libogc/lib/wii\libogc.a(pad.o)
                0x80026bc8                PAD_Reset
 .text.PAD_Read
                0x80026cb8      0x2d4 C:/devkitPro/libogc/lib/wii\libogc.a(pad.o)
                0x80026cb8                PAD_Read
 .text.PAD_Init
                0x80026f8c       0xf8 C:/devkitPro/libogc/lib/wii\libogc.a(pad.o)
                0x80026f8c                PAD_Init
 .text.PAD_ScanPads
                0x80027084      0x15c C:/devkitPro/libogc/lib/wii\libogc.a(pad.o)
                0x80027084                PAD_ScanPads
 .text.PAD_ButtonsDown
                0x800271e0       0x40 C:/devkitPro/libogc/lib/wii\libogc.a(pad.o)
                0x800271e0                PAD_ButtonsDown
 .text.__exi_irq_handler
                0x80027220       0x58 C:/devkitPro/libogc/lib/wii\libogc.a(exi.o)
 .text.__ext_irq_handler
                0x80027278       0xc8 C:/devkitPro/libogc/lib/wii\libogc.a(exi.o)
 .text.__tc_irq_handler
                0x80027340      0x178 C:/devkitPro/libogc/lib/wii\libogc.a(exi.o)
 .text.__exi_probe
                0x800274b8      0x214 C:/devkitPro/libogc/lib/wii\libogc.a(exi.o)
 .text.__exi_attach
                0x800276cc      0x104 C:/devkitPro/libogc/lib/wii\libogc.a(exi.o)
 .text.EXI_Lock
                0x800277d0      0x218 C:/devkitPro/libogc/lib/wii\libogc.a(exi.o)
                0x800277d0                EXI_Lock
 .text.EXI_Unlock
                0x800279e8      0x224 C:/devkitPro/libogc/lib/wii\libogc.a(exi.o)
                0x800279e8                EXI_Unlock
 .text.EXI_Select
                0x80027c0c      0x208 C:/devkitPro/libogc/lib/wii\libogc.a(exi.o)
                0x80027c0c                EXI_Select
 .text.EXI_Deselect
                0x80027e14      0x16c C:/devkitPro/libogc/lib/wii\libogc.a(exi.o)
                0x80027e14                EXI_Deselect
 .text.EXI_Sync
                0x80027f80      0x108 C:/devkitPro/libogc/lib/wii\libogc.a(exi.o)
                0x80027f80                EXI_Sync
 .text.EXI_Imm  0x80028088      0x1f8 C:/devkitPro/libogc/lib/wii\libogc.a(exi.o)
                0x80028088                EXI_Imm
 .text.EXI_ImmEx
                0x80028280       0xd8 C:/devkitPro/libogc/lib/wii\libogc.a(exi.o)
                0x80028280                EXI_ImmEx
 .text.EXI_Dma  0x80028358      0x16c C:/devkitPro/libogc/lib/wii\libogc.a(exi.o)
                0x80028358                EXI_Dma
 .text.EXI_Detach
                0x800284c4       0xb0 C:/devkitPro/libogc/lib/wii\libogc.a(exi.o)
                0x800284c4                EXI_Detach
 .text.EXI_GetID
                0x80028574      0x338 C:/devkitPro/libogc/lib/wii\libogc.a(exi.o)
                0x80028574                EXI_GetID
 .text.__unlocked_handler
                0x800288ac       0x28 C:/devkitPro/libogc/lib/wii\libogc.a(exi.o)
 .text.EXI_ProbeReset
                0x800288d4       0x70 C:/devkitPro/libogc/lib/wii\libogc.a(exi.o)
                0x800288d4                EXI_ProbeReset
 .text.__exi_init
                0x80028944      0x188 C:/devkitPro/libogc/lib/wii\libogc.a(exi.o)
                0x80028944                __exi_init
 .text.__lwp_mutex_locksupp.constprop.0
                0x80028acc      0x2a8 C:/devkitPro/libogc/lib/wii\libogc.a(mutex.o)
 .text.__lwp_mutex_init
                0x80028d74       0x14 C:/devkitPro/libogc/lib/wii\libogc.a(mutex.o)
                0x80028d74                __lwp_mutex_init
 .text.LWP_MutexInit
                0x80028d88      0x100 C:/devkitPro/libogc/lib/wii\libogc.a(mutex.o)
                0x80028d88                LWP_MutexInit
 .text.LWP_MutexDestroy
                0x80028e88       0xf0 C:/devkitPro/libogc/lib/wii\libogc.a(mutex.o)
                0x80028e88                LWP_MutexDestroy
 .text.LWP_MutexLock
                0x80028f78        0x8 C:/devkitPro/libogc/lib/wii\libogc.a(mutex.o)
                0x80028f78                LWP_MutexLock
 .text.LWP_MutexUnlock
                0x80028f80       0x9c C:/devkitPro/libogc/lib/wii\libogc.a(mutex.o)
                0x80028f80                LWP_MutexUnlock
 .text.__GX_InitRevBits
                0x8002901c       0x98 C:/devkitPro/libogc/lib/wii\libogc.a(gx.o)
 .text.GX_AbortFrame
                0x800290b4      0x3d8 C:/devkitPro/libogc/lib/wii\libogc.a(gx.o)
                0x800290b4                GX_AbortFrame
 .text.number   0x8002948c      0x318 C:/devkitPro/libogc/lib/wii\libogc.a(kprintf.o)
 .text.kvsprintf
                0x800297a4      0x888 C:/devkitPro/libogc/lib/wii\libogc.a(kprintf.o)
                0x800297a4                kvsprintf
 .text.kprintf  0x8002a02c       0xac C:/devkitPro/libogc/lib/wii\libogc.a(kprintf.o)
                0x8002a02c                kprintf
 .text.net_wc24cleanup
                0x8002a0d8       0x64 C:/devkitPro/libogc/lib/wii\libogc.a(network_wii.o)
                0x8002a0d8                net_wc24cleanup
 .text.hypotf   0x8002a13c       0x68 C:/devkitPro/devkitPPC/bin/../lib/gcc/powerpc-eabi/13.2.0/../../../../powerpc-eabi/lib\libstdc++.a(math_stubs_float.o)
                0x8002a13c                hypotf
 .text.atanf    0x8002a1a4      0x290 C:/devkitPro/devkitPPC/bin/../lib/gcc/powerpc-eabi/13.2.0/../../../../powerpc-eabi/lib\libm.a(libm_a-sf_atan.o)
                0x8002a1a4                atanf
 .text.cosf     0x8002a434       0xe0 C:/devkitPro/devkitPPC/bin/../lib/gcc/powerpc-eabi/13.2.0/../../../../powerpc-eabi/lib\libm.a(libm_a-sf_cos.o)
                0x8002a434                cosf
 .text.sqrtf    0x8002a514       0x74 C:/devkitPro/devkitPPC/bin/../lib/gcc/powerpc-eabi/13.2.0/../../../../powerpc-eabi/lib\libm.a(libm_a-wf_sqrt.o)
                0x8002a514                sqrtf
 .text.fabsf    0x8002a588       0x20 C:/devkitPro/devkitPPC/bin/../lib/gcc/powerpc-eabi/13.2.0/../../../../powerpc-eabi/lib\libm.a(libm_a-sf_fabs.o)
                0x8002a588                fabsf
 .text.sincosf  0x8002a5a8       0x58 C:/devkitPro/devkitPPC/bin/../lib/gcc/powerpc-eabi/13.2.0/../../../../powerpc-eabi/lib\libm.a(libm_a-wf_sincos.o)
                0x8002a5a8                sincosf
 .text.sinf     0x8002a600       0xe4 C:/devkitPro/devkitPPC/bin/../lib/gcc/powerpc-eabi/13.2.0/../../../../powerpc-eabi/lib\libm.a(libm_a-sf_sin.o)
                0x8002a600                sinf
 .text.atan2    0x8002a6e4        0x4 C:/devkitPro/devkitPPC/bin/../lib/gcc/powerpc-eabi/13.2.0/../../../../powerpc-eabi/lib\libm.a(libm_a-w_atan2.o)
                0x8002a6e4                atan2
 .text.sincos   0x8002a6e8       0x58 C:/devkitPro/devkitPPC/bin/../lib/gcc/powerpc-eabi/13.2.0/../../../../powerpc-eabi/lib\libm.a(libm_a-w_sincos.o)
                0x8002a6e8                sincos
 .text.sin      0x8002a740       0xe0 C:/devkitPro/devkitPPC/bin/../lib/gcc/powerpc-eabi/13.2.0/../../../../powerpc-eabi/lib\libm.a(libm_a-s_sin.o)
                0x8002a740                sin
 .text.cos      0x8002a820       0xdc C:/devkitPro/devkitPPC/bin/../lib/gcc/powerpc-eabi/13.2.0/../../../../powerpc-eabi/lib\libm.a(libm_a-s_cos.o)
                0x8002a820                cos
 .text.__kernel_sinf
                0x8002a8fc       0xcc C:/devkitPro/devkitPPC/bin/../lib/gcc/powerpc-eabi/13.2.0/../../../../powerpc-eabi/lib\libm.a(libm_a-kf_sin.o)
                0x8002a8fc                __kernel_sinf
 .text.__kernel_cosf
                0x8002a9c8      0x188 C:/devkitPro/devkitPPC/bin/../lib/gcc/powerpc-eabi/13.2.0/../../../../powerpc-eabi/lib\libm.a(libm_a-kf_cos.o)
                0x8002a9c8                __kernel_cosf
 .text.__ieee754_sqrtf
                0x8002ab50      0x158 C:/devkitPro/devkitPPC/bin/../lib/gcc/powerpc-eabi/13.2.0/../../../../powerpc-eabi/lib\libm.a(libm_a-ef_sqrt.o)
                0x8002ab50                __ieee754_sqrtf
 .text.__ieee754_rem_pio2f
                0x8002aca8      0x418 C:/devkitPro/devkitPPC/bin/../lib/gcc/powerpc-eabi/13.2.0/../../../../powerpc-eabi/lib\libm.a(libm_a-ef_rem_pio2.o)
                0x8002aca8                __ieee754_rem_pio2f
 .text.atan2f   0x8002b0c0        0x4 C:/devkitPro/devkitPPC/bin/../lib/gcc/powerpc-eabi/13.2.0/../../../../powerpc-eabi/lib\libm.a(libm_a-wf_atan2.o)
                0x8002b0c0                atan2f
 .text.__kernel_cos